Modules list:
-------------
game.c.31904.0.o:
    CODE              Offs=000000  Size=004BA4  Align=00001  Fill=0000
    RODATA            Offs=000000  Size=0002AB  Align=00001  Fill=0000
    BSS               Offs=000000  Size=00124A  Align=00001  Fill=0000
    DATA              Offs=000000  Size=000023  Align=00001  Fill=0000
stamp.s.31904.1.o:
    CODE              Offs=004BA4  Size=000157  Align=00001  Fill=0000
    BSS               Offs=00124A  Size=000004  Align=00001  Fill=0000
blit.s.31904.2.o:
    CODE              Offs=004CFB  Size=00020D  Align=00001  Fill=0000
    BSS               Offs=00124E  Size=00000B  Align=00001  Fill=0000
sockets.s.31904.3.o:
    CODE              Offs=004F08  Size=000128  Align=00001  Fill=0000
    BSS               Offs=001259  Size=000005  Align=00001  Fill=0000
D:\Claude\oddballz-c64\vendor\cc65\lib/c64.lib(add.o):
    CODE              Offs=005030  Size=00001C  Align=00001  Fill=0000
D:\Claude\oddballz-c64\vendor\cc65\lib/c64.lib(addeqsp.o):
    CODE              Offs=00504C  Size=000011  Align=00001  Fill=0000
D:\Claude\oddballz-c64\vendor\cc65\lib/c64.lib(addysp.o):
    CODE              Offs=00505D  Size=00000E  Align=00001  Fill=0000
D:\Claude\oddballz-c64\vendor\cc65\lib/c64.lib(aslax2.o):
    CODE              Offs=00506B  Size=00000B  Align=00001  Fill=0000
D:\Claude\oddballz-c64\vendor\cc65\lib/c64.lib(aslax3.o):
    CODE              Offs=005076  Size=00000E  Align=00001  Fill=0000
D:\Claude\oddballz-c64\vendor\cc65\lib/c64.lib(aslax4.o):
    CODE              Offs=005084  Size=000011  Align=00001  Fill=0000
D:\Claude\oddballz-c64\vendor\cc65\lib/c64.lib(asrax1.o):
    CODE              Offs=005095  Size=00000A  Align=00001  Fill=0000
D:\Claude\oddballz-c64\vendor\cc65\lib/c64.lib(asrax2.o):
    CODE              Offs=00509F  Size=00000F  Align=00001  Fill=0000
D:\Claude\oddballz-c64\vendor\cc65\lib/c64.lib(asrax3.o):
    CODE              Offs=0050AE  Size=000014  Align=00001  Fill=0000
D:\Claude\oddballz-c64\vendor\cc65\lib/c64.lib(axlong.o):
    CODE              Offs=0050C2  Size=00000D  Align=00001  Fill=0000
D:\Claude\oddballz-c64\vendor\cc65\lib/c64.lib(callmain.o):
    CODE              Offs=0050CF  Size=000017  Align=00001  Fill=0000
    DATA              Offs=000023  Size=000004  Align=00001  Fill=0000
D:\Claude\oddballz-c64\vendor\cc65\lib/c64.lib(condes.o):
    CODE              Offs=0050E6  Size=00000C  Align=00001  Fill=0000
    DATA              Offs=000027  Size=000025  Align=00001  Fill=0000
    ONCE              Offs=000000  Size=00000C  Align=00001  Fill=0000
D:\Claude\oddballz-c64\vendor\cc65\lib/c64.lib(crt0.o):
    STARTUP           Offs=000000  Size=000033  Align=00001  Fill=0000
    ONCE              Offs=00000C  Size=00001A  Align=00001  Fill=0000
    INIT              Offs=000000  Size=00001C  Align=00001  Fill=0000
D:\Claude\oddballz-c64\vendor\cc65\lib/c64.lib(decsp1.o):
    CODE              Offs=0050F2  Size=000009  Align=00001  Fill=0000
D:\Claude\oddballz-c64\vendor\cc65\lib/c64.lib(decsp2.o):
    CODE              Offs=0050FB  Size=00000D  Align=00001  Fill=0000
D:\Claude\oddballz-c64\vendor\cc65\lib/c64.lib(decsp3.o):
    CODE              Offs=005108  Size=00000D  Align=00001  Fill=0000
D:\Claude\oddballz-c64\vendor\cc65\lib/c64.lib(decsp4.o):
    CODE              Offs=005115  Size=00000D  Align=00001  Fill=0000
D:\Claude\oddballz-c64\vendor\cc65\lib/c64.lib(decsp5.o):
    CODE              Offs=005122  Size=00000D  Align=00001  Fill=0000
D:\Claude\oddballz-c64\vendor\cc65\lib/c64.lib(decsp6.o):
    CODE              Offs=00512F  Size=00000D  Align=00001  Fill=0000
D:\Claude\oddballz-c64\vendor\cc65\lib/c64.lib(decsp7.o):
    CODE              Offs=00513C  Size=00000D  Align=00001  Fill=0000
D:\Claude\oddballz-c64\vendor\cc65\lib/c64.lib(decsp8.o):
    CODE              Offs=005149  Size=00000D  Align=00001  Fill=0000
D:\Claude\oddballz-c64\vendor\cc65\lib/c64.lib(exehdr.o):
    EXEHDR            Offs=000000  Size=00000C  Align=00001  Fill=0000
D:\Claude\oddballz-c64\vendor\cc65\lib/c64.lib(gt.o):
    CODE              Offs=005156  Size=00000A  Align=00001  Fill=0000
D:\Claude\oddballz-c64\vendor\cc65\lib/c64.lib(icmp.o):
    CODE              Offs=005160  Size=00002E  Align=00001  Fill=0000
D:\Claude\oddballz-c64\vendor\cc65\lib/c64.lib(incsp1.o):
    CODE              Offs=00518E  Size=000007  Align=00001  Fill=0000
D:\Claude\oddballz-c64\vendor\cc65\lib/c64.lib(incsp2.o):
    CODE              Offs=005195  Size=000016  Align=00001  Fill=0000
D:\Claude\oddballz-c64\vendor\cc65\lib/c64.lib(incsp3.o):
    CODE              Offs=0051AB  Size=000005  Align=00001  Fill=0000
D:\Claude\oddballz-c64\vendor\cc65\lib/c64.lib(incsp4.o):
    CODE              Offs=0051B0  Size=000005  Align=00001  Fill=0000
D:\Claude\oddballz-c64\vendor\cc65\lib/c64.lib(incsp5.o):
    CODE              Offs=0051B5  Size=000005  Align=00001  Fill=0000
D:\Claude\oddballz-c64\vendor\cc65\lib/c64.lib(incsp6.o):
    CODE              Offs=0051BA  Size=000005  Align=00001  Fill=0000
D:\Claude\oddballz-c64\vendor\cc65\lib/c64.lib(incsp7.o):
    CODE              Offs=0051BF  Size=000005  Align=00001  Fill=0000
D:\Claude\oddballz-c64\vendor\cc65\lib/c64.lib(incsp8.o):
    CODE              Offs=0051C4  Size=000005  Align=00001  Fill=0000
D:\Claude\oddballz-c64\vendor\cc65\lib/c64.lib(kernal.o):
D:\Claude\oddballz-c64\vendor\cc65\lib/c64.lib(lcmp.o):
    CODE              Offs=0051C9  Size=00003B  Align=00001  Fill=0000
D:\Claude\oddballz-c64\vendor\cc65\lib/c64.lib(ldai.o):
    CODE              Offs=005204  Size=00000C  Align=00001  Fill=0000
D:\Claude\oddballz-c64\vendor\cc65\lib/c64.lib(ldeaxysp.o):
    CODE              Offs=005210  Size=000013  Align=00001  Fill=0000
D:\Claude\oddballz-c64\vendor\cc65\lib/c64.lib(lle.o):
    CODE              Offs=005223  Size=000006  Align=00001  Fill=0000
D:\Claude\oddballz-c64\vendor\cc65\lib/c64.lib(lmul.o):
    CODE              Offs=005229  Size=00005C  Align=00001  Fill=0000
D:\Claude\oddballz-c64\vendor\cc65\lib/c64.lib(loadaddr.o):
    LOADADDR          Offs=000000  Size=000002  Align=00001  Fill=0000
D:\Claude\oddballz-c64\vendor\cc65\lib/c64.lib(lpush.o):
    CODE              Offs=005285  Size=000021  Align=00001  Fill=0000
D:\Claude\oddballz-c64\vendor\cc65\lib/c64.lib(lsub.o):
    CODE              Offs=0052A6  Size=000027  Align=00001  Fill=0000
D:\Claude\oddballz-c64\vendor\cc65\lib/c64.lib(lt.o):
    CODE              Offs=0052CD  Size=00000A  Align=00001  Fill=0000
D:\Claude\oddballz-c64\vendor\cc65\lib/c64.lib(ludiv.o):
    CODE              Offs=0052D7  Size=00007A  Align=00001  Fill=0000
D:\Claude\oddballz-c64\vendor\cc65\lib/c64.lib(makebool.o):
    CODE              Offs=005351  Size=00002C  Align=00001  Fill=0000
D:\Claude\oddballz-c64\vendor\cc65\lib/c64.lib(memcpy.o):
    CODE              Offs=00537D  Size=00003C  Align=00001  Fill=0000
D:\Claude\oddballz-c64\vendor\cc65\lib/c64.lib(memset.o):
    CODE              Offs=0053B9  Size=00005D  Align=00001  Fill=0000
D:\Claude\oddballz-c64\vendor\cc65\lib/c64.lib(mul.o):
    CODE              Offs=005416  Size=000045  Align=00001  Fill=0000
D:\Claude\oddballz-c64\vendor\cc65\lib/c64.lib(mul8.o):
    CODE              Offs=00545B  Size=00003A  Align=00001  Fill=0000
D:\Claude\oddballz-c64\vendor\cc65\lib/c64.lib(mulax10.o):
    CODE              Offs=005495  Size=000019  Align=00001  Fill=0000
D:\Claude\oddballz-c64\vendor\cc65\lib/c64.lib(mulax3.o):
    CODE              Offs=0054AE  Size=000011  Align=00001  Fill=0000
D:\Claude\oddballz-c64\vendor\cc65\lib/c64.lib(mulax5.o):
    CODE              Offs=0054BF  Size=000014  Align=00001  Fill=0000
D:\Claude\oddballz-c64\vendor\cc65\lib/c64.lib(negabs.o):
    CODE              Offs=0054D3  Size=000012  Align=00001  Fill=0000
D:\Claude\oddballz-c64\vendor\cc65\lib/c64.lib(or.o):
    CODE              Offs=0054E5  Size=000012  Align=00001  Fill=0000
D:\Claude\oddballz-c64\vendor\cc65\lib/c64.lib(popptr1.o):
    CODE              Offs=0054F7  Size=00000E  Align=00001  Fill=0000
D:\Claude\oddballz-c64\vendor\cc65\lib/c64.lib(pusha.o):
    CODE              Offs=005505  Size=000016  Align=00001  Fill=0000
D:\Claude\oddballz-c64\vendor\cc65\lib/c64.lib(pushax.o):
    CODE              Offs=00551B  Size=00001A  Align=00001  Fill=0000
D:\Claude\oddballz-c64\vendor\cc65\lib/c64.lib(pushwsp.o):
    CODE              Offs=005535  Size=00001C  Align=00001  Fill=0000
D:\Claude\oddballz-c64\vendor\cc65\lib/c64.lib(shl.o):
    CODE              Offs=005551  Size=000033  Align=00001  Fill=0000
D:\Claude\oddballz-c64\vendor\cc65\lib/c64.lib(shrax1.o):
    CODE              Offs=005584  Size=000008  Align=00001  Fill=0000
D:\Claude\oddballz-c64\vendor\cc65\lib/c64.lib(shrax2.o):
    CODE              Offs=00558C  Size=00000B  Align=00001  Fill=0000
D:\Claude\oddballz-c64\vendor\cc65\lib/c64.lib(shrax3.o):
    CODE              Offs=005597  Size=00000E  Align=00001  Fill=0000
D:\Claude\oddballz-c64\vendor\cc65\lib/c64.lib(staspidx.o):
    CODE              Offs=0055A5  Size=000016  Align=00001  Fill=0000
D:\Claude\oddballz-c64\vendor\cc65\lib/c64.lib(staxsp.o):
    CODE              Offs=0055BB  Size=00000B  Align=00001  Fill=0000
D:\Claude\oddballz-c64\vendor\cc65\lib/c64.lib(staxspi.o):
    CODE              Offs=0055C6  Size=00001B  Align=00001  Fill=0000
D:\Claude\oddballz-c64\vendor\cc65\lib/c64.lib(sub.o):
    CODE              Offs=0055E1  Size=000015  Align=00001  Fill=0000
D:\Claude\oddballz-c64\vendor\cc65\lib/c64.lib(subysp.o):
    CODE              Offs=0055F6  Size=00000D  Align=00001  Fill=0000
D:\Claude\oddballz-c64\vendor\cc65\lib/c64.lib(udiv.o):
    CODE              Offs=005603  Size=00004F  Align=00001  Fill=0000
D:\Claude\oddballz-c64\vendor\cc65\lib/c64.lib(umod.o):
    CODE              Offs=005652  Size=000011  Align=00001  Fill=0000
D:\Claude\oddballz-c64\vendor\cc65\lib/c64.lib(zerobss.o):
    CODE              Offs=005663  Size=000023  Align=00001  Fill=0000
D:\Claude\oddballz-c64\vendor\cc65\lib/c64.lib(zeropage.o):
    ZEROPAGE          Offs=000000  Size=00001A  Align=00001  Fill=0000


Segment list:
-------------
Name                   Start     End    Size  Align
----------------------------------------------------
ZEROPAGE              000002  00001B  00001A  00001
LOADADDR              0007FF  000800  000002  00001
EXEHDR                000801  00080C  00000C  00001
STARTUP               00080D  00083F  000033  00001
CODE                  000840  005EC5  005686  00001
RODATA                005EC6  006170  0002AB  00001
DATA                  006171  0061BC  00004C  00001
INIT                  0061BD  0061D8  00001C  00001
BSS                   0061D9  007436  00125E  00001
ONCE                  0061D9  0061FE  000026  00001


Exports list by name:
---------------------
BSOUT                     00FFD2 RLA    _BALL_MASK                006874 RLA    
_EXPAND                   00688A RLA    _ROW_ADDR_HI              006992 RLA    
_ROW_ADDR_LO              0068CA RLA    _ROW_CELL_HI              006B22 RLA    
_ROW_CELL_LO              006A5A RLA    _SM0                      006CAC RLA    
_SM1                      006F7C RLA    _SMANY0                   00724C RLA    
_SMANY1                   0072DC RLA    __BSS_RUN__               0061D9 RLA    
__BSS_SIZE__              00125E REA    __CONSTRUCTOR_COUNT__     000000 REA    
__CONSTRUCTOR_TABLE__     0061FF RLA    __DESTRUCTOR_COUNT__      000000 REA    
__DESTRUCTOR_TABLE__      006171 RLA    __EXEHDR__                000001 REA    
__HEADER_LAST__           00080D RLA    __HIMEM__                 00D000 REA    
__LOADADDR__              000001 REA    __MAIN_SIZE__             00C7F3 REA    
__MAIN_START__            00080D RLA    __ONCE_RUN__              0061D9 RLA    
__STACKSIZE__             000800 REA    __STARTUP__               000001 REA    
___bzero                  005BF9 RLA    _bl_bc                    006BF3 RLA    
_bl_col                   006BF7 RLA    _bl_n                     006BF5 RLA    
_bl_ov                    006BF8 RLA    _bl_rep                   006BF6 RLA    
_bl_src                   006BF9 RLA    _bl_y                     006BF4 RLA    
_blit_col                 005625 RLA    _blit_text1               00553B RLA    
_bt_col                   006BFE RLA    _bt_lcol                  006C00 RLA    
_bt_lead                  006BFF RLA    _bt_lx                    006BFC RLA    
_bt_n                     006BFB RLA    _bt_ov                    006C01 RLA    
_bt_src                   006C02 RLA    _bt_y                     006BFD RLA    
_main                     005151 RLA    _memcpy                   005BBD RLA    
_memset                   005C01 RLA    _socket_row               005748 RLA    
_sr_bc0                   006BEE RLA    _sr_col                   006BF2 RLA    
_sr_n                     006BEF RLA    _sr_slot                  006BF1 RLA    
_sr_y0                    006BF0 RLA    _stamp_ball_asm           0053E4 RLA    
_stamp_bc                 006BEA RLA    _stamp_col                006BEC RLA    
_stamp_slot               006BED RLA    _stamp_y0                 006BEB RLA    
addeq0sp                  00588C RLA    addeqysp                  00588E RLA    
addysp                    00589E RLA    addysp1                   00589D RLA    
aslax2                    0058AB RLA    aslax3                    0058B6 RLA    
aslax4                    0058C4 RLA    asrax1                    0058D5 RLA    
asrax2                    0058DF RLA    asrax3                    0058EE RLA    
axlong                    005902 RLA    booleq                    005B97 RLA    
boolgt                    005BA6 RLA    boolle                    005B9E RLA    
boollt                    005BA0 RLA    boolne                    005B91 RLA    
boolult                   005BB0 RLA    c_sp                      000002 RLZ    
callmain                  00590F RLA    decsp1                    005932 RLA    
decsp2                    00593B RLA    decsp3                    005948 RLA    
decsp4                    005955 RLA    decsp5                    005962 RLA    
decsp6                    00596F RLA    decsp7                    00597C RLA    
decsp8                    005989 RLA    donelib                   005926 RLA    
incsp1                    0059CE RLA    incsp2                    0059DD RLA    
incsp3                    0059EB RLA    incsp4                    0059F0 RLA    
incsp5                    0059F5 RLA    incsp6                    0059FA RLA    
incsp7                    0059FF RLA    incsp8                    005A04 RLA    
initlib                   0061D9 RLA    ldaidx                    005A44 RLA    
ldeaxysp                  005A52 RLA    mul8x16                   005C9D RLA    
mul8x16a                  005CA7 RLA    mulax10                   005CD5 RLA    
mulax3                    005CEE RLA    mulax5                    005CFF RLA    
negax                     005D17 RLA    popax                     0059D5 RLA    
popptr1                   005D37 RLA    ptr1                      00000A RLZ    
ptr2                      00000C RLZ    ptr3                      00000E RLZ    
ptr4                      000010 RLZ    push0                     005D5B RLA    
push0ax                   005AC8 RLA    pusha                     005D49 RLA    
pusha0                    005D5D RLA    pushax                    005D5F RLA    
pusheax                   005ACE RLA    pushw0sp                  005D75 RLA    
pushwysp                  005D77 RLA    regsave                   000006 RLZ    
shlax2                    0058AB RLA    shlax3                    0058B6 RLA    
shlax4                    0058C4 RLA    shlaxy                    005D98 RLA    
shrax1                    005DC4 RLA    shrax2                    005DCC RLA    
shrax3                    005DD7 RLA    sreg                      000004 RLZ    
staspidx                  005DE5 RLA    stax0sp                   005DFB RLA    
staxspidx                 005E06 RLA    staxysp                   005DFD RLA    
subysp                    005E36 RLA    tmp1                      000012 RLZ    
tmp2                      000013 RLZ    tmp3                      000014 RLZ    
tmp4                      000015 RLZ    tosadda0                  005870 RLA    
tosaddax                  005872 RLA    tosaslax                  005D91 RLA    
tosgtax                   00599A RLA    tosicmp                   0059A2 RLA    
toslcmp                   005A09 RLA    tosleeax                  005A63 RLA    
tosltax                   005B11 RLA    tosmula0                  005C9B RLA    
tosmulax                  005C56 RLA    tosmuleax                 005A6F RLA    
tosora0                   005D25 RLA    tossuba0                  005E21 RLA    
tossubax                  005E23 RLA    tossubeax                 005AEC RLA    
tosudiv0ax                005B17 RLA    tosudiva0                 005E43 RLA    
tosudivax                 005E45 RLA    tosumoda0                 005E92 RLA    
tosumodax                 005E94 RLA    tosumul0ax                005A69 RLA    
tosumula0                 005C9B RLA    tosumulax                 005C56 RLA    
udiv16                    005E54 RLA    zerobss                   005EA3 RLA    



Exports list by value:
----------------------
__CONSTRUCTOR_COUNT__     000000 REA    __DESTRUCTOR_COUNT__      000000 REA    
__STARTUP__               000001 REA    __EXEHDR__                000001 REA    
__LOADADDR__              000001 REA    c_sp                      000002 RLZ    
sreg                      000004 RLZ    regsave                   000006 RLZ    
ptr1                      00000A RLZ    ptr2                      00000C RLZ    
ptr3                      00000E RLZ    ptr4                      000010 RLZ    
tmp1                      000012 RLZ    tmp2                      000013 RLZ    
tmp3                      000014 RLZ    tmp4                      000015 RLZ    
__STACKSIZE__             000800 REA    __MAIN_START__            00080D RLA    
__HEADER_LAST__           00080D RLA    __BSS_SIZE__              00125E REA    
_main                     005151 RLA    _stamp_ball_asm           0053E4 RLA    
_blit_text1               00553B RLA    _blit_col                 005625 RLA    
_socket_row               005748 RLA    tosadda0                  005870 RLA    
tosaddax                  005872 RLA    addeq0sp                  00588C RLA    
addeqysp                  00588E RLA    addysp1                   00589D RLA    
addysp                    00589E RLA    aslax2                    0058AB RLA    
shlax2                    0058AB RLA    shlax3                    0058B6 RLA    
aslax3                    0058B6 RLA    aslax4                    0058C4 RLA    
shlax4                    0058C4 RLA    asrax1                    0058D5 RLA    
asrax2                    0058DF RLA    asrax3                    0058EE RLA    
axlong                    005902 RLA    callmain                  00590F RLA    
donelib                   005926 RLA    decsp1                    005932 RLA    
decsp2                    00593B RLA    decsp3                    005948 RLA    
decsp4                    005955 RLA    decsp5                    005962 RLA    
decsp6                    00596F RLA    decsp7                    00597C RLA    
decsp8                    005989 RLA    tosgtax                   00599A RLA    
tosicmp                   0059A2 RLA    incsp1                    0059CE RLA    
popax                     0059D5 RLA    incsp2                    0059DD RLA    
incsp3                    0059EB RLA    incsp4                    0059F0 RLA    
incsp5                    0059F5 RLA    incsp6                    0059FA RLA    
incsp7                    0059FF RLA    incsp8                    005A04 RLA    
toslcmp                   005A09 RLA    ldaidx                    005A44 RLA    
ldeaxysp                  005A52 RLA    tosleeax                  005A63 RLA    
tosumul0ax                005A69 RLA    tosmuleax                 005A6F RLA    
push0ax                   005AC8 RLA    pusheax                   005ACE RLA    
tossubeax                 005AEC RLA    tosltax                   005B11 RLA    
tosudiv0ax                005B17 RLA    boolne                    005B91 RLA    
booleq                    005B97 RLA    boolle                    005B9E RLA    
boollt                    005BA0 RLA    boolgt                    005BA6 RLA    
boolult                   005BB0 RLA    _memcpy                   005BBD RLA    
___bzero                  005BF9 RLA    _memset                   005C01 RLA    
tosmulax                  005C56 RLA    tosumulax                 005C56 RLA    
tosumula0                 005C9B RLA    tosmula0                  005C9B RLA    
mul8x16                   005C9D RLA    mul8x16a                  005CA7 RLA    
mulax10                   005CD5 RLA    mulax3                    005CEE RLA    
mulax5                    005CFF RLA    negax                     005D17 RLA    
tosora0                   005D25 RLA    popptr1                   005D37 RLA    
pusha                     005D49 RLA    push0                     005D5B RLA    
pusha0                    005D5D RLA    pushax                    005D5F RLA    
pushw0sp                  005D75 RLA    pushwysp                  005D77 RLA    
tosaslax                  005D91 RLA    shlaxy                    005D98 RLA    
shrax1                    005DC4 RLA    shrax2                    005DCC RLA    
shrax3                    005DD7 RLA    staspidx                  005DE5 RLA    
stax0sp                   005DFB RLA    staxysp                   005DFD RLA    
staxspidx                 005E06 RLA    tossuba0                  005E21 RLA    
tossubax                  005E23 RLA    subysp                    005E36 RLA    
tosudiva0                 005E43 RLA    tosudivax                 005E45 RLA    
udiv16                    005E54 RLA    tosumoda0                 005E92 RLA    
tosumodax                 005E94 RLA    zerobss                   005EA3 RLA    
__DESTRUCTOR_TABLE__      006171 RLA    __ONCE_RUN__              0061D9 RLA    
__BSS_RUN__               0061D9 RLA    initlib                   0061D9 RLA    
__CONSTRUCTOR_TABLE__     0061FF RLA    _BALL_MASK                006874 RLA    
_EXPAND                   00688A RLA    _ROW_ADDR_LO              0068CA RLA    
_ROW_ADDR_HI              006992 RLA    _ROW_CELL_LO              006A5A RLA    
_ROW_CELL_HI              006B22 RLA    _stamp_bc                 006BEA RLA    
_stamp_y0                 006BEB RLA    _stamp_col                006BEC RLA    
_stamp_slot               006BED RLA    _sr_bc0                   006BEE RLA    
_sr_n                     006BEF RLA    _sr_y0                    006BF0 RLA    
_sr_slot                  006BF1 RLA    _sr_col                   006BF2 RLA    
_bl_bc                    006BF3 RLA    _bl_y                     006BF4 RLA    
_bl_n                     006BF5 RLA    _bl_rep                   006BF6 RLA    
_bl_col                   006BF7 RLA    _bl_ov                    006BF8 RLA    
_bl_src                   006BF9 RLA    _bt_n                     006BFB RLA    
_bt_lx                    006BFC RLA    _bt_y                     006BFD RLA    
_bt_col                   006BFE RLA    _bt_lead                  006BFF RLA    
_bt_lcol                  006C00 RLA    _bt_ov                    006C01 RLA    
_bt_src                   006C02 RLA    _SM0                      006CAC RLA    
_SM1                      006F7C RLA    _SMANY0                   00724C RLA    
_SMANY1                   0072DC RLA    __MAIN_SIZE__             00C7F3 REA    
__HIMEM__                 00D000 REA    BSOUT                     00FFD2 RLA    



Imports list:
-------------
BSOUT (kernal.o):
    crt0.o                    c64/crt0.s:10
_BALL_MASK (game.c.31904.0.o):
    sockets.s.31904.3.o       D:\Claude\oddballz-c64\spikes\common\sockets.s:36
    stamp.s.31904.1.o         D:\Claude\oddballz-c64\spikes\common\stamp.s:25
_EXPAND (game.c.31904.0.o):
    sockets.s.31904.3.o       D:\Claude\oddballz-c64\spikes\common\sockets.s:36
    blit.s.31904.2.o          D:\Claude\oddballz-c64\spikes\common\blit.s:39
    stamp.s.31904.1.o         D:\Claude\oddballz-c64\spikes\common\stamp.s:25
_ROW_ADDR_HI (game.c.31904.0.o):
    sockets.s.31904.3.o       D:\Claude\oddballz-c64\spikes\common\sockets.s:37
    blit.s.31904.2.o          D:\Claude\oddballz-c64\spikes\common\blit.s:40
    stamp.s.31904.1.o         D:\Claude\oddballz-c64\spikes\common\stamp.s:26
_ROW_ADDR_LO (game.c.31904.0.o):
    sockets.s.31904.3.o       D:\Claude\oddballz-c64\spikes\common\sockets.s:37
    blit.s.31904.2.o          D:\Claude\oddballz-c64\spikes\common\blit.s:40
    stamp.s.31904.1.o         D:\Claude\oddballz-c64\spikes\common\stamp.s:26
_ROW_CELL_HI (game.c.31904.0.o):
    sockets.s.31904.3.o       D:\Claude\oddballz-c64\spikes\common\sockets.s:38
    blit.s.31904.2.o          D:\Claude\oddballz-c64\spikes\common\blit.s:41
    stamp.s.31904.1.o         D:\Claude\oddballz-c64\spikes\common\stamp.s:27
_ROW_CELL_LO (game.c.31904.0.o):
    sockets.s.31904.3.o       D:\Claude\oddballz-c64\spikes\common\sockets.s:38
    blit.s.31904.2.o          D:\Claude\oddballz-c64\spikes\common\blit.s:41
    stamp.s.31904.1.o         D:\Claude\oddballz-c64\spikes\common\stamp.s:27
_SM0 (game.c.31904.0.o):
    blit.s.31904.2.o          D:\Claude\oddballz-c64\spikes\common\blit.s:39
_SM1 (game.c.31904.0.o):
    blit.s.31904.2.o          D:\Claude\oddballz-c64\spikes\common\blit.s:39
_SMANY0 (game.c.31904.0.o):
    blit.s.31904.2.o          D:\Claude\oddballz-c64\spikes\common\blit.s:39
_SMANY1 (game.c.31904.0.o):
    blit.s.31904.2.o          D:\Claude\oddballz-c64\spikes\common\blit.s:39
__BSS_RUN__ ([linker generated]):
    zerobss.o                 common/zerobss.s:8
__BSS_SIZE__ ([linker generated]):
    zerobss.o                 common/zerobss.s:8
__CONSTRUCTOR_COUNT__ ([linker generated]):
    condes.o                  runtime/condes.s:18
__CONSTRUCTOR_TABLE__ ([linker generated]):
    condes.o                  runtime/condes.s:18
__DESTRUCTOR_COUNT__ ([linker generated]):
    condes.o                  runtime/condes.s:19
__DESTRUCTOR_TABLE__ ([linker generated]):
    condes.o                  runtime/condes.s:19
__EXEHDR__ (exehdr.o):
    [linker generated]        D:\Claude\oddballz-c64\vendor\cc65\cfg/c64.cfg:6
__HEADER_LAST__ ([linker generated]):
    [linker generated]        D:\Claude\oddballz-c64\vendor\cc65\cfg/c64.cfg:14
    [linker generated]        D:\Claude\oddballz-c64\vendor\cc65\cfg/c64.cfg:14
__HIMEM__ ([linker generated]):
    [linker generated]        D:\Claude\oddballz-c64\vendor\cc65\cfg/c64.cfg:15
    [linker generated]        D:\Claude\oddballz-c64\vendor\cc65\cfg/c64.cfg:14
__LOADADDR__ (loadaddr.o):
    [linker generated]        D:\Claude\oddballz-c64\vendor\cc65\cfg/c64.cfg:5
__MAIN_SIZE__ ([linker generated]):
    crt0.o                    c64/crt0.s:11
__MAIN_START__ ([linker generated]):
    crt0.o                    c64/crt0.s:11
__ONCE_RUN__ ([linker generated]):
    [linker generated]        D:\Claude\oddballz-c64\vendor\cc65\cfg/c64.cfg:15
    [linker generated]        D:\Claude\oddballz-c64\vendor\cc65\cfg/c64.cfg:15
__STACKSIZE__ ([linker generated]):
    [linker generated]        D:\Claude\oddballz-c64\vendor\cc65\cfg/c64.cfg:15
__STARTUP__ (crt0.o):
    game.c.31904.0.o          game.c.31904.0.s:13
___bzero (memset.o):
    game.c.31904.0.o          game.c.31904.0.s:11832
    game.c.31904.0.o          game.c.31904.0.s:11832
_bl_bc (game.c.31904.0.o):
    blit.s.31904.2.o          D:\Claude\oddballz-c64\spikes\common\blit.s:42
_bl_col (game.c.31904.0.o):
    blit.s.31904.2.o          D:\Claude\oddballz-c64\spikes\common\blit.s:42
_bl_n (game.c.31904.0.o):
    blit.s.31904.2.o          D:\Claude\oddballz-c64\spikes\common\blit.s:42
_bl_ov (game.c.31904.0.o):
    blit.s.31904.2.o          D:\Claude\oddballz-c64\spikes\common\blit.s:42
_bl_rep (game.c.31904.0.o):
    blit.s.31904.2.o          D:\Claude\oddballz-c64\spikes\common\blit.s:42
_bl_src (game.c.31904.0.o):
    blit.s.31904.2.o          D:\Claude\oddballz-c64\spikes\common\blit.s:42
_bl_y (game.c.31904.0.o):
    blit.s.31904.2.o          D:\Claude\oddballz-c64\spikes\common\blit.s:42
_blit_col (blit.s.31904.2.o):
    game.c.31904.0.o          game.c.31904.0.s:70
_blit_text1 (blit.s.31904.2.o):
    game.c.31904.0.o          game.c.31904.0.s:79
_bt_col (game.c.31904.0.o):
    blit.s.31904.2.o          D:\Claude\oddballz-c64\spikes\common\blit.s:43
_bt_lcol (game.c.31904.0.o):
    blit.s.31904.2.o          D:\Claude\oddballz-c64\spikes\common\blit.s:43
_bt_lead (game.c.31904.0.o):
    blit.s.31904.2.o          D:\Claude\oddballz-c64\spikes\common\blit.s:43
_bt_lx (game.c.31904.0.o):
    blit.s.31904.2.o          D:\Claude\oddballz-c64\spikes\common\blit.s:43
_bt_n (game.c.31904.0.o):
    blit.s.31904.2.o          D:\Claude\oddballz-c64\spikes\common\blit.s:43
_bt_ov (game.c.31904.0.o):
    blit.s.31904.2.o          D:\Claude\oddballz-c64\spikes\common\blit.s:43
_bt_src (game.c.31904.0.o):
    blit.s.31904.2.o          D:\Claude\oddballz-c64\spikes\common\blit.s:43
_bt_y (game.c.31904.0.o):
    blit.s.31904.2.o          D:\Claude\oddballz-c64\spikes\common\blit.s:43
_main (game.c.31904.0.o):
    callmain.o                runtime/callmain.s:11
_memcpy (memcpy.o):
    game.c.31904.0.o          game.c.31904.0.s:14
_memset (memset.o):
    game.c.31904.0.o          game.c.31904.0.s:15
_socket_row (sockets.s.31904.3.o):
    game.c.31904.0.o          game.c.31904.0.s:62
_sr_bc0 (game.c.31904.0.o):
    sockets.s.31904.3.o       D:\Claude\oddballz-c64\spikes\common\sockets.s:39
_sr_col (game.c.31904.0.o):
    sockets.s.31904.3.o       D:\Claude\oddballz-c64\spikes\common\sockets.s:39
_sr_n (game.c.31904.0.o):
    sockets.s.31904.3.o       D:\Claude\oddballz-c64\spikes\common\sockets.s:39
_sr_slot (game.c.31904.0.o):
    sockets.s.31904.3.o       D:\Claude\oddballz-c64\spikes\common\sockets.s:39
_sr_y0 (game.c.31904.0.o):
    sockets.s.31904.3.o       D:\Claude\oddballz-c64\spikes\common\sockets.s:39
_stamp_ball_asm (stamp.s.31904.1.o):
    game.c.31904.0.o          game.c.31904.0.s:56
_stamp_bc (game.c.31904.0.o):
    stamp.s.31904.1.o         D:\Claude\oddballz-c64\spikes\common\stamp.s:28
_stamp_col (game.c.31904.0.o):
    stamp.s.31904.1.o         D:\Claude\oddballz-c64\spikes\common\stamp.s:28
_stamp_slot (game.c.31904.0.o):
    stamp.s.31904.1.o         D:\Claude\oddballz-c64\spikes\common\stamp.s:28
_stamp_y0 (game.c.31904.0.o):
    stamp.s.31904.1.o         D:\Claude\oddballz-c64\spikes\common\stamp.s:28
addeq0sp (addeqsp.o):
    game.c.31904.0.o          game.c.31904.0.s:11832
    game.c.31904.0.o          game.c.31904.0.s:11832
addeqysp (addeqsp.o):
    game.c.31904.0.o          game.c.31904.0.s:11832
    game.c.31904.0.o          game.c.31904.0.s:11832
    game.c.31904.0.o          game.c.31904.0.s:11832
addysp (addysp.o):
    incsp8.o                  runtime/incsp8.s:8
    incsp7.o                  runtime/incsp7.s:8
    incsp6.o                  runtime/incsp6.s:8
    incsp5.o                  runtime/incsp5.s:8
    incsp4.o                  runtime/incsp4.s:8
    incsp3.o                  runtime/incsp3.s:8
    game.c.31904.0.o          game.c.31904.0.s:11832
    game.c.31904.0.o          game.c.31904.0.s:11832
    game.c.31904.0.o          game.c.31904.0.s:11832
    game.c.31904.0.o          game.c.31904.0.s:11832
    game.c.31904.0.o          game.c.31904.0.s:11832
    game.c.31904.0.o          game.c.31904.0.s:11832
    game.c.31904.0.o          game.c.31904.0.s:11832
    game.c.31904.0.o          game.c.31904.0.s:11832
    game.c.31904.0.o          game.c.31904.0.s:11832
    game.c.31904.0.o          game.c.31904.0.s:11832
    game.c.31904.0.o          game.c.31904.0.s:11832
    game.c.31904.0.o          game.c.31904.0.s:11832
    game.c.31904.0.o          game.c.31904.0.s:11832
addysp1 (addysp.o):
    sub.o                     runtime/sub.s:8
    or.o                      runtime/or.s:9
    ludiv.o                   runtime/ludiv.s:9
    lsub.o                    runtime/lsub.s:11
    lmul.o                    runtime/lmul.s:9
aslax2 (aslax2.o):
    game.c.31904.0.o          game.c.31904.0.s:11832
    game.c.31904.0.o          game.c.31904.0.s:11832
    game.c.31904.0.o          game.c.31904.0.s:11832
    game.c.31904.0.o          game.c.31904.0.s:11832
aslax3 (aslax3.o):
    game.c.31904.0.o          game.c.31904.0.s:11832
    game.c.31904.0.o          game.c.31904.0.s:11832
    game.c.31904.0.o          game.c.31904.0.s:11832
    game.c.31904.0.o          game.c.31904.0.s:11832
aslax4 (aslax4.o):
    game.c.31904.0.o          game.c.31904.0.s:11832
asrax1 (asrax1.o):
    game.c.31904.0.o          game.c.31904.0.s:11832
    game.c.31904.0.o          game.c.31904.0.s:11832
    game.c.31904.0.o          game.c.31904.0.s:11832
    game.c.31904.0.o          game.c.31904.0.s:11832
    game.c.31904.0.o          game.c.31904.0.s:11832
    game.c.31904.0.o          game.c.31904.0.s:11832
    game.c.31904.0.o          game.c.31904.0.s:11832
    game.c.31904.0.o          game.c.31904.0.s:11832
asrax2 (asrax2.o):
    game.c.31904.0.o          game.c.31904.0.s:11832
    game.c.31904.0.o          game.c.31904.0.s:11832
    game.c.31904.0.o          game.c.31904.0.s:11832
    game.c.31904.0.o          game.c.31904.0.s:11832
    game.c.31904.0.o          game.c.31904.0.s:11832
asrax3 (asrax3.o):
    game.c.31904.0.o          game.c.31904.0.s:11832
axlong (axlong.o):
    game.c.31904.0.o          game.c.31904.0.s:11832
booleq (makebool.o):
    game.c.31904.0.o          game.c.31904.0.s:11832
boolgt (makebool.o):
    gt.o                      runtime/gt.s:8
boolle (makebool.o):
    lle.o                     runtime/lle.s:8
boollt (makebool.o):
    lt.o                      runtime/lt.s:8
boolne (makebool.o):
    game.c.31904.0.o          game.c.31904.0.s:11832
boolult (makebool.o):
    game.c.31904.0.o          game.c.31904.0.s:11832
    game.c.31904.0.o          game.c.31904.0.s:11832
    game.c.31904.0.o          game.c.31904.0.s:11832
    game.c.31904.0.o          game.c.31904.0.s:11832
    game.c.31904.0.o          game.c.31904.0.s:11832
    game.c.31904.0.o          game.c.31904.0.s:11832
    game.c.31904.0.o          game.c.31904.0.s:11832
    game.c.31904.0.o          game.c.31904.0.s:11832
c_sp (zeropage.o):
    lcmp.o                    runtime/lcmp.s:10
    subysp.o                  runtime/subysp.s:9
    sub.o                     runtime/sub.s:9
    staxspi.o                 runtime/staxspi.s:10
    staxsp.o                  runtime/staxsp.s:8
    staspidx.o                runtime/staspidx.s:9
    pushwsp.o                 runtime/pushwsp.s:8
    pushax.o                  runtime/pushax.s:8
    pusha.o                   runtime/pusha.s:8
    popptr1.o                 runtime/popptr1.s:9
    or.o                      runtime/or.s:10
    memset.o                  common/memset.s:20
    memcpy.o                  common/memcpy.s:15
    ludiv.o                   runtime/ludiv.s:10
    lsub.o                    runtime/lsub.s:12
    lpush.o                   runtime/lpush.s:13
    lmul.o                    runtime/lmul.s:10
    ldeaxysp.o                runtime/ldeaxysp.s:12
    incsp2.o                  runtime/incsp2.s:8
    incsp1.o                  runtime/incsp1.s:8
    icmp.o                    runtime/icmp.s:9
    decsp8.o                  runtime/decsp8.s:8
    decsp7.o                  runtime/decsp7.s:8
    decsp6.o                  runtime/decsp6.s:8
    decsp5.o                  runtime/decsp5.s:8
    decsp4.o                  runtime/decsp4.s:8
    decsp3.o                  runtime/decsp3.s:8
    decsp2.o                  runtime/decsp2.s:8
    decsp1.o                  runtime/decsp1.s:8
    crt0.o                    /home/runner/work/cc65/cc65/asminc/zeropage.inc:11
    addysp.o                  runtime/addysp.s:8
    addeqsp.o                 runtime/addeqsp.s:8
    add.o                     runtime/add.s:12
    game.c.31904.0.o          game.c.31904.0.s:10
callmain (callmain.o):
    crt0.o                    c64/crt0.s:9
decsp1 (decsp1.o):
    game.c.31904.0.o          game.c.31904.0.s:11832
    game.c.31904.0.o          game.c.31904.0.s:11832
    game.c.31904.0.o          game.c.31904.0.s:11832
    game.c.31904.0.o          game.c.31904.0.s:11832
    game.c.31904.0.o          game.c.31904.0.s:11832
    game.c.31904.0.o          game.c.31904.0.s:11832
    game.c.31904.0.o          game.c.31904.0.s:11832
    game.c.31904.0.o          game.c.31904.0.s:11832
    game.c.31904.0.o          game.c.31904.0.s:11832
    game.c.31904.0.o          game.c.31904.0.s:11832
    game.c.31904.0.o          game.c.31904.0.s:11832
    game.c.31904.0.o          game.c.31904.0.s:11832
    game.c.31904.0.o          game.c.31904.0.s:11832
    game.c.31904.0.o          game.c.31904.0.s:11832
    game.c.31904.0.o          game.c.31904.0.s:11832
    game.c.31904.0.o          game.c.31904.0.s:11832
    game.c.31904.0.o          game.c.31904.0.s:11832
    game.c.31904.0.o          game.c.31904.0.s:11832
    game.c.31904.0.o          game.c.31904.0.s:11832
    game.c.31904.0.o          game.c.31904.0.s:11832
decsp2 (decsp2.o):
    game.c.31904.0.o          game.c.31904.0.s:11832
    game.c.31904.0.o          game.c.31904.0.s:11832
    game.c.31904.0.o          game.c.31904.0.s:11832
    game.c.31904.0.o          game.c.31904.0.s:11832
    game.c.31904.0.o          game.c.31904.0.s:11832
    game.c.31904.0.o          game.c.31904.0.s:11832
    game.c.31904.0.o          game.c.31904.0.s:11832
    game.c.31904.0.o          game.c.31904.0.s:11832
    game.c.31904.0.o          game.c.31904.0.s:11832
    game.c.31904.0.o          game.c.31904.0.s:11832
    game.c.31904.0.o          game.c.31904.0.s:11832
    game.c.31904.0.o          game.c.31904.0.s:11832
decsp3 (decsp3.o):
    game.c.31904.0.o          game.c.31904.0.s:11832
    game.c.31904.0.o          game.c.31904.0.s:11832
    game.c.31904.0.o          game.c.31904.0.s:11832
    game.c.31904.0.o          game.c.31904.0.s:11832
    game.c.31904.0.o          game.c.31904.0.s:11832
    game.c.31904.0.o          game.c.31904.0.s:11832
    game.c.31904.0.o          game.c.31904.0.s:11832
    game.c.31904.0.o          game.c.31904.0.s:11832
    game.c.31904.0.o          game.c.31904.0.s:11832
    game.c.31904.0.o          game.c.31904.0.s:11832
decsp4 (decsp4.o):
    lpush.o                   runtime/lpush.s:12
    game.c.31904.0.o          game.c.31904.0.s:11832
    game.c.31904.0.o          game.c.31904.0.s:11832
    game.c.31904.0.o          game.c.31904.0.s:11832
    game.c.31904.0.o          game.c.31904.0.s:11832
    game.c.31904.0.o          game.c.31904.0.s:11832
decsp5 (decsp5.o):
    game.c.31904.0.o          game.c.31904.0.s:11832
    game.c.31904.0.o          game.c.31904.0.s:11832
    game.c.31904.0.o          game.c.31904.0.s:11832
    game.c.31904.0.o          game.c.31904.0.s:11832
    game.c.31904.0.o          game.c.31904.0.s:11832
    game.c.31904.0.o          game.c.31904.0.s:11832
decsp6 (decsp6.o):
    game.c.31904.0.o          game.c.31904.0.s:11832
    game.c.31904.0.o          game.c.31904.0.s:11832
    game.c.31904.0.o          game.c.31904.0.s:11832
    game.c.31904.0.o          game.c.31904.0.s:11832
    game.c.31904.0.o          game.c.31904.0.s:11832
    game.c.31904.0.o          game.c.31904.0.s:11832
    game.c.31904.0.o          game.c.31904.0.s:11832
    game.c.31904.0.o          game.c.31904.0.s:11832
    game.c.31904.0.o          game.c.31904.0.s:11832
    game.c.31904.0.o          game.c.31904.0.s:11832
    game.c.31904.0.o          game.c.31904.0.s:11832
    game.c.31904.0.o          game.c.31904.0.s:11832
decsp7 (decsp7.o):
    game.c.31904.0.o          game.c.31904.0.s:11832
    game.c.31904.0.o          game.c.31904.0.s:11832
decsp8 (decsp8.o):
    game.c.31904.0.o          game.c.31904.0.s:11832
    game.c.31904.0.o          game.c.31904.0.s:11832
donelib (condes.o):
    crt0.o                    c64/crt0.s:8
incsp1 (incsp1.o):
    game.c.31904.0.o          game.c.31904.0.s:11832
    game.c.31904.0.o          game.c.31904.0.s:11832
    game.c.31904.0.o          game.c.31904.0.s:11832
    game.c.31904.0.o          game.c.31904.0.s:11832
    game.c.31904.0.o          game.c.31904.0.s:11832
    game.c.31904.0.o          game.c.31904.0.s:11832
    game.c.31904.0.o          game.c.31904.0.s:11832
    game.c.31904.0.o          game.c.31904.0.s:11832
    game.c.31904.0.o          game.c.31904.0.s:11832
    game.c.31904.0.o          game.c.31904.0.s:11832
    game.c.31904.0.o          game.c.31904.0.s:11832
    game.c.31904.0.o          game.c.31904.0.s:11832
    game.c.31904.0.o          game.c.31904.0.s:11832
    game.c.31904.0.o          game.c.31904.0.s:11832
    game.c.31904.0.o          game.c.31904.0.s:11832
    game.c.31904.0.o          game.c.31904.0.s:11832
    game.c.31904.0.o          game.c.31904.0.s:11832
    game.c.31904.0.o          game.c.31904.0.s:11832
    game.c.31904.0.o          game.c.31904.0.s:11832
    game.c.31904.0.o          game.c.31904.0.s:11832
    game.c.31904.0.o          game.c.31904.0.s:11832
    game.c.31904.0.o          game.c.31904.0.s:11832
incsp2 (incsp2.o):
    staxspi.o                 runtime/staxspi.s:9
    staspidx.o                runtime/staspidx.s:8
    popptr1.o                 runtime/popptr1.s:8
    game.c.31904.0.o          game.c.31904.0.s:11832
    game.c.31904.0.o          game.c.31904.0.s:11832
    game.c.31904.0.o          game.c.31904.0.s:11832
    game.c.31904.0.o          game.c.31904.0.s:11832
    game.c.31904.0.o          game.c.31904.0.s:11832
    game.c.31904.0.o          game.c.31904.0.s:11832
    game.c.31904.0.o          game.c.31904.0.s:11832
    game.c.31904.0.o          game.c.31904.0.s:11832
    game.c.31904.0.o          game.c.31904.0.s:11832
    game.c.31904.0.o          game.c.31904.0.s:11832
    game.c.31904.0.o          game.c.31904.0.s:11832
    game.c.31904.0.o          game.c.31904.0.s:11832
    game.c.31904.0.o          game.c.31904.0.s:11832
    game.c.31904.0.o          game.c.31904.0.s:11832
    game.c.31904.0.o          game.c.31904.0.s:11832
    game.c.31904.0.o          game.c.31904.0.s:11832
    game.c.31904.0.o          game.c.31904.0.s:11832
    game.c.31904.0.o          game.c.31904.0.s:11832
    game.c.31904.0.o          game.c.31904.0.s:11832
    game.c.31904.0.o          game.c.31904.0.s:11832
    game.c.31904.0.o          game.c.31904.0.s:11832
    game.c.31904.0.o          game.c.31904.0.s:11832
    game.c.31904.0.o          game.c.31904.0.s:11832
    game.c.31904.0.o          game.c.31904.0.s:11832
incsp3 (incsp3.o):
    game.c.31904.0.o          game.c.31904.0.s:11832
    game.c.31904.0.o          game.c.31904.0.s:11832
    game.c.31904.0.o          game.c.31904.0.s:11832
    game.c.31904.0.o          game.c.31904.0.s:11832
    game.c.31904.0.o          game.c.31904.0.s:11832
    game.c.31904.0.o          game.c.31904.0.s:11832
    game.c.31904.0.o          game.c.31904.0.s:11832
    game.c.31904.0.o          game.c.31904.0.s:11832
    game.c.31904.0.o          game.c.31904.0.s:11832
    game.c.31904.0.o          game.c.31904.0.s:11832
    game.c.31904.0.o          game.c.31904.0.s:11832
    game.c.31904.0.o          game.c.31904.0.s:11832
incsp4 (incsp4.o):
    lcmp.o                    runtime/lcmp.s:9
    game.c.31904.0.o          game.c.31904.0.s:11832
    game.c.31904.0.o          game.c.31904.0.s:11832
    game.c.31904.0.o          game.c.31904.0.s:11832
    game.c.31904.0.o          game.c.31904.0.s:11832
    game.c.31904.0.o          game.c.31904.0.s:11832
    game.c.31904.0.o          game.c.31904.0.s:11832
    game.c.31904.0.o          game.c.31904.0.s:11832
    game.c.31904.0.o          game.c.31904.0.s:11832
incsp5 (incsp5.o):
    game.c.31904.0.o          game.c.31904.0.s:11832
    game.c.31904.0.o          game.c.31904.0.s:11832
incsp6 (incsp6.o):
    game.c.31904.0.o          game.c.31904.0.s:11832
    game.c.31904.0.o          game.c.31904.0.s:11832
    game.c.31904.0.o          game.c.31904.0.s:11832
    game.c.31904.0.o          game.c.31904.0.s:11832
    game.c.31904.0.o          game.c.31904.0.s:11832
incsp7 (incsp7.o):
    game.c.31904.0.o          game.c.31904.0.s:11832
    game.c.31904.0.o          game.c.31904.0.s:11832
    game.c.31904.0.o          game.c.31904.0.s:11832
    game.c.31904.0.o          game.c.31904.0.s:11832
    game.c.31904.0.o          game.c.31904.0.s:11832
    game.c.31904.0.o          game.c.31904.0.s:11832
    game.c.31904.0.o          game.c.31904.0.s:11832
incsp8 (incsp8.o):
    game.c.31904.0.o          game.c.31904.0.s:11832
    game.c.31904.0.o          game.c.31904.0.s:11832
initlib (condes.o):
    crt0.o                    c64/crt0.s:8
ldaidx (ldai.o):
    game.c.31904.0.o          game.c.31904.0.s:11832
    game.c.31904.0.o          game.c.31904.0.s:11832
    game.c.31904.0.o          game.c.31904.0.s:11832
    game.c.31904.0.o          game.c.31904.0.s:11832
    game.c.31904.0.o          game.c.31904.0.s:11832
    game.c.31904.0.o          game.c.31904.0.s:11832
    game.c.31904.0.o          game.c.31904.0.s:11832
    game.c.31904.0.o          game.c.31904.0.s:11832
    game.c.31904.0.o          game.c.31904.0.s:11832
    game.c.31904.0.o          game.c.31904.0.s:11832
    game.c.31904.0.o          game.c.31904.0.s:11832
    game.c.31904.0.o          game.c.31904.0.s:11832
    game.c.31904.0.o          game.c.31904.0.s:11832
    game.c.31904.0.o          game.c.31904.0.s:11832
ldeaxysp (ldeaxysp.o):
    game.c.31904.0.o          game.c.31904.0.s:11832
mul8x16 (mul8.o):
    mul.o                     runtime/mul.s:8
mul8x16a (mul8.o):
    mul.o                     runtime/mul.s:8
mulax10 (mulax10.o):
    game.c.31904.0.o          game.c.31904.0.s:11832
    game.c.31904.0.o          game.c.31904.0.s:11832
    game.c.31904.0.o          game.c.31904.0.s:11832
    game.c.31904.0.o          game.c.31904.0.s:11832
    game.c.31904.0.o          game.c.31904.0.s:11832
mulax3 (mulax3.o):
    game.c.31904.0.o          game.c.31904.0.s:11832
    game.c.31904.0.o          game.c.31904.0.s:11832
    game.c.31904.0.o          game.c.31904.0.s:11832
mulax5 (mulax5.o):
    game.c.31904.0.o          game.c.31904.0.s:11832
    game.c.31904.0.o          game.c.31904.0.s:11832
    game.c.31904.0.o          game.c.31904.0.s:11832
    game.c.31904.0.o          game.c.31904.0.s:11832
negax (negabs.o):
    game.c.31904.0.o          game.c.31904.0.s:11832
    game.c.31904.0.o          game.c.31904.0.s:11832
popax (incsp2.o):
    shl.o                     runtime/shl.s:15
    memset.o                  common/memset.s:19
    memcpy.o                  common/memcpy.s:14
popptr1 (popptr1.o):
    umod.o                    runtime/umod.s:8
    udiv.o                    runtime/udiv.s:9
    mul8.o                    runtime/mul8.s:9
    mul.o                     runtime/mul.s:9
    memcpy.o                  common/memcpy.s:14
ptr1 (zeropage.o):
    lcmp.o                    runtime/lcmp.s:10
    zerobss.o                 common/zerobss.s:9
    udiv.o                    runtime/udiv.s:10
    staxspi.o                 runtime/staxspi.s:10
    staspidx.o                runtime/staspidx.s:9
    popptr1.o                 runtime/popptr1.s:9
    mulax5.o                  runtime/mulax5.s:9
    mulax3.o                  runtime/mulax3.s:9
    mulax10.o                 runtime/mulax10.s:9
    mul8.o                    runtime/mul8.s:10
    mul.o                     runtime/mul.s:10
    memset.o                  common/memset.s:20
    memcpy.o                  common/memcpy.s:15
    ludiv.o                   runtime/ludiv.s:10
    lmul.o                    runtime/lmul.s:10
    ldai.o                    runtime/ldai.s:8
    sockets.s.31904.3.o       D:\Claude\oddballz-c64\vendor\cc65\asminc/zeropage.inc:12
    blit.s.31904.2.o          D:\Claude\oddballz-c64\vendor\cc65\asminc/zeropage.inc:12
    stamp.s.31904.1.o         D:\Claude\oddballz-c64\vendor\cc65\asminc/zeropage.inc:12
    game.c.31904.0.o          game.c.31904.0.s:11
ptr2 (zeropage.o):
    memset.o                  common/memset.s:20
    memcpy.o                  common/memcpy.s:15
    ludiv.o                   runtime/ludiv.s:10
    sockets.s.31904.3.o       D:\Claude\oddballz-c64\vendor\cc65\asminc/zeropage.inc:12
    blit.s.31904.2.o          D:\Claude\oddballz-c64\vendor\cc65\asminc/zeropage.inc:12
    stamp.s.31904.1.o         D:\Claude\oddballz-c64\vendor\cc65\asminc/zeropage.inc:12
    game.c.31904.0.o          game.c.31904.0.s:11
ptr3 (zeropage.o):
    memset.o                  common/memset.s:20
    memcpy.o                  common/memcpy.s:15
    ludiv.o                   runtime/ludiv.s:10
    lmul.o                    runtime/lmul.s:10
    blit.s.31904.2.o          D:\Claude\oddballz-c64\vendor\cc65\asminc/zeropage.inc:12
    stamp.s.31904.1.o         D:\Claude\oddballz-c64\vendor\cc65\asminc/zeropage.inc:12
ptr4 (zeropage.o):
    umod.o                    runtime/umod.s:9
    udiv.o                    runtime/udiv.s:10
    mul8.o                    runtime/mul8.s:10
    mul.o                     runtime/mul.s:10
    ludiv.o                   runtime/ludiv.s:10
    lmul.o                    runtime/lmul.s:10
    blit.s.31904.2.o          D:\Claude\oddballz-c64\vendor\cc65\asminc/zeropage.inc:12
    stamp.s.31904.1.o         D:\Claude\oddballz-c64\vendor\cc65\asminc/zeropage.inc:12
push0 (pushax.o):
    game.c.31904.0.o          game.c.31904.0.s:11832
    game.c.31904.0.o          game.c.31904.0.s:11832
push0ax (lpush.o):
    game.c.31904.0.o          game.c.31904.0.s:11832
pusha (pusha.o):
    game.c.31904.0.o          game.c.31904.0.s:11832
    game.c.31904.0.o          game.c.31904.0.s:11832
    game.c.31904.0.o          game.c.31904.0.s:11832
    game.c.31904.0.o          game.c.31904.0.s:11832
    game.c.31904.0.o          game.c.31904.0.s:11832
    game.c.31904.0.o          game.c.31904.0.s:11832
    game.c.31904.0.o          game.c.31904.0.s:11832
    game.c.31904.0.o          game.c.31904.0.s:11832
    game.c.31904.0.o          game.c.31904.0.s:11832
    game.c.31904.0.o          game.c.31904.0.s:11832
    game.c.31904.0.o          game.c.31904.0.s:11832
    game.c.31904.0.o          game.c.31904.0.s:11832
    game.c.31904.0.o          game.c.31904.0.s:11832
    game.c.31904.0.o          game.c.31904.0.s:11832
    game.c.31904.0.o          game.c.31904.0.s:11832
    game.c.31904.0.o          game.c.31904.0.s:11832
    game.c.31904.0.o          game.c.31904.0.s:11832
    game.c.31904.0.o          game.c.31904.0.s:11832
    game.c.31904.0.o          game.c.31904.0.s:11832
    game.c.31904.0.o          game.c.31904.0.s:11832
    game.c.31904.0.o          game.c.31904.0.s:11832
    game.c.31904.0.o          game.c.31904.0.s:11832
    game.c.31904.0.o          game.c.31904.0.s:11832
    game.c.31904.0.o          game.c.31904.0.s:11832
    game.c.31904.0.o          game.c.31904.0.s:11832
    game.c.31904.0.o          game.c.31904.0.s:11832
    game.c.31904.0.o          game.c.31904.0.s:11832
    game.c.31904.0.o          game.c.31904.0.s:11832
    game.c.31904.0.o          game.c.31904.0.s:11832
    game.c.31904.0.o          game.c.31904.0.s:11832
    game.c.31904.0.o          game.c.31904.0.s:11832
    game.c.31904.0.o          game.c.31904.0.s:11832
    game.c.31904.0.o          game.c.31904.0.s:11832
    game.c.31904.0.o          game.c.31904.0.s:11832
    game.c.31904.0.o          game.c.31904.0.s:11832
    game.c.31904.0.o          game.c.31904.0.s:11832
    game.c.31904.0.o          game.c.31904.0.s:11832
    game.c.31904.0.o          game.c.31904.0.s:11832
    game.c.31904.0.o          game.c.31904.0.s:11832
    game.c.31904.0.o          game.c.31904.0.s:11832
    game.c.31904.0.o          game.c.31904.0.s:11832
    game.c.31904.0.o          game.c.31904.0.s:11832
    game.c.31904.0.o          game.c.31904.0.s:11832
    game.c.31904.0.o          game.c.31904.0.s:11832
    game.c.31904.0.o          game.c.31904.0.s:11832
    game.c.31904.0.o          game.c.31904.0.s:11832
    game.c.31904.0.o          game.c.31904.0.s:11832
    game.c.31904.0.o          game.c.31904.0.s:11832
pusha0 (pushax.o):
    game.c.31904.0.o          game.c.31904.0.s:11832
    game.c.31904.0.o          game.c.31904.0.s:11832
    game.c.31904.0.o          game.c.31904.0.s:11832
    game.c.31904.0.o          game.c.31904.0.s:11832
    game.c.31904.0.o          game.c.31904.0.s:11832
    game.c.31904.0.o          game.c.31904.0.s:11832
    game.c.31904.0.o          game.c.31904.0.s:11832
    game.c.31904.0.o          game.c.31904.0.s:11832
    game.c.31904.0.o          game.c.31904.0.s:11832
    game.c.31904.0.o          game.c.31904.0.s:11832
    game.c.31904.0.o          game.c.31904.0.s:11832
    game.c.31904.0.o          game.c.31904.0.s:11832
pushax (pushax.o):
    callmain.o                runtime/callmain.s:11
    game.c.31904.0.o          game.c.31904.0.s:11832
    game.c.31904.0.o          game.c.31904.0.s:11832
    game.c.31904.0.o          game.c.31904.0.s:11832
    game.c.31904.0.o          game.c.31904.0.s:11832
    game.c.31904.0.o          game.c.31904.0.s:11832
    game.c.31904.0.o          game.c.31904.0.s:11832
    game.c.31904.0.o          game.c.31904.0.s:11832
    game.c.31904.0.o          game.c.31904.0.s:11832
    game.c.31904.0.o          game.c.31904.0.s:11832
    game.c.31904.0.o          game.c.31904.0.s:11832
    game.c.31904.0.o          game.c.31904.0.s:11832
    game.c.31904.0.o          game.c.31904.0.s:11832
    game.c.31904.0.o          game.c.31904.0.s:11832
    game.c.31904.0.o          game.c.31904.0.s:11832
    game.c.31904.0.o          game.c.31904.0.s:11832
    game.c.31904.0.o          game.c.31904.0.s:11832
    game.c.31904.0.o          game.c.31904.0.s:11832
    game.c.31904.0.o          game.c.31904.0.s:11832
    game.c.31904.0.o          game.c.31904.0.s:11832
    game.c.31904.0.o          game.c.31904.0.s:11832
    game.c.31904.0.o          game.c.31904.0.s:11832
    game.c.31904.0.o          game.c.31904.0.s:11832
    game.c.31904.0.o          game.c.31904.0.s:11832
    game.c.31904.0.o          game.c.31904.0.s:11832
    game.c.31904.0.o          game.c.31904.0.s:11832
    game.c.31904.0.o          game.c.31904.0.s:11832
    game.c.31904.0.o          game.c.31904.0.s:11832
    game.c.31904.0.o          game.c.31904.0.s:11832
    game.c.31904.0.o          game.c.31904.0.s:11832
    game.c.31904.0.o          game.c.31904.0.s:11832
    game.c.31904.0.o          game.c.31904.0.s:11832
    game.c.31904.0.o          game.c.31904.0.s:11832
    game.c.31904.0.o          game.c.31904.0.s:11832
    game.c.31904.0.o          game.c.31904.0.s:11832
    game.c.31904.0.o          game.c.31904.0.s:11832
pusheax (lpush.o):
    game.c.31904.0.o          game.c.31904.0.s:11832
    game.c.31904.0.o          game.c.31904.0.s:11832
pushw0sp (pushwsp.o):
    game.c.31904.0.o          game.c.31904.0.s:11832
pushwysp (pushwsp.o):
    game.c.31904.0.o          game.c.31904.0.s:11832
    game.c.31904.0.o          game.c.31904.0.s:11832
    game.c.31904.0.o          game.c.31904.0.s:11832
    game.c.31904.0.o          game.c.31904.0.s:11832
    game.c.31904.0.o          game.c.31904.0.s:11832
    game.c.31904.0.o          game.c.31904.0.s:11832
    game.c.31904.0.o          game.c.31904.0.s:11832
    game.c.31904.0.o          game.c.31904.0.s:11832
    game.c.31904.0.o          game.c.31904.0.s:11832
regsave (zeropage.o):
    game.c.31904.0.o          game.c.31904.0.s:10
shlax2 (aslax2.o):
    game.c.31904.0.o          game.c.31904.0.s:11832
    game.c.31904.0.o          game.c.31904.0.s:11832
    game.c.31904.0.o          game.c.31904.0.s:11832
    game.c.31904.0.o          game.c.31904.0.s:11832
    game.c.31904.0.o          game.c.31904.0.s:11832
shlax3 (aslax3.o):
    game.c.31904.0.o          game.c.31904.0.s:11832
    game.c.31904.0.o          game.c.31904.0.s:11832
    game.c.31904.0.o          game.c.31904.0.s:11832
shlax4 (aslax4.o):
    game.c.31904.0.o          game.c.31904.0.s:11832
    game.c.31904.0.o          game.c.31904.0.s:11832
    game.c.31904.0.o          game.c.31904.0.s:11832
    game.c.31904.0.o          game.c.31904.0.s:11832
    game.c.31904.0.o          game.c.31904.0.s:11832
    game.c.31904.0.o          game.c.31904.0.s:11832
    game.c.31904.0.o          game.c.31904.0.s:11832
    game.c.31904.0.o          game.c.31904.0.s:11832
    game.c.31904.0.o          game.c.31904.0.s:11832
    game.c.31904.0.o          game.c.31904.0.s:11832
    game.c.31904.0.o          game.c.31904.0.s:11832
    game.c.31904.0.o          game.c.31904.0.s:11832
    game.c.31904.0.o          game.c.31904.0.s:11832
shlaxy (shl.o):
    game.c.31904.0.o          game.c.31904.0.s:11832
shrax1 (shrax1.o):
    game.c.31904.0.o          game.c.31904.0.s:11832
shrax2 (shrax2.o):
    game.c.31904.0.o          game.c.31904.0.s:11832
shrax3 (shrax3.o):
    game.c.31904.0.o          game.c.31904.0.s:11832
sreg (zeropage.o):
    lcmp.o                    runtime/lcmp.s:10
    umod.o                    runtime/umod.s:9
    udiv.o                    runtime/udiv.s:10
    ludiv.o                   runtime/ludiv.s:10
    lsub.o                    runtime/lsub.s:12
    lpush.o                   runtime/lpush.s:13
    lmul.o                    runtime/lmul.s:10
    ldeaxysp.o                runtime/ldeaxysp.s:12
    icmp.o                    runtime/icmp.s:9
    axlong.o                  runtime/axlong.s:9
    sockets.s.31904.3.o       D:\Claude\oddballz-c64\vendor\cc65\asminc/zeropage.inc:11
    blit.s.31904.2.o          D:\Claude\oddballz-c64\vendor\cc65\asminc/zeropage.inc:11
    stamp.s.31904.1.o         D:\Claude\oddballz-c64\vendor\cc65\asminc/zeropage.inc:11
    game.c.31904.0.o          game.c.31904.0.s:10
staspidx (staspidx.o):
    game.c.31904.0.o          game.c.31904.0.s:11832
    game.c.31904.0.o          game.c.31904.0.s:11832
    game.c.31904.0.o          game.c.31904.0.s:11832
    game.c.31904.0.o          game.c.31904.0.s:11832
    game.c.31904.0.o          game.c.31904.0.s:11832
    game.c.31904.0.o          game.c.31904.0.s:11832
    game.c.31904.0.o          game.c.31904.0.s:11832
    game.c.31904.0.o          game.c.31904.0.s:11832
    game.c.31904.0.o          game.c.31904.0.s:11832
    game.c.31904.0.o          game.c.31904.0.s:11832
stax0sp (staxsp.o):
    game.c.31904.0.o          game.c.31904.0.s:11832
    game.c.31904.0.o          game.c.31904.0.s:11832
staxspidx (staxspi.o):
    game.c.31904.0.o          game.c.31904.0.s:11832
    game.c.31904.0.o          game.c.31904.0.s:11832
staxysp (staxsp.o):
    game.c.31904.0.o          game.c.31904.0.s:11832
    game.c.31904.0.o          game.c.31904.0.s:11832
    game.c.31904.0.o          game.c.31904.0.s:11832
    game.c.31904.0.o          game.c.31904.0.s:11832
subysp (subysp.o):
    game.c.31904.0.o          game.c.31904.0.s:11832
    game.c.31904.0.o          game.c.31904.0.s:11832
    game.c.31904.0.o          game.c.31904.0.s:11832
    game.c.31904.0.o          game.c.31904.0.s:11832
    game.c.31904.0.o          game.c.31904.0.s:11832
    game.c.31904.0.o          game.c.31904.0.s:11832
tmp1 (zeropage.o):
    staxspi.o                 runtime/staxspi.s:10
    staspidx.o                runtime/staspidx.s:9
    shrax3.o                  runtime/shrax3.s:8
    shrax2.o                  runtime/shrax2.s:8
    shrax1.o                  runtime/shrax1.s:8
    shl.o                     runtime/shl.s:16
    or.o                      runtime/or.s:10
    mul.o                     runtime/mul.s:10
    asrax3.o                  runtime/asrax3.s:9
    asrax2.o                  runtime/asrax2.s:8
    asrax1.o                  runtime/asrax1.s:8
    aslax4.o                  runtime/aslax4.s:8
    aslax3.o                  runtime/aslax3.s:8
    aslax2.o                  runtime/aslax2.s:8
    add.o                     runtime/add.s:12
    sockets.s.31904.3.o       D:\Claude\oddballz-c64\vendor\cc65\asminc/zeropage.inc:13
    blit.s.31904.2.o          D:\Claude\oddballz-c64\vendor\cc65\asminc/zeropage.inc:13
    stamp.s.31904.1.o         D:\Claude\oddballz-c64\vendor\cc65\asminc/zeropage.inc:13
    game.c.31904.0.o          game.c.31904.0.s:11
tmp2 (zeropage.o):
    lmul.o                    runtime/lmul.s:10
    sockets.s.31904.3.o       D:\Claude\oddballz-c64\vendor\cc65\asminc/zeropage.inc:13
    blit.s.31904.2.o          D:\Claude\oddballz-c64\vendor\cc65\asminc/zeropage.inc:13
    stamp.s.31904.1.o         D:\Claude\oddballz-c64\vendor\cc65\asminc/zeropage.inc:13
tmp3 (zeropage.o):
    ludiv.o                   runtime/ludiv.s:10
    lmul.o                    runtime/lmul.s:10
    sockets.s.31904.3.o       D:\Claude\oddballz-c64\vendor\cc65\asminc/zeropage.inc:13
    blit.s.31904.2.o          D:\Claude\oddballz-c64\vendor\cc65\asminc/zeropage.inc:13
    stamp.s.31904.1.o         D:\Claude\oddballz-c64\vendor\cc65\asminc/zeropage.inc:13
tmp4 (zeropage.o):
    ludiv.o                   runtime/ludiv.s:10
    lmul.o                    runtime/lmul.s:10
    sockets.s.31904.3.o       D:\Claude\oddballz-c64\vendor\cc65\asminc/zeropage.inc:13
    blit.s.31904.2.o          D:\Claude\oddballz-c64\vendor\cc65\asminc/zeropage.inc:13
    stamp.s.31904.1.o         D:\Claude\oddballz-c64\vendor\cc65\asminc/zeropage.inc:13
tosadda0 (add.o):
    game.c.31904.0.o          game.c.31904.0.s:11832
tosaddax (add.o):
    game.c.31904.0.o          game.c.31904.0.s:11832
    game.c.31904.0.o          game.c.31904.0.s:11832
    game.c.31904.0.o          game.c.31904.0.s:11832
    game.c.31904.0.o          game.c.31904.0.s:11832
    game.c.31904.0.o          game.c.31904.0.s:11832
    game.c.31904.0.o          game.c.31904.0.s:11832
    game.c.31904.0.o          game.c.31904.0.s:11832
tosaslax (shl.o):
    game.c.31904.0.o          game.c.31904.0.s:11832
    game.c.31904.0.o          game.c.31904.0.s:11832
tosgtax (gt.o):
    game.c.31904.0.o          game.c.31904.0.s:11832
tosicmp (icmp.o):
    lt.o                      runtime/lt.s:8
    gt.o                      runtime/gt.s:8
    game.c.31904.0.o          game.c.31904.0.s:11832
    game.c.31904.0.o          game.c.31904.0.s:11832
    game.c.31904.0.o          game.c.31904.0.s:11832
    game.c.31904.0.o          game.c.31904.0.s:11832
    game.c.31904.0.o          game.c.31904.0.s:11832
    game.c.31904.0.o          game.c.31904.0.s:11832
    game.c.31904.0.o          game.c.31904.0.s:11832
    game.c.31904.0.o          game.c.31904.0.s:11832
toslcmp (lcmp.o):
    lle.o                     runtime/lle.s:8
tosleeax (lle.o):
    game.c.31904.0.o          game.c.31904.0.s:11832
tosltax (lt.o):
    game.c.31904.0.o          game.c.31904.0.s:11832
tosmula0 (mul8.o):
    game.c.31904.0.o          game.c.31904.0.s:11832
    game.c.31904.0.o          game.c.31904.0.s:11832
    game.c.31904.0.o          game.c.31904.0.s:11832
    game.c.31904.0.o          game.c.31904.0.s:11832
    game.c.31904.0.o          game.c.31904.0.s:11832
    game.c.31904.0.o          game.c.31904.0.s:11832
tosmulax (mul.o):
    game.c.31904.0.o          game.c.31904.0.s:11832
    game.c.31904.0.o          game.c.31904.0.s:11832
tosmuleax (lmul.o):
    game.c.31904.0.o          game.c.31904.0.s:11832
tosora0 (or.o):
    game.c.31904.0.o          game.c.31904.0.s:11832
    game.c.31904.0.o          game.c.31904.0.s:11832
tossuba0 (sub.o):
    game.c.31904.0.o          game.c.31904.0.s:11832
    game.c.31904.0.o          game.c.31904.0.s:11832
    game.c.31904.0.o          game.c.31904.0.s:11832
tossubax (sub.o):
    game.c.31904.0.o          game.c.31904.0.s:11832
    game.c.31904.0.o          game.c.31904.0.s:11832
    game.c.31904.0.o          game.c.31904.0.s:11832
    game.c.31904.0.o          game.c.31904.0.s:11832
    game.c.31904.0.o          game.c.31904.0.s:11832
    game.c.31904.0.o          game.c.31904.0.s:11832
    game.c.31904.0.o          game.c.31904.0.s:11832
    game.c.31904.0.o          game.c.31904.0.s:11832
    game.c.31904.0.o          game.c.31904.0.s:11832
    game.c.31904.0.o          game.c.31904.0.s:11832
    game.c.31904.0.o          game.c.31904.0.s:11832
    game.c.31904.0.o          game.c.31904.0.s:11832
tossubeax (lsub.o):
    game.c.31904.0.o          game.c.31904.0.s:11832
tosudiv0ax (ludiv.o):
    game.c.31904.0.o          game.c.31904.0.s:11832
tosudiva0 (udiv.o):
    game.c.31904.0.o          game.c.31904.0.s:11832
    game.c.31904.0.o          game.c.31904.0.s:11832
    game.c.31904.0.o          game.c.31904.0.s:11832
tosudivax (udiv.o):
    game.c.31904.0.o          game.c.31904.0.s:11832
    game.c.31904.0.o          game.c.31904.0.s:11832
tosumoda0 (umod.o):
    game.c.31904.0.o          game.c.31904.0.s:11832
    game.c.31904.0.o          game.c.31904.0.s:11832
    game.c.31904.0.o          game.c.31904.0.s:11832
    game.c.31904.0.o          game.c.31904.0.s:11832
tosumodax (umod.o):
    game.c.31904.0.o          game.c.31904.0.s:11832
tosumul0ax (lmul.o):
    game.c.31904.0.o          game.c.31904.0.s:11832
tosumula0 (mul8.o):
    game.c.31904.0.o          game.c.31904.0.s:11832
    game.c.31904.0.o          game.c.31904.0.s:11832
    game.c.31904.0.o          game.c.31904.0.s:11832
tosumulax (mul.o):
    game.c.31904.0.o          game.c.31904.0.s:11832
    game.c.31904.0.o          game.c.31904.0.s:11832
udiv16 (udiv.o):
    umod.o                    runtime/umod.s:8
zerobss (zerobss.o):
    crt0.o                    c64/crt0.s:9

