Modules list:
-------------
game.c.9876.0.o:
    CODE              Offs=000000  Size=0042D4  Align=00001  Fill=0000
    RODATA            Offs=000000  Size=0002A4  Align=00001  Fill=0000
    BSS               Offs=000000  Size=000A48  Align=00001  Fill=0000
    DATA              Offs=000000  Size=00001B  Align=00001  Fill=0000
stamp.s.9876.1.o:
    CODE              Offs=0042D4  Size=000157  Align=00001  Fill=0000
    BSS               Offs=000A48  Size=000004  Align=00001  Fill=0000
D:\Claude\oddballz-c64\vendor\cc65\lib/c64.lib(add.o):
    CODE              Offs=00442B  Size=00001C  Align=00001  Fill=0000
D:\Claude\oddballz-c64\vendor\cc65\lib/c64.lib(addeqsp.o):
    CODE              Offs=004447  Size=000011  Align=00001  Fill=0000
D:\Claude\oddballz-c64\vendor\cc65\lib/c64.lib(addysp.o):
    CODE              Offs=004458  Size=00000E  Align=00001  Fill=0000
D:\Claude\oddballz-c64\vendor\cc65\lib/c64.lib(aslax2.o):
    CODE              Offs=004466  Size=00000B  Align=00001  Fill=0000
D:\Claude\oddballz-c64\vendor\cc65\lib/c64.lib(aslax3.o):
    CODE              Offs=004471  Size=00000E  Align=00001  Fill=0000
D:\Claude\oddballz-c64\vendor\cc65\lib/c64.lib(aslax4.o):
    CODE              Offs=00447F  Size=000011  Align=00001  Fill=0000
D:\Claude\oddballz-c64\vendor\cc65\lib/c64.lib(asrax1.o):
    CODE              Offs=004490  Size=00000A  Align=00001  Fill=0000
D:\Claude\oddballz-c64\vendor\cc65\lib/c64.lib(asrax2.o):
    CODE              Offs=00449A  Size=00000F  Align=00001  Fill=0000
D:\Claude\oddballz-c64\vendor\cc65\lib/c64.lib(asrax3.o):
    CODE              Offs=0044A9  Size=000014  Align=00001  Fill=0000
D:\Claude\oddballz-c64\vendor\cc65\lib/c64.lib(axlong.o):
    CODE              Offs=0044BD  Size=00000D  Align=00001  Fill=0000
D:\Claude\oddballz-c64\vendor\cc65\lib/c64.lib(callmain.o):
    CODE              Offs=0044CA  Size=000017  Align=00001  Fill=0000
    DATA              Offs=00001B  Size=000004  Align=00001  Fill=0000
D:\Claude\oddballz-c64\vendor\cc65\lib/c64.lib(condes.o):
    CODE              Offs=0044E1  Size=00000C  Align=00001  Fill=0000
    DATA              Offs=00001F  Size=000025  Align=00001  Fill=0000
    ONCE              Offs=000000  Size=00000C  Align=00001  Fill=0000
D:\Claude\oddballz-c64\vendor\cc65\lib/c64.lib(crt0.o):
    STARTUP           Offs=000000  Size=000033  Align=00001  Fill=0000
    ONCE              Offs=00000C  Size=00001A  Align=00001  Fill=0000
    INIT              Offs=000000  Size=00001C  Align=00001  Fill=0000
D:\Claude\oddballz-c64\vendor\cc65\lib/c64.lib(decsp1.o):
    CODE              Offs=0044ED  Size=000009  Align=00001  Fill=0000
D:\Claude\oddballz-c64\vendor\cc65\lib/c64.lib(decsp2.o):
    CODE              Offs=0044F6  Size=00000D  Align=00001  Fill=0000
D:\Claude\oddballz-c64\vendor\cc65\lib/c64.lib(decsp3.o):
    CODE              Offs=004503  Size=00000D  Align=00001  Fill=0000
D:\Claude\oddballz-c64\vendor\cc65\lib/c64.lib(decsp4.o):
    CODE              Offs=004510  Size=00000D  Align=00001  Fill=0000
D:\Claude\oddballz-c64\vendor\cc65\lib/c64.lib(decsp5.o):
    CODE              Offs=00451D  Size=00000D  Align=00001  Fill=0000
D:\Claude\oddballz-c64\vendor\cc65\lib/c64.lib(decsp6.o):
    CODE              Offs=00452A  Size=00000D  Align=00001  Fill=0000
D:\Claude\oddballz-c64\vendor\cc65\lib/c64.lib(decsp8.o):
    CODE              Offs=004537  Size=00000D  Align=00001  Fill=0000
D:\Claude\oddballz-c64\vendor\cc65\lib/c64.lib(div.o):
    CODE              Offs=004544  Size=000015  Align=00001  Fill=0000
D:\Claude\oddballz-c64\vendor\cc65\lib/c64.lib(exehdr.o):
    EXEHDR            Offs=000000  Size=00000C  Align=00001  Fill=0000
D:\Claude\oddballz-c64\vendor\cc65\lib/c64.lib(gt.o):
    CODE              Offs=004559  Size=00000A  Align=00001  Fill=0000
D:\Claude\oddballz-c64\vendor\cc65\lib/c64.lib(icmp.o):
    CODE              Offs=004563  Size=00002E  Align=00001  Fill=0000
D:\Claude\oddballz-c64\vendor\cc65\lib/c64.lib(incsp1.o):
    CODE              Offs=004591  Size=000007  Align=00001  Fill=0000
D:\Claude\oddballz-c64\vendor\cc65\lib/c64.lib(incsp2.o):
    CODE              Offs=004598  Size=000016  Align=00001  Fill=0000
D:\Claude\oddballz-c64\vendor\cc65\lib/c64.lib(incsp3.o):
    CODE              Offs=0045AE  Size=000005  Align=00001  Fill=0000
D:\Claude\oddballz-c64\vendor\cc65\lib/c64.lib(incsp4.o):
    CODE              Offs=0045B3  Size=000005  Align=00001  Fill=0000
D:\Claude\oddballz-c64\vendor\cc65\lib/c64.lib(incsp5.o):
    CODE              Offs=0045B8  Size=000005  Align=00001  Fill=0000
D:\Claude\oddballz-c64\vendor\cc65\lib/c64.lib(incsp6.o):
    CODE              Offs=0045BD  Size=000005  Align=00001  Fill=0000
D:\Claude\oddballz-c64\vendor\cc65\lib/c64.lib(incsp7.o):
    CODE              Offs=0045C2  Size=000005  Align=00001  Fill=0000
D:\Claude\oddballz-c64\vendor\cc65\lib/c64.lib(incsp8.o):
    CODE              Offs=0045C7  Size=000005  Align=00001  Fill=0000
D:\Claude\oddballz-c64\vendor\cc65\lib/c64.lib(kernal.o):
D:\Claude\oddballz-c64\vendor\cc65\lib/c64.lib(lcmp.o):
    CODE              Offs=0045CC  Size=00003B  Align=00001  Fill=0000
D:\Claude\oddballz-c64\vendor\cc65\lib/c64.lib(ldai.o):
    CODE              Offs=004607  Size=00000C  Align=00001  Fill=0000
D:\Claude\oddballz-c64\vendor\cc65\lib/c64.lib(ldeaxysp.o):
    CODE              Offs=004613  Size=000013  Align=00001  Fill=0000
D:\Claude\oddballz-c64\vendor\cc65\lib/c64.lib(lle.o):
    CODE              Offs=004626  Size=000006  Align=00001  Fill=0000
D:\Claude\oddballz-c64\vendor\cc65\lib/c64.lib(lmul.o):
    CODE              Offs=00462C  Size=00005C  Align=00001  Fill=0000
D:\Claude\oddballz-c64\vendor\cc65\lib/c64.lib(loadaddr.o):
    LOADADDR          Offs=000000  Size=000002  Align=00001  Fill=0000
D:\Claude\oddballz-c64\vendor\cc65\lib/c64.lib(lpush.o):
    CODE              Offs=004688  Size=000021  Align=00001  Fill=0000
D:\Claude\oddballz-c64\vendor\cc65\lib/c64.lib(lsub.o):
    CODE              Offs=0046A9  Size=000027  Align=00001  Fill=0000
D:\Claude\oddballz-c64\vendor\cc65\lib/c64.lib(lt.o):
    CODE              Offs=0046D0  Size=00000A  Align=00001  Fill=0000
D:\Claude\oddballz-c64\vendor\cc65\lib/c64.lib(ludiv.o):
    CODE              Offs=0046DA  Size=00007A  Align=00001  Fill=0000
D:\Claude\oddballz-c64\vendor\cc65\lib/c64.lib(makebool.o):
    CODE              Offs=004754  Size=00002C  Align=00001  Fill=0000
D:\Claude\oddballz-c64\vendor\cc65\lib/c64.lib(memcpy.o):
    CODE              Offs=004780  Size=00003C  Align=00001  Fill=0000
D:\Claude\oddballz-c64\vendor\cc65\lib/c64.lib(memset.o):
    CODE              Offs=0047BC  Size=00005D  Align=00001  Fill=0000
D:\Claude\oddballz-c64\vendor\cc65\lib/c64.lib(mul.o):
    CODE              Offs=004819  Size=000045  Align=00001  Fill=0000
D:\Claude\oddballz-c64\vendor\cc65\lib/c64.lib(mul8.o):
    CODE              Offs=00485E  Size=00003A  Align=00001  Fill=0000
D:\Claude\oddballz-c64\vendor\cc65\lib/c64.lib(mulax10.o):
    CODE              Offs=004898  Size=000019  Align=00001  Fill=0000
D:\Claude\oddballz-c64\vendor\cc65\lib/c64.lib(mulax3.o):
    CODE              Offs=0048B1  Size=000011  Align=00001  Fill=0000
D:\Claude\oddballz-c64\vendor\cc65\lib/c64.lib(mulax5.o):
    CODE              Offs=0048C2  Size=000014  Align=00001  Fill=0000
D:\Claude\oddballz-c64\vendor\cc65\lib/c64.lib(negabs.o):
    CODE              Offs=0048D6  Size=000012  Align=00001  Fill=0000
D:\Claude\oddballz-c64\vendor\cc65\lib/c64.lib(or.o):
    CODE              Offs=0048E8  Size=000012  Align=00001  Fill=0000
D:\Claude\oddballz-c64\vendor\cc65\lib/c64.lib(popptr1.o):
    CODE              Offs=0048FA  Size=00000E  Align=00001  Fill=0000
D:\Claude\oddballz-c64\vendor\cc65\lib/c64.lib(pusha.o):
    CODE              Offs=004908  Size=000016  Align=00001  Fill=0000
D:\Claude\oddballz-c64\vendor\cc65\lib/c64.lib(pushax.o):
    CODE              Offs=00491E  Size=00001A  Align=00001  Fill=0000
D:\Claude\oddballz-c64\vendor\cc65\lib/c64.lib(pushwsp.o):
    CODE              Offs=004938  Size=00001C  Align=00001  Fill=0000
D:\Claude\oddballz-c64\vendor\cc65\lib/c64.lib(shelp.o):
    CODE              Offs=004954  Size=000020  Align=00001  Fill=0000
D:\Claude\oddballz-c64\vendor\cc65\lib/c64.lib(shl.o):
    CODE              Offs=004974  Size=000033  Align=00001  Fill=0000
D:\Claude\oddballz-c64\vendor\cc65\lib/c64.lib(shrax2.o):
    CODE              Offs=0049A7  Size=00000B  Align=00001  Fill=0000
D:\Claude\oddballz-c64\vendor\cc65\lib/c64.lib(shrax3.o):
    CODE              Offs=0049B2  Size=00000E  Align=00001  Fill=0000
D:\Claude\oddballz-c64\vendor\cc65\lib/c64.lib(staspidx.o):
    CODE              Offs=0049C0  Size=000016  Align=00001  Fill=0000
D:\Claude\oddballz-c64\vendor\cc65\lib/c64.lib(staxsp.o):
    CODE              Offs=0049D6  Size=00000B  Align=00001  Fill=0000
D:\Claude\oddballz-c64\vendor\cc65\lib/c64.lib(staxspi.o):
    CODE              Offs=0049E1  Size=00001B  Align=00001  Fill=0000
D:\Claude\oddballz-c64\vendor\cc65\lib/c64.lib(sub.o):
    CODE              Offs=0049FC  Size=000015  Align=00001  Fill=0000
D:\Claude\oddballz-c64\vendor\cc65\lib/c64.lib(subysp.o):
    CODE              Offs=004A11  Size=00000D  Align=00001  Fill=0000
D:\Claude\oddballz-c64\vendor\cc65\lib/c64.lib(udiv.o):
    CODE              Offs=004A1E  Size=00004F  Align=00001  Fill=0000
D:\Claude\oddballz-c64\vendor\cc65\lib/c64.lib(umod.o):
    CODE              Offs=004A6D  Size=000011  Align=00001  Fill=0000
D:\Claude\oddballz-c64\vendor\cc65\lib/c64.lib(zerobss.o):
    CODE              Offs=004A7E  Size=000023  Align=00001  Fill=0000
D:\Claude\oddballz-c64\vendor\cc65\lib/c64.lib(zeropage.o):
    ZEROPAGE          Offs=000000  Size=00001A  Align=00001  Fill=0000


Segment list:
-------------
Name                   Start     End    Size  Align
----------------------------------------------------
ZEROPAGE              000002  00001B  00001A  00001
LOADADDR              0007FF  000800  000002  00001
EXEHDR                000801  00080C  00000C  00001
STARTUP               00080D  00083F  000033  00001
CODE                  000840  0052E0  004AA1  00001
RODATA                0052E1  005584  0002A4  00001
DATA                  005585  0055C8  000044  00001
INIT                  0055C9  0055E4  00001C  00001
BSS                   0055E5  006030  000A4C  00001
ONCE                  0055E5  00560A  000026  00001


Exports list by name:
---------------------
BSOUT                     00FFD2 RLA    _BALL_MASK                005C80 RLA    
_EXPAND                   005C96 RLA    _ROW_ADDR_HI              005D9E RLA    
_ROW_ADDR_LO              005CD6 RLA    _ROW_CELL_HI              005F2E RLA    
_ROW_CELL_LO              005E66 RLA    __BSS_RUN__               0055E5 RLA    
__BSS_SIZE__              000A4C REA    __CONSTRUCTOR_COUNT__     000000 REA    
__CONSTRUCTOR_TABLE__     00560B RLA    __DESTRUCTOR_COUNT__      000000 REA    
__DESTRUCTOR_TABLE__      005585 RLA    __EXEHDR__                000001 REA    
__HEADER_LAST__           00080D RLA    __HIMEM__                 00D000 REA    
__LOADADDR__              000001 REA    __MAIN_SIZE__             00C7F3 REA    
__MAIN_START__            00080D RLA    __ONCE_RUN__              0055E5 RLA    
__STACKSIZE__             000800 REA    __STARTUP__               000001 REA    
___bzero                  004FFC RLA    _main                     00484D RLA    
_memcpy                   004FC0 RLA    _memset                   005004 RLA    
_stamp_ball_asm           004B14 RLA    _stamp_bc                 005FF6 RLA    
_stamp_col                005FF8 RLA    _stamp_slot               005FF9 RLA    
_stamp_y0                 005FF7 RLA    addeq0sp                  004C87 RLA    
addeqysp                  004C89 RLA    addysp                    004C99 RLA    
addysp1                   004C98 RLA    aslax2                    004CA6 RLA    
aslax3                    004CB1 RLA    aslax4                    004CBF RLA    
asrax1                    004CD0 RLA    asrax2                    004CDA RLA    
asrax3                    004CE9 RLA    axlong                    004CFD RLA    
booleq                    004F9A RLA    boolgt                    004FA9 RLA    
boolle                    004FA1 RLA    boollt                    004FA3 RLA    
boolne                    004F94 RLA    boolult                   004FB3 RLA    
c_sp                      000002 RLZ    callmain                  004D0A RLA    
decsp1                    004D2D RLA    decsp2                    004D36 RLA    
decsp3                    004D43 RLA    decsp4                    004D50 RLA    
decsp5                    004D5D RLA    decsp6                    004D6A RLA    
decsp8                    004D77 RLA    donelib                   004D21 RLA    
incsp1                    004DD1 RLA    incsp2                    004DE0 RLA    
incsp3                    004DEE RLA    incsp4                    004DF3 RLA    
incsp5                    004DF8 RLA    incsp6                    004DFD RLA    
incsp7                    004E02 RLA    incsp8                    004E07 RLA    
initlib                   0055E5 RLA    ldaidx                    004E47 RLA    
ldeaxysp                  004E55 RLA    mul8x16                   0050A0 RLA    
mul8x16a                  0050AA RLA    mulax10                   0050D8 RLA    
mulax3                    0050F1 RLA    mulax5                    005102 RLA    
negax                     00511A RLA    popax                     004DD8 RLA    
popptr1                   00513A RLA    popsargsudiv16            005194 RLA    
ptr1                      00000A RLZ    ptr2                      00000C RLZ    
ptr3                      00000E RLZ    ptr4                      000010 RLZ    
push0                     00515E RLA    push0ax                   004ECB RLA    
pusha                     00514C RLA    pusha0                    005160 RLA    
pushax                    005162 RLA    pusheax                   004ED1 RLA    
pushw0sp                  005178 RLA    pushwysp                  00517A RLA    
regsave                   000006 RLZ    shlax2                    004CA6 RLA    
shlax3                    004CB1 RLA    shlax4                    004CBF RLA    
shlaxy                    0051BB RLA    shrax2                    0051E7 RLA    
shrax3                    0051F2 RLA    sreg                      000004 RLZ    
staspidx                  005200 RLA    stax0sp                   005216 RLA    
staxspidx                 005221 RLA    staxysp                   005218 RLA    
subysp                    005251 RLA    tmp1                      000012 RLZ    
tmp2                      000013 RLZ    tmp3                      000014 RLZ    
tmp4                      000015 RLZ    tosadda0                  004C6B RLA    
tosaddax                  004C6D RLA    tosaslax                  0051B4 RLA    
tosdiva0                  004D84 RLA    tosgtax                   004D9D RLA    
tosicmp                   004DA5 RLA    toslcmp                   004E0C RLA    
tosleeax                  004E66 RLA    tosltax                   004F14 RLA    
tosmula0                  00509E RLA    tosmulax                  005059 RLA    
tosmuleax                 004E72 RLA    tosora0                   005128 RLA    
tossuba0                  00523C RLA    tossubax                  00523E RLA    
tossubeax                 004EEF RLA    tosudiv0ax                004F1A RLA    
tosudiva0                 00525E RLA    tosudivax                 005260 RLA    
tosumoda0                 0052AD RLA    tosumodax                 0052AF RLA    
tosumul0ax                004E6C RLA    tosumula0                 00509E RLA    
tosumulax                 005059 RLA    udiv16                    00526F RLA    
zerobss                   0052BE RLA    


Exports list by value:
----------------------
__CONSTRUCTOR_COUNT__     000000 REA    __DESTRUCTOR_COUNT__      000000 REA    
__LOADADDR__              000001 REA    __STARTUP__               000001 REA    
__EXEHDR__                000001 REA    c_sp                      000002 RLZ    
sreg                      000004 RLZ    regsave                   000006 RLZ    
ptr1                      00000A RLZ    ptr2                      00000C RLZ    
ptr3                      00000E RLZ    ptr4                      000010 RLZ    
tmp1                      000012 RLZ    tmp2                      000013 RLZ    
tmp3                      000014 RLZ    tmp4                      000015 RLZ    
__STACKSIZE__             000800 REA    __HEADER_LAST__           00080D RLA    
__MAIN_START__            00080D RLA    __BSS_SIZE__              000A4C REA    
_main                     00484D RLA    _stamp_ball_asm           004B14 RLA    
tosadda0                  004C6B RLA    tosaddax                  004C6D RLA    
addeq0sp                  004C87 RLA    addeqysp                  004C89 RLA    
addysp1                   004C98 RLA    addysp                    004C99 RLA    
shlax2                    004CA6 RLA    aslax2                    004CA6 RLA    
shlax3                    004CB1 RLA    aslax3                    004CB1 RLA    
aslax4                    004CBF RLA    shlax4                    004CBF RLA    
asrax1                    004CD0 RLA    asrax2                    004CDA RLA    
asrax3                    004CE9 RLA    axlong                    004CFD RLA    
callmain                  004D0A RLA    donelib                   004D21 RLA    
decsp1                    004D2D RLA    decsp2                    004D36 RLA    
decsp3                    004D43 RLA    decsp4                    004D50 RLA    
decsp5                    004D5D RLA    decsp6                    004D6A RLA    
decsp8                    004D77 RLA    tosdiva0                  004D84 RLA    
tosgtax                   004D9D RLA    tosicmp                   004DA5 RLA    
incsp1                    004DD1 RLA    popax                     004DD8 RLA    
incsp2                    004DE0 RLA    incsp3                    004DEE RLA    
incsp4                    004DF3 RLA    incsp5                    004DF8 RLA    
incsp6                    004DFD RLA    incsp7                    004E02 RLA    
incsp8                    004E07 RLA    toslcmp                   004E0C RLA    
ldaidx                    004E47 RLA    ldeaxysp                  004E55 RLA    
tosleeax                  004E66 RLA    tosumul0ax                004E6C RLA    
tosmuleax                 004E72 RLA    push0ax                   004ECB RLA    
pusheax                   004ED1 RLA    tossubeax                 004EEF RLA    
tosltax                   004F14 RLA    tosudiv0ax                004F1A RLA    
boolne                    004F94 RLA    booleq                    004F9A RLA    
boolle                    004FA1 RLA    boollt                    004FA3 RLA    
boolgt                    004FA9 RLA    boolult                   004FB3 RLA    
_memcpy                   004FC0 RLA    ___bzero                  004FFC RLA    
_memset                   005004 RLA    tosumulax                 005059 RLA    
tosmulax                  005059 RLA    tosumula0                 00509E RLA    
tosmula0                  00509E RLA    mul8x16                   0050A0 RLA    
mul8x16a                  0050AA RLA    mulax10                   0050D8 RLA    
mulax3                    0050F1 RLA    mulax5                    005102 RLA    
negax                     00511A RLA    tosora0                   005128 RLA    
popptr1                   00513A RLA    pusha                     00514C RLA    
push0                     00515E RLA    pusha0                    005160 RLA    
pushax                    005162 RLA    pushw0sp                  005178 RLA    
pushwysp                  00517A RLA    popsargsudiv16            005194 RLA    
tosaslax                  0051B4 RLA    shlaxy                    0051BB RLA    
shrax2                    0051E7 RLA    shrax3                    0051F2 RLA    
staspidx                  005200 RLA    stax0sp                   005216 RLA    
staxysp                   005218 RLA    staxspidx                 005221 RLA    
tossuba0                  00523C RLA    tossubax                  00523E RLA    
subysp                    005251 RLA    tosudiva0                 00525E RLA    
tosudivax                 005260 RLA    udiv16                    00526F RLA    
tosumoda0                 0052AD RLA    tosumodax                 0052AF RLA    
zerobss                   0052BE RLA    __DESTRUCTOR_TABLE__      005585 RLA    
__ONCE_RUN__              0055E5 RLA    __BSS_RUN__               0055E5 RLA    
initlib                   0055E5 RLA    __CONSTRUCTOR_TABLE__     00560B RLA    
_BALL_MASK                005C80 RLA    _EXPAND                   005C96 RLA    
_ROW_ADDR_LO              005CD6 RLA    _ROW_ADDR_HI              005D9E RLA    
_ROW_CELL_LO              005E66 RLA    _ROW_CELL_HI              005F2E RLA    
_stamp_bc                 005FF6 RLA    _stamp_y0                 005FF7 RLA    
_stamp_col                005FF8 RLA    _stamp_slot               005FF9 RLA    
__MAIN_SIZE__             00C7F3 REA    __HIMEM__                 00D000 REA    
BSOUT                     00FFD2 RLA    


Imports list:
-------------
BSOUT (kernal.o):
    crt0.o                    c64/crt0.s:10
_BALL_MASK (game.c.9876.0.o):
    stamp.s.9876.1.o          D:\Claude\oddballz-c64\spikes\common\stamp.s:25
_EXPAND (game.c.9876.0.o):
    stamp.s.9876.1.o          D:\Claude\oddballz-c64\spikes\common\stamp.s:25
_ROW_ADDR_HI (game.c.9876.0.o):
    stamp.s.9876.1.o          D:\Claude\oddballz-c64\spikes\common\stamp.s:26
_ROW_ADDR_LO (game.c.9876.0.o):
    stamp.s.9876.1.o          D:\Claude\oddballz-c64\spikes\common\stamp.s:26
_ROW_CELL_HI (game.c.9876.0.o):
    stamp.s.9876.1.o          D:\Claude\oddballz-c64\spikes\common\stamp.s:27
_ROW_CELL_LO (game.c.9876.0.o):
    stamp.s.9876.1.o          D:\Claude\oddballz-c64\spikes\common\stamp.s:27
__BSS_RUN__ ([linker generated]):
    zerobss.o                 common/zerobss.s:8
__BSS_SIZE__ ([linker generated]):
    zerobss.o                 common/zerobss.s:8
__CONSTRUCTOR_COUNT__ ([linker generated]):
    condes.o                  runtime/condes.s:18
__CONSTRUCTOR_TABLE__ ([linker generated]):
    condes.o                  runtime/condes.s:18
__DESTRUCTOR_COUNT__ ([linker generated]):
    condes.o                  runtime/condes.s:19
__DESTRUCTOR_TABLE__ ([linker generated]):
    condes.o                  runtime/condes.s:19
__EXEHDR__ (exehdr.o):
    [linker generated]        D:\Claude\oddballz-c64\vendor\cc65\cfg/c64.cfg:6
__HEADER_LAST__ ([linker generated]):
    [linker generated]        D:\Claude\oddballz-c64\vendor\cc65\cfg/c64.cfg:14
    [linker generated]        D:\Claude\oddballz-c64\vendor\cc65\cfg/c64.cfg:14
__HIMEM__ ([linker generated]):
    [linker generated]        D:\Claude\oddballz-c64\vendor\cc65\cfg/c64.cfg:15
    [linker generated]        D:\Claude\oddballz-c64\vendor\cc65\cfg/c64.cfg:14
__LOADADDR__ (loadaddr.o):
    [linker generated]        D:\Claude\oddballz-c64\vendor\cc65\cfg/c64.cfg:5
__MAIN_SIZE__ ([linker generated]):
    crt0.o                    c64/crt0.s:11
__MAIN_START__ ([linker generated]):
    crt0.o                    c64/crt0.s:11
__ONCE_RUN__ ([linker generated]):
    [linker generated]        D:\Claude\oddballz-c64\vendor\cc65\cfg/c64.cfg:15
    [linker generated]        D:\Claude\oddballz-c64\vendor\cc65\cfg/c64.cfg:15
__STACKSIZE__ ([linker generated]):
    [linker generated]        D:\Claude\oddballz-c64\vendor\cc65\cfg/c64.cfg:15
__STARTUP__ (crt0.o):
    game.c.9876.0.o           game.c.9876.0.s:13
___bzero (memset.o):
    game.c.9876.0.o           game.c.9876.0.s:10499
    game.c.9876.0.o           game.c.9876.0.s:10499
_main (game.c.9876.0.o):
    callmain.o                runtime/callmain.s:11
_memcpy (memcpy.o):
    game.c.9876.0.o           game.c.9876.0.s:14
_memset (memset.o):
    game.c.9876.0.o           game.c.9876.0.s:15
_stamp_ball_asm (stamp.s.9876.1.o):
    game.c.9876.0.o           game.c.9876.0.s:56
_stamp_bc (game.c.9876.0.o):
    stamp.s.9876.1.o          D:\Claude\oddballz-c64\spikes\common\stamp.s:28
_stamp_col (game.c.9876.0.o):
    stamp.s.9876.1.o          D:\Claude\oddballz-c64\spikes\common\stamp.s:28
_stamp_slot (game.c.9876.0.o):
    stamp.s.9876.1.o          D:\Claude\oddballz-c64\spikes\common\stamp.s:28
_stamp_y0 (game.c.9876.0.o):
    stamp.s.9876.1.o          D:\Claude\oddballz-c64\spikes\common\stamp.s:28
addeq0sp (addeqsp.o):
    game.c.9876.0.o           game.c.9876.0.s:10499
    game.c.9876.0.o           game.c.9876.0.s:10499
addeqysp (addeqsp.o):
    game.c.9876.0.o           game.c.9876.0.s:10499
    game.c.9876.0.o           game.c.9876.0.s:10499
addysp (addysp.o):
    incsp8.o                  runtime/incsp8.s:8
    incsp7.o                  runtime/incsp7.s:8
    incsp6.o                  runtime/incsp6.s:8
    incsp5.o                  runtime/incsp5.s:8
    incsp4.o                  runtime/incsp4.s:8
    incsp3.o                  runtime/incsp3.s:8
    game.c.9876.0.o           game.c.9876.0.s:10499
    game.c.9876.0.o           game.c.9876.0.s:10499
    game.c.9876.0.o           game.c.9876.0.s:10499
    game.c.9876.0.o           game.c.9876.0.s:10499
    game.c.9876.0.o           game.c.9876.0.s:10499
    game.c.9876.0.o           game.c.9876.0.s:10499
    game.c.9876.0.o           game.c.9876.0.s:10499
    game.c.9876.0.o           game.c.9876.0.s:10499
    game.c.9876.0.o           game.c.9876.0.s:10499
    game.c.9876.0.o           game.c.9876.0.s:10499
    game.c.9876.0.o           game.c.9876.0.s:10499
    game.c.9876.0.o           game.c.9876.0.s:10499
    game.c.9876.0.o           game.c.9876.0.s:10499
addysp1 (addysp.o):
    sub.o                     runtime/sub.s:8
    or.o                      runtime/or.s:9
    ludiv.o                   runtime/ludiv.s:9
    lsub.o                    runtime/lsub.s:11
    lmul.o                    runtime/lmul.s:9
aslax2 (aslax2.o):
    game.c.9876.0.o           game.c.9876.0.s:10499
    game.c.9876.0.o           game.c.9876.0.s:10499
    game.c.9876.0.o           game.c.9876.0.s:10499
    game.c.9876.0.o           game.c.9876.0.s:10499
aslax3 (aslax3.o):
    game.c.9876.0.o           game.c.9876.0.s:10499
    game.c.9876.0.o           game.c.9876.0.s:10499
    game.c.9876.0.o           game.c.9876.0.s:10499
aslax4 (aslax4.o):
    game.c.9876.0.o           game.c.9876.0.s:10499
asrax1 (asrax1.o):
    game.c.9876.0.o           game.c.9876.0.s:10499
    game.c.9876.0.o           game.c.9876.0.s:10499
    game.c.9876.0.o           game.c.9876.0.s:10499
    game.c.9876.0.o           game.c.9876.0.s:10499
    game.c.9876.0.o           game.c.9876.0.s:10499
    game.c.9876.0.o           game.c.9876.0.s:10499
    game.c.9876.0.o           game.c.9876.0.s:10499
asrax2 (asrax2.o):
    game.c.9876.0.o           game.c.9876.0.s:10499
    game.c.9876.0.o           game.c.9876.0.s:10499
    game.c.9876.0.o           game.c.9876.0.s:10499
asrax3 (asrax3.o):
    game.c.9876.0.o           game.c.9876.0.s:10499
axlong (axlong.o):
    game.c.9876.0.o           game.c.9876.0.s:10499
booleq (makebool.o):
    game.c.9876.0.o           game.c.9876.0.s:10499
boolgt (makebool.o):
    gt.o                      runtime/gt.s:8
boolle (makebool.o):
    lle.o                     runtime/lle.s:8
boollt (makebool.o):
    lt.o                      runtime/lt.s:8
boolne (makebool.o):
    game.c.9876.0.o           game.c.9876.0.s:10499
boolult (makebool.o):
    game.c.9876.0.o           game.c.9876.0.s:10499
    game.c.9876.0.o           game.c.9876.0.s:10499
    game.c.9876.0.o           game.c.9876.0.s:10499
    game.c.9876.0.o           game.c.9876.0.s:10499
    game.c.9876.0.o           game.c.9876.0.s:10499
    game.c.9876.0.o           game.c.9876.0.s:10499
    game.c.9876.0.o           game.c.9876.0.s:10499
c_sp (zeropage.o):
    lcmp.o                    runtime/lcmp.s:10
    subysp.o                  runtime/subysp.s:9
    sub.o                     runtime/sub.s:9
    staxspi.o                 runtime/staxspi.s:10
    staxsp.o                  runtime/staxsp.s:8
    staspidx.o                runtime/staspidx.s:9
    pushwsp.o                 runtime/pushwsp.s:8
    pushax.o                  runtime/pushax.s:8
    pusha.o                   runtime/pusha.s:8
    popptr1.o                 runtime/popptr1.s:9
    or.o                      runtime/or.s:10
    memset.o                  common/memset.s:20
    memcpy.o                  common/memcpy.s:15
    ludiv.o                   runtime/ludiv.s:10
    lsub.o                    runtime/lsub.s:12
    lpush.o                   runtime/lpush.s:13
    lmul.o                    runtime/lmul.s:10
    ldeaxysp.o                runtime/ldeaxysp.s:12
    incsp2.o                  runtime/incsp2.s:8
    incsp1.o                  runtime/incsp1.s:8
    icmp.o                    runtime/icmp.s:9
    decsp8.o                  runtime/decsp8.s:8
    decsp6.o                  runtime/decsp6.s:8
    decsp5.o                  runtime/decsp5.s:8
    decsp4.o                  runtime/decsp4.s:8
    decsp3.o                  runtime/decsp3.s:8
    decsp2.o                  runtime/decsp2.s:8
    decsp1.o                  runtime/decsp1.s:8
    crt0.o                    /home/runner/work/cc65/cc65/asminc/zeropage.inc:11
    addysp.o                  runtime/addysp.s:8
    addeqsp.o                 runtime/addeqsp.s:8
    add.o                     runtime/add.s:12
    game.c.9876.0.o           game.c.9876.0.s:10
callmain (callmain.o):
    crt0.o                    c64/crt0.s:9
decsp1 (decsp1.o):
    game.c.9876.0.o           game.c.9876.0.s:10499
    game.c.9876.0.o           game.c.9876.0.s:10499
    game.c.9876.0.o           game.c.9876.0.s:10499
    game.c.9876.0.o           game.c.9876.0.s:10499
    game.c.9876.0.o           game.c.9876.0.s:10499
    game.c.9876.0.o           game.c.9876.0.s:10499
    game.c.9876.0.o           game.c.9876.0.s:10499
    game.c.9876.0.o           game.c.9876.0.s:10499
    game.c.9876.0.o           game.c.9876.0.s:10499
    game.c.9876.0.o           game.c.9876.0.s:10499
    game.c.9876.0.o           game.c.9876.0.s:10499
    game.c.9876.0.o           game.c.9876.0.s:10499
    game.c.9876.0.o           game.c.9876.0.s:10499
    game.c.9876.0.o           game.c.9876.0.s:10499
    game.c.9876.0.o           game.c.9876.0.s:10499
    game.c.9876.0.o           game.c.9876.0.s:10499
    game.c.9876.0.o           game.c.9876.0.s:10499
decsp2 (decsp2.o):
    game.c.9876.0.o           game.c.9876.0.s:10499
    game.c.9876.0.o           game.c.9876.0.s:10499
    game.c.9876.0.o           game.c.9876.0.s:10499
    game.c.9876.0.o           game.c.9876.0.s:10499
    game.c.9876.0.o           game.c.9876.0.s:10499
    game.c.9876.0.o           game.c.9876.0.s:10499
    game.c.9876.0.o           game.c.9876.0.s:10499
    game.c.9876.0.o           game.c.9876.0.s:10499
    game.c.9876.0.o           game.c.9876.0.s:10499
    game.c.9876.0.o           game.c.9876.0.s:10499
    game.c.9876.0.o           game.c.9876.0.s:10499
    game.c.9876.0.o           game.c.9876.0.s:10499
decsp3 (decsp3.o):
    game.c.9876.0.o           game.c.9876.0.s:10499
    game.c.9876.0.o           game.c.9876.0.s:10499
    game.c.9876.0.o           game.c.9876.0.s:10499
    game.c.9876.0.o           game.c.9876.0.s:10499
    game.c.9876.0.o           game.c.9876.0.s:10499
    game.c.9876.0.o           game.c.9876.0.s:10499
    game.c.9876.0.o           game.c.9876.0.s:10499
    game.c.9876.0.o           game.c.9876.0.s:10499
    game.c.9876.0.o           game.c.9876.0.s:10499
    game.c.9876.0.o           game.c.9876.0.s:10499
decsp4 (decsp4.o):
    lpush.o                   runtime/lpush.s:12
    game.c.9876.0.o           game.c.9876.0.s:10499
    game.c.9876.0.o           game.c.9876.0.s:10499
    game.c.9876.0.o           game.c.9876.0.s:10499
    game.c.9876.0.o           game.c.9876.0.s:10499
    game.c.9876.0.o           game.c.9876.0.s:10499
    game.c.9876.0.o           game.c.9876.0.s:10499
decsp5 (decsp5.o):
    game.c.9876.0.o           game.c.9876.0.s:10499
    game.c.9876.0.o           game.c.9876.0.s:10499
    game.c.9876.0.o           game.c.9876.0.s:10499
    game.c.9876.0.o           game.c.9876.0.s:10499
    game.c.9876.0.o           game.c.9876.0.s:10499
decsp6 (decsp6.o):
    game.c.9876.0.o           game.c.9876.0.s:10499
    game.c.9876.0.o           game.c.9876.0.s:10499
    game.c.9876.0.o           game.c.9876.0.s:10499
    game.c.9876.0.o           game.c.9876.0.s:10499
    game.c.9876.0.o           game.c.9876.0.s:10499
    game.c.9876.0.o           game.c.9876.0.s:10499
    game.c.9876.0.o           game.c.9876.0.s:10499
    game.c.9876.0.o           game.c.9876.0.s:10499
    game.c.9876.0.o           game.c.9876.0.s:10499
    game.c.9876.0.o           game.c.9876.0.s:10499
    game.c.9876.0.o           game.c.9876.0.s:10499
    game.c.9876.0.o           game.c.9876.0.s:10499
decsp8 (decsp8.o):
    game.c.9876.0.o           game.c.9876.0.s:10499
    game.c.9876.0.o           game.c.9876.0.s:10499
donelib (condes.o):
    crt0.o                    c64/crt0.s:8
incsp1 (incsp1.o):
    game.c.9876.0.o           game.c.9876.0.s:10499
    game.c.9876.0.o           game.c.9876.0.s:10499
    game.c.9876.0.o           game.c.9876.0.s:10499
    game.c.9876.0.o           game.c.9876.0.s:10499
    game.c.9876.0.o           game.c.9876.0.s:10499
    game.c.9876.0.o           game.c.9876.0.s:10499
    game.c.9876.0.o           game.c.9876.0.s:10499
    game.c.9876.0.o           game.c.9876.0.s:10499
    game.c.9876.0.o           game.c.9876.0.s:10499
    game.c.9876.0.o           game.c.9876.0.s:10499
    game.c.9876.0.o           game.c.9876.0.s:10499
    game.c.9876.0.o           game.c.9876.0.s:10499
    game.c.9876.0.o           game.c.9876.0.s:10499
    game.c.9876.0.o           game.c.9876.0.s:10499
    game.c.9876.0.o           game.c.9876.0.s:10499
    game.c.9876.0.o           game.c.9876.0.s:10499
    game.c.9876.0.o           game.c.9876.0.s:10499
    game.c.9876.0.o           game.c.9876.0.s:10499
    game.c.9876.0.o           game.c.9876.0.s:10499
    game.c.9876.0.o           game.c.9876.0.s:10499
incsp2 (incsp2.o):
    staxspi.o                 runtime/staxspi.s:9
    staspidx.o                runtime/staspidx.s:8
    popptr1.o                 runtime/popptr1.s:8
    game.c.9876.0.o           game.c.9876.0.s:10499
    game.c.9876.0.o           game.c.9876.0.s:10499
    game.c.9876.0.o           game.c.9876.0.s:10499
    game.c.9876.0.o           game.c.9876.0.s:10499
    game.c.9876.0.o           game.c.9876.0.s:10499
    game.c.9876.0.o           game.c.9876.0.s:10499
    game.c.9876.0.o           game.c.9876.0.s:10499
    game.c.9876.0.o           game.c.9876.0.s:10499
    game.c.9876.0.o           game.c.9876.0.s:10499
    game.c.9876.0.o           game.c.9876.0.s:10499
    game.c.9876.0.o           game.c.9876.0.s:10499
    game.c.9876.0.o           game.c.9876.0.s:10499
    game.c.9876.0.o           game.c.9876.0.s:10499
    game.c.9876.0.o           game.c.9876.0.s:10499
    game.c.9876.0.o           game.c.9876.0.s:10499
    game.c.9876.0.o           game.c.9876.0.s:10499
    game.c.9876.0.o           game.c.9876.0.s:10499
    game.c.9876.0.o           game.c.9876.0.s:10499
    game.c.9876.0.o           game.c.9876.0.s:10499
    game.c.9876.0.o           game.c.9876.0.s:10499
    game.c.9876.0.o           game.c.9876.0.s:10499
    game.c.9876.0.o           game.c.9876.0.s:10499
incsp3 (incsp3.o):
    game.c.9876.0.o           game.c.9876.0.s:10499
    game.c.9876.0.o           game.c.9876.0.s:10499
    game.c.9876.0.o           game.c.9876.0.s:10499
    game.c.9876.0.o           game.c.9876.0.s:10499
    game.c.9876.0.o           game.c.9876.0.s:10499
    game.c.9876.0.o           game.c.9876.0.s:10499
    game.c.9876.0.o           game.c.9876.0.s:10499
    game.c.9876.0.o           game.c.9876.0.s:10499
    game.c.9876.0.o           game.c.9876.0.s:10499
incsp4 (incsp4.o):
    lcmp.o                    runtime/lcmp.s:9
    game.c.9876.0.o           game.c.9876.0.s:10499
    game.c.9876.0.o           game.c.9876.0.s:10499
    game.c.9876.0.o           game.c.9876.0.s:10499
    game.c.9876.0.o           game.c.9876.0.s:10499
    game.c.9876.0.o           game.c.9876.0.s:10499
    game.c.9876.0.o           game.c.9876.0.s:10499
    game.c.9876.0.o           game.c.9876.0.s:10499
incsp5 (incsp5.o):
    game.c.9876.0.o           game.c.9876.0.s:10499
    game.c.9876.0.o           game.c.9876.0.s:10499
incsp6 (incsp6.o):
    game.c.9876.0.o           game.c.9876.0.s:10499
    game.c.9876.0.o           game.c.9876.0.s:10499
    game.c.9876.0.o           game.c.9876.0.s:10499
    game.c.9876.0.o           game.c.9876.0.s:10499
incsp7 (incsp7.o):
    game.c.9876.0.o           game.c.9876.0.s:10499
    game.c.9876.0.o           game.c.9876.0.s:10499
    game.c.9876.0.o           game.c.9876.0.s:10499
    game.c.9876.0.o           game.c.9876.0.s:10499
    game.c.9876.0.o           game.c.9876.0.s:10499
incsp8 (incsp8.o):
    game.c.9876.0.o           game.c.9876.0.s:10499
    game.c.9876.0.o           game.c.9876.0.s:10499
initlib (condes.o):
    crt0.o                    c64/crt0.s:8
ldaidx (ldai.o):
    game.c.9876.0.o           game.c.9876.0.s:10499
    game.c.9876.0.o           game.c.9876.0.s:10499
    game.c.9876.0.o           game.c.9876.0.s:10499
    game.c.9876.0.o           game.c.9876.0.s:10499
    game.c.9876.0.o           game.c.9876.0.s:10499
    game.c.9876.0.o           game.c.9876.0.s:10499
    game.c.9876.0.o           game.c.9876.0.s:10499
    game.c.9876.0.o           game.c.9876.0.s:10499
    game.c.9876.0.o           game.c.9876.0.s:10499
    game.c.9876.0.o           game.c.9876.0.s:10499
    game.c.9876.0.o           game.c.9876.0.s:10499
    game.c.9876.0.o           game.c.9876.0.s:10499
    game.c.9876.0.o           game.c.9876.0.s:10499
    game.c.9876.0.o           game.c.9876.0.s:10499
ldeaxysp (ldeaxysp.o):
    game.c.9876.0.o           game.c.9876.0.s:10499
mul8x16 (mul8.o):
    mul.o                     runtime/mul.s:8
mul8x16a (mul8.o):
    mul.o                     runtime/mul.s:8
mulax10 (mulax10.o):
    game.c.9876.0.o           game.c.9876.0.s:10499
    game.c.9876.0.o           game.c.9876.0.s:10499
    game.c.9876.0.o           game.c.9876.0.s:10499
    game.c.9876.0.o           game.c.9876.0.s:10499
mulax3 (mulax3.o):
    game.c.9876.0.o           game.c.9876.0.s:10499
    game.c.9876.0.o           game.c.9876.0.s:10499
mulax5 (mulax5.o):
    game.c.9876.0.o           game.c.9876.0.s:10499
    game.c.9876.0.o           game.c.9876.0.s:10499
    game.c.9876.0.o           game.c.9876.0.s:10499
    game.c.9876.0.o           game.c.9876.0.s:10499
negax (negabs.o):
    shelp.o                   runtime/shelp.s:11
    div.o                     runtime/div.s:11
    game.c.9876.0.o           game.c.9876.0.s:10499
    game.c.9876.0.o           game.c.9876.0.s:10499
popax (incsp2.o):
    shl.o                     runtime/shl.s:15
    shelp.o                   runtime/shelp.s:11
    memset.o                  common/memset.s:19
    memcpy.o                  common/memcpy.s:14
popptr1 (popptr1.o):
    umod.o                    runtime/umod.s:8
    udiv.o                    runtime/udiv.s:9
    mul8.o                    runtime/mul8.s:9
    mul.o                     runtime/mul.s:9
    memcpy.o                  common/memcpy.s:14
popsargsudiv16 (shelp.o):
    div.o                     runtime/div.s:11
ptr1 (zeropage.o):
    lcmp.o                    runtime/lcmp.s:10
    zerobss.o                 common/zerobss.s:9
    udiv.o                    runtime/udiv.s:10
    staxspi.o                 runtime/staxspi.s:10
    staspidx.o                runtime/staspidx.s:9
    shelp.o                   runtime/shelp.s:12
    popptr1.o                 runtime/popptr1.s:9
    mulax5.o                  runtime/mulax5.s:9
    mulax3.o                  runtime/mulax3.s:9
    mulax10.o                 runtime/mulax10.s:9
    mul8.o                    runtime/mul8.s:10
    mul.o                     runtime/mul.s:10
    memset.o                  common/memset.s:20
    memcpy.o                  common/memcpy.s:15
    ludiv.o                   runtime/ludiv.s:10
    lmul.o                    runtime/lmul.s:10
    ldai.o                    runtime/ldai.s:8
    div.o                     runtime/div.s:12
    stamp.s.9876.1.o          D:\Claude\oddballz-c64\vendor\cc65\asminc/zeropage.inc:12
    game.c.9876.0.o           game.c.9876.0.s:11
ptr2 (zeropage.o):
    memset.o                  common/memset.s:20
    memcpy.o                  common/memcpy.s:15
    ludiv.o                   runtime/ludiv.s:10
    stamp.s.9876.1.o          D:\Claude\oddballz-c64\vendor\cc65\asminc/zeropage.inc:12
    game.c.9876.0.o           game.c.9876.0.s:11
ptr3 (zeropage.o):
    memset.o                  common/memset.s:20
    memcpy.o                  common/memcpy.s:15
    ludiv.o                   runtime/ludiv.s:10
    lmul.o                    runtime/lmul.s:10
    stamp.s.9876.1.o          D:\Claude\oddballz-c64\vendor\cc65\asminc/zeropage.inc:12
ptr4 (zeropage.o):
    umod.o                    runtime/umod.s:9
    udiv.o                    runtime/udiv.s:10
    shelp.o                   runtime/shelp.s:12
    mul8.o                    runtime/mul8.s:10
    mul.o                     runtime/mul.s:10
    ludiv.o                   runtime/ludiv.s:10
    lmul.o                    runtime/lmul.s:10
    stamp.s.9876.1.o          D:\Claude\oddballz-c64\vendor\cc65\asminc/zeropage.inc:12
push0 (pushax.o):
    game.c.9876.0.o           game.c.9876.0.s:10499
push0ax (lpush.o):
    game.c.9876.0.o           game.c.9876.0.s:10499
pusha (pusha.o):
    game.c.9876.0.o           game.c.9876.0.s:10499
    game.c.9876.0.o           game.c.9876.0.s:10499
    game.c.9876.0.o           game.c.9876.0.s:10499
    game.c.9876.0.o           game.c.9876.0.s:10499
    game.c.9876.0.o           game.c.9876.0.s:10499
    game.c.9876.0.o           game.c.9876.0.s:10499
    game.c.9876.0.o           game.c.9876.0.s:10499
    game.c.9876.0.o           game.c.9876.0.s:10499
    game.c.9876.0.o           game.c.9876.0.s:10499
    game.c.9876.0.o           game.c.9876.0.s:10499
    game.c.9876.0.o           game.c.9876.0.s:10499
    game.c.9876.0.o           game.c.9876.0.s:10499
    game.c.9876.0.o           game.c.9876.0.s:10499
    game.c.9876.0.o           game.c.9876.0.s:10499
    game.c.9876.0.o           game.c.9876.0.s:10499
    game.c.9876.0.o           game.c.9876.0.s:10499
    game.c.9876.0.o           game.c.9876.0.s:10499
    game.c.9876.0.o           game.c.9876.0.s:10499
    game.c.9876.0.o           game.c.9876.0.s:10499
    game.c.9876.0.o           game.c.9876.0.s:10499
    game.c.9876.0.o           game.c.9876.0.s:10499
    game.c.9876.0.o           game.c.9876.0.s:10499
    game.c.9876.0.o           game.c.9876.0.s:10499
    game.c.9876.0.o           game.c.9876.0.s:10499
    game.c.9876.0.o           game.c.9876.0.s:10499
    game.c.9876.0.o           game.c.9876.0.s:10499
    game.c.9876.0.o           game.c.9876.0.s:10499
    game.c.9876.0.o           game.c.9876.0.s:10499
    game.c.9876.0.o           game.c.9876.0.s:10499
    game.c.9876.0.o           game.c.9876.0.s:10499
    game.c.9876.0.o           game.c.9876.0.s:10499
    game.c.9876.0.o           game.c.9876.0.s:10499
    game.c.9876.0.o           game.c.9876.0.s:10499
    game.c.9876.0.o           game.c.9876.0.s:10499
    game.c.9876.0.o           game.c.9876.0.s:10499
    game.c.9876.0.o           game.c.9876.0.s:10499
    game.c.9876.0.o           game.c.9876.0.s:10499
    game.c.9876.0.o           game.c.9876.0.s:10499
    game.c.9876.0.o           game.c.9876.0.s:10499
    game.c.9876.0.o           game.c.9876.0.s:10499
    game.c.9876.0.o           game.c.9876.0.s:10499
    game.c.9876.0.o           game.c.9876.0.s:10499
    game.c.9876.0.o           game.c.9876.0.s:10499
    game.c.9876.0.o           game.c.9876.0.s:10499
    game.c.9876.0.o           game.c.9876.0.s:10499
pusha0 (pushax.o):
    game.c.9876.0.o           game.c.9876.0.s:10499
    game.c.9876.0.o           game.c.9876.0.s:10499
    game.c.9876.0.o           game.c.9876.0.s:10499
    game.c.9876.0.o           game.c.9876.0.s:10499
    game.c.9876.0.o           game.c.9876.0.s:10499
    game.c.9876.0.o           game.c.9876.0.s:10499
    game.c.9876.0.o           game.c.9876.0.s:10499
    game.c.9876.0.o           game.c.9876.0.s:10499
    game.c.9876.0.o           game.c.9876.0.s:10499
    game.c.9876.0.o           game.c.9876.0.s:10499
    game.c.9876.0.o           game.c.9876.0.s:10499
    game.c.9876.0.o           game.c.9876.0.s:10499
    game.c.9876.0.o           game.c.9876.0.s:10499
    game.c.9876.0.o           game.c.9876.0.s:10499
pushax (pushax.o):
    callmain.o                runtime/callmain.s:11
    game.c.9876.0.o           game.c.9876.0.s:10499
    game.c.9876.0.o           game.c.9876.0.s:10499
    game.c.9876.0.o           game.c.9876.0.s:10499
    game.c.9876.0.o           game.c.9876.0.s:10499
    game.c.9876.0.o           game.c.9876.0.s:10499
    game.c.9876.0.o           game.c.9876.0.s:10499
    game.c.9876.0.o           game.c.9876.0.s:10499
    game.c.9876.0.o           game.c.9876.0.s:10499
    game.c.9876.0.o           game.c.9876.0.s:10499
    game.c.9876.0.o           game.c.9876.0.s:10499
    game.c.9876.0.o           game.c.9876.0.s:10499
    game.c.9876.0.o           game.c.9876.0.s:10499
    game.c.9876.0.o           game.c.9876.0.s:10499
    game.c.9876.0.o           game.c.9876.0.s:10499
    game.c.9876.0.o           game.c.9876.0.s:10499
    game.c.9876.0.o           game.c.9876.0.s:10499
    game.c.9876.0.o           game.c.9876.0.s:10499
    game.c.9876.0.o           game.c.9876.0.s:10499
    game.c.9876.0.o           game.c.9876.0.s:10499
    game.c.9876.0.o           game.c.9876.0.s:10499
    game.c.9876.0.o           game.c.9876.0.s:10499
    game.c.9876.0.o           game.c.9876.0.s:10499
    game.c.9876.0.o           game.c.9876.0.s:10499
    game.c.9876.0.o           game.c.9876.0.s:10499
    game.c.9876.0.o           game.c.9876.0.s:10499
    game.c.9876.0.o           game.c.9876.0.s:10499
    game.c.9876.0.o           game.c.9876.0.s:10499
    game.c.9876.0.o           game.c.9876.0.s:10499
    game.c.9876.0.o           game.c.9876.0.s:10499
    game.c.9876.0.o           game.c.9876.0.s:10499
    game.c.9876.0.o           game.c.9876.0.s:10499
    game.c.9876.0.o           game.c.9876.0.s:10499
pusheax (lpush.o):
    game.c.9876.0.o           game.c.9876.0.s:10499
    game.c.9876.0.o           game.c.9876.0.s:10499
pushw0sp (pushwsp.o):
    game.c.9876.0.o           game.c.9876.0.s:10499
pushwysp (pushwsp.o):
    game.c.9876.0.o           game.c.9876.0.s:10499
    game.c.9876.0.o           game.c.9876.0.s:10499
    game.c.9876.0.o           game.c.9876.0.s:10499
    game.c.9876.0.o           game.c.9876.0.s:10499
    game.c.9876.0.o           game.c.9876.0.s:10499
    game.c.9876.0.o           game.c.9876.0.s:10499
    game.c.9876.0.o           game.c.9876.0.s:10499
    game.c.9876.0.o           game.c.9876.0.s:10499
    game.c.9876.0.o           game.c.9876.0.s:10499
    game.c.9876.0.o           game.c.9876.0.s:10499
    game.c.9876.0.o           game.c.9876.0.s:10499
regsave (zeropage.o):
    game.c.9876.0.o           game.c.9876.0.s:10
shlax2 (aslax2.o):
    game.c.9876.0.o           game.c.9876.0.s:10499
    game.c.9876.0.o           game.c.9876.0.s:10499
    game.c.9876.0.o           game.c.9876.0.s:10499
shlax3 (aslax3.o):
    game.c.9876.0.o           game.c.9876.0.s:10499
    game.c.9876.0.o           game.c.9876.0.s:10499
    game.c.9876.0.o           game.c.9876.0.s:10499
shlax4 (aslax4.o):
    game.c.9876.0.o           game.c.9876.0.s:10499
    game.c.9876.0.o           game.c.9876.0.s:10499
    game.c.9876.0.o           game.c.9876.0.s:10499
    game.c.9876.0.o           game.c.9876.0.s:10499
    game.c.9876.0.o           game.c.9876.0.s:10499
    game.c.9876.0.o           game.c.9876.0.s:10499
    game.c.9876.0.o           game.c.9876.0.s:10499
    game.c.9876.0.o           game.c.9876.0.s:10499
    game.c.9876.0.o           game.c.9876.0.s:10499
    game.c.9876.0.o           game.c.9876.0.s:10499
    game.c.9876.0.o           game.c.9876.0.s:10499
    game.c.9876.0.o           game.c.9876.0.s:10499
    game.c.9876.0.o           game.c.9876.0.s:10499
shlaxy (shl.o):
    game.c.9876.0.o           game.c.9876.0.s:10499
shrax2 (shrax2.o):
    game.c.9876.0.o           game.c.9876.0.s:10499
    game.c.9876.0.o           game.c.9876.0.s:10499
shrax3 (shrax3.o):
    game.c.9876.0.o           game.c.9876.0.s:10499
    game.c.9876.0.o           game.c.9876.0.s:10499
sreg (zeropage.o):
    lcmp.o                    runtime/lcmp.s:10
    umod.o                    runtime/umod.s:9
    udiv.o                    runtime/udiv.s:10
    ludiv.o                   runtime/ludiv.s:10
    lsub.o                    runtime/lsub.s:12
    lpush.o                   runtime/lpush.s:13
    lmul.o                    runtime/lmul.s:10
    ldeaxysp.o                runtime/ldeaxysp.s:12
    icmp.o                    runtime/icmp.s:9
    axlong.o                  runtime/axlong.s:9
    stamp.s.9876.1.o          D:\Claude\oddballz-c64\vendor\cc65\asminc/zeropage.inc:11
    game.c.9876.0.o           game.c.9876.0.s:10
staspidx (staspidx.o):
    game.c.9876.0.o           game.c.9876.0.s:10499
    game.c.9876.0.o           game.c.9876.0.s:10499
    game.c.9876.0.o           game.c.9876.0.s:10499
    game.c.9876.0.o           game.c.9876.0.s:10499
    game.c.9876.0.o           game.c.9876.0.s:10499
    game.c.9876.0.o           game.c.9876.0.s:10499
    game.c.9876.0.o           game.c.9876.0.s:10499
    game.c.9876.0.o           game.c.9876.0.s:10499
stax0sp (staxsp.o):
    game.c.9876.0.o           game.c.9876.0.s:10499
    game.c.9876.0.o           game.c.9876.0.s:10499
staxspidx (staxspi.o):
    game.c.9876.0.o           game.c.9876.0.s:10499
    game.c.9876.0.o           game.c.9876.0.s:10499
staxysp (staxsp.o):
    game.c.9876.0.o           game.c.9876.0.s:10499
    game.c.9876.0.o           game.c.9876.0.s:10499
    game.c.9876.0.o           game.c.9876.0.s:10499
    game.c.9876.0.o           game.c.9876.0.s:10499
subysp (subysp.o):
    game.c.9876.0.o           game.c.9876.0.s:10499
tmp1 (zeropage.o):
    staxspi.o                 runtime/staxspi.s:10
    staspidx.o                runtime/staspidx.s:9
    shrax3.o                  runtime/shrax3.s:8
    shrax2.o                  runtime/shrax2.s:8
    shl.o                     runtime/shl.s:16
    shelp.o                   runtime/shelp.s:12
    or.o                      runtime/or.s:10
    mul.o                     runtime/mul.s:10
    div.o                     runtime/div.s:12
    asrax3.o                  runtime/asrax3.s:9
    asrax2.o                  runtime/asrax2.s:8
    asrax1.o                  runtime/asrax1.s:8
    aslax4.o                  runtime/aslax4.s:8
    aslax3.o                  runtime/aslax3.s:8
    aslax2.o                  runtime/aslax2.s:8
    add.o                     runtime/add.s:12
    stamp.s.9876.1.o          D:\Claude\oddballz-c64\vendor\cc65\asminc/zeropage.inc:13
    game.c.9876.0.o           game.c.9876.0.s:11
tmp2 (zeropage.o):
    shelp.o                   runtime/shelp.s:12
    lmul.o                    runtime/lmul.s:10
    div.o                     runtime/div.s:12
    stamp.s.9876.1.o          D:\Claude\oddballz-c64\vendor\cc65\asminc/zeropage.inc:13
tmp3 (zeropage.o):
    ludiv.o                   runtime/ludiv.s:10
    lmul.o                    runtime/lmul.s:10
    stamp.s.9876.1.o          D:\Claude\oddballz-c64\vendor\cc65\asminc/zeropage.inc:13
tmp4 (zeropage.o):
    ludiv.o                   runtime/ludiv.s:10
    lmul.o                    runtime/lmul.s:10
    stamp.s.9876.1.o          D:\Claude\oddballz-c64\vendor\cc65\asminc/zeropage.inc:13
tosadda0 (add.o):
    game.c.9876.0.o           game.c.9876.0.s:10499
tosaddax (add.o):
    game.c.9876.0.o           game.c.9876.0.s:10499
    game.c.9876.0.o           game.c.9876.0.s:10499
    game.c.9876.0.o           game.c.9876.0.s:10499
    game.c.9876.0.o           game.c.9876.0.s:10499
    game.c.9876.0.o           game.c.9876.0.s:10499
    game.c.9876.0.o           game.c.9876.0.s:10499
    game.c.9876.0.o           game.c.9876.0.s:10499
    game.c.9876.0.o           game.c.9876.0.s:10499
    game.c.9876.0.o           game.c.9876.0.s:10499
tosaslax (shl.o):
    game.c.9876.0.o           game.c.9876.0.s:10499
    game.c.9876.0.o           game.c.9876.0.s:10499
tosdiva0 (div.o):
    game.c.9876.0.o           game.c.9876.0.s:10499
tosgtax (gt.o):
    game.c.9876.0.o           game.c.9876.0.s:10499
tosicmp (icmp.o):
    lt.o                      runtime/lt.s:8
    gt.o                      runtime/gt.s:8
    game.c.9876.0.o           game.c.9876.0.s:10499
    game.c.9876.0.o           game.c.9876.0.s:10499
    game.c.9876.0.o           game.c.9876.0.s:10499
    game.c.9876.0.o           game.c.9876.0.s:10499
    game.c.9876.0.o           game.c.9876.0.s:10499
    game.c.9876.0.o           game.c.9876.0.s:10499
toslcmp (lcmp.o):
    lle.o                     runtime/lle.s:8
tosleeax (lle.o):
    game.c.9876.0.o           game.c.9876.0.s:10499
tosltax (lt.o):
    game.c.9876.0.o           game.c.9876.0.s:10499
tosmula0 (mul8.o):
    game.c.9876.0.o           game.c.9876.0.s:10499
    game.c.9876.0.o           game.c.9876.0.s:10499
    game.c.9876.0.o           game.c.9876.0.s:10499
    game.c.9876.0.o           game.c.9876.0.s:10499
    game.c.9876.0.o           game.c.9876.0.s:10499
    game.c.9876.0.o           game.c.9876.0.s:10499
    game.c.9876.0.o           game.c.9876.0.s:10499
    game.c.9876.0.o           game.c.9876.0.s:10499
tosmulax (mul.o):
    game.c.9876.0.o           game.c.9876.0.s:10499
    game.c.9876.0.o           game.c.9876.0.s:10499
tosmuleax (lmul.o):
    game.c.9876.0.o           game.c.9876.0.s:10499
tosora0 (or.o):
    game.c.9876.0.o           game.c.9876.0.s:10499
    game.c.9876.0.o           game.c.9876.0.s:10499
tossuba0 (sub.o):
    game.c.9876.0.o           game.c.9876.0.s:10499
    game.c.9876.0.o           game.c.9876.0.s:10499
    game.c.9876.0.o           game.c.9876.0.s:10499
    game.c.9876.0.o           game.c.9876.0.s:10499
tossubax (sub.o):
    game.c.9876.0.o           game.c.9876.0.s:10499
    game.c.9876.0.o           game.c.9876.0.s:10499
    game.c.9876.0.o           game.c.9876.0.s:10499
    game.c.9876.0.o           game.c.9876.0.s:10499
    game.c.9876.0.o           game.c.9876.0.s:10499
    game.c.9876.0.o           game.c.9876.0.s:10499
    game.c.9876.0.o           game.c.9876.0.s:10499
    game.c.9876.0.o           game.c.9876.0.s:10499
    game.c.9876.0.o           game.c.9876.0.s:10499
    game.c.9876.0.o           game.c.9876.0.s:10499
    game.c.9876.0.o           game.c.9876.0.s:10499
tossubeax (lsub.o):
    game.c.9876.0.o           game.c.9876.0.s:10499
tosudiv0ax (ludiv.o):
    game.c.9876.0.o           game.c.9876.0.s:10499
tosudiva0 (udiv.o):
    game.c.9876.0.o           game.c.9876.0.s:10499
    game.c.9876.0.o           game.c.9876.0.s:10499
tosudivax (udiv.o):
    game.c.9876.0.o           game.c.9876.0.s:10499
tosumoda0 (umod.o):
    game.c.9876.0.o           game.c.9876.0.s:10499
    game.c.9876.0.o           game.c.9876.0.s:10499
    game.c.9876.0.o           game.c.9876.0.s:10499
    game.c.9876.0.o           game.c.9876.0.s:10499
tosumodax (umod.o):
    game.c.9876.0.o           game.c.9876.0.s:10499
tosumul0ax (lmul.o):
    game.c.9876.0.o           game.c.9876.0.s:10499
tosumula0 (mul8.o):
    game.c.9876.0.o           game.c.9876.0.s:10499
    game.c.9876.0.o           game.c.9876.0.s:10499
    game.c.9876.0.o           game.c.9876.0.s:10499
    game.c.9876.0.o           game.c.9876.0.s:10499
tosumulax (mul.o):
    game.c.9876.0.o           game.c.9876.0.s:10499
    game.c.9876.0.o           game.c.9876.0.s:10499
    game.c.9876.0.o           game.c.9876.0.s:10499
udiv16 (udiv.o):
    umod.o                    runtime/umod.s:8
    shelp.o                   runtime/shelp.s:11
zerobss (zerobss.o):
    crt0.o                    c64/crt0.s:9

