Modules list:
-------------
game.c.13164.0.o:
    CODE              Offs=000000  Size=003E99  Align=00001  Fill=0000
    RODATA            Offs=000000  Size=000250  Align=00001  Fill=0000
    BSS               Offs=000000  Size=000A44  Align=00001  Fill=0000
    DATA              Offs=000000  Size=00001A  Align=00001  Fill=0000
stamp.s.13164.1.o:
    CODE              Offs=003E99  Size=000157  Align=00001  Fill=0000
    BSS               Offs=000A44  Size=000004  Align=00001  Fill=0000
D:\Claude\oddballz-c64\vendor\cc65\lib/c64.lib(add.o):
    CODE              Offs=003FF0  Size=00001C  Align=00001  Fill=0000
D:\Claude\oddballz-c64\vendor\cc65\lib/c64.lib(addeqsp.o):
    CODE              Offs=00400C  Size=000011  Align=00001  Fill=0000
D:\Claude\oddballz-c64\vendor\cc65\lib/c64.lib(addysp.o):
    CODE              Offs=00401D  Size=00000E  Align=00001  Fill=0000
D:\Claude\oddballz-c64\vendor\cc65\lib/c64.lib(aslax2.o):
    CODE              Offs=00402B  Size=00000B  Align=00001  Fill=0000
D:\Claude\oddballz-c64\vendor\cc65\lib/c64.lib(aslax3.o):
    CODE              Offs=004036  Size=00000E  Align=00001  Fill=0000
D:\Claude\oddballz-c64\vendor\cc65\lib/c64.lib(aslax4.o):
    CODE              Offs=004044  Size=000011  Align=00001  Fill=0000
D:\Claude\oddballz-c64\vendor\cc65\lib/c64.lib(asrax1.o):
    CODE              Offs=004055  Size=00000A  Align=00001  Fill=0000
D:\Claude\oddballz-c64\vendor\cc65\lib/c64.lib(asrax2.o):
    CODE              Offs=00405F  Size=00000F  Align=00001  Fill=0000
D:\Claude\oddballz-c64\vendor\cc65\lib/c64.lib(asrax3.o):
    CODE              Offs=00406E  Size=000014  Align=00001  Fill=0000
D:\Claude\oddballz-c64\vendor\cc65\lib/c64.lib(axlong.o):
    CODE              Offs=004082  Size=00000D  Align=00001  Fill=0000
D:\Claude\oddballz-c64\vendor\cc65\lib/c64.lib(callmain.o):
    CODE              Offs=00408F  Size=000017  Align=00001  Fill=0000
    DATA              Offs=00001A  Size=000004  Align=00001  Fill=0000
D:\Claude\oddballz-c64\vendor\cc65\lib/c64.lib(condes.o):
    CODE              Offs=0040A6  Size=00000C  Align=00001  Fill=0000
    DATA              Offs=00001E  Size=000025  Align=00001  Fill=0000
    ONCE              Offs=000000  Size=00000C  Align=00001  Fill=0000
D:\Claude\oddballz-c64\vendor\cc65\lib/c64.lib(crt0.o):
    STARTUP           Offs=000000  Size=000033  Align=00001  Fill=0000
    ONCE              Offs=00000C  Size=00001A  Align=00001  Fill=0000
    INIT              Offs=000000  Size=00001C  Align=00001  Fill=0000
D:\Claude\oddballz-c64\vendor\cc65\lib/c64.lib(decsp1.o):
    CODE              Offs=0040B2  Size=000009  Align=00001  Fill=0000
D:\Claude\oddballz-c64\vendor\cc65\lib/c64.lib(decsp2.o):
    CODE              Offs=0040BB  Size=00000D  Align=00001  Fill=0000
D:\Claude\oddballz-c64\vendor\cc65\lib/c64.lib(decsp3.o):
    CODE              Offs=0040C8  Size=00000D  Align=00001  Fill=0000
D:\Claude\oddballz-c64\vendor\cc65\lib/c64.lib(decsp4.o):
    CODE              Offs=0040D5  Size=00000D  Align=00001  Fill=0000
D:\Claude\oddballz-c64\vendor\cc65\lib/c64.lib(decsp5.o):
    CODE              Offs=0040E2  Size=00000D  Align=00001  Fill=0000
D:\Claude\oddballz-c64\vendor\cc65\lib/c64.lib(decsp6.o):
    CODE              Offs=0040EF  Size=00000D  Align=00001  Fill=0000
D:\Claude\oddballz-c64\vendor\cc65\lib/c64.lib(decsp8.o):
    CODE              Offs=0040FC  Size=00000D  Align=00001  Fill=0000
D:\Claude\oddballz-c64\vendor\cc65\lib/c64.lib(div.o):
    CODE              Offs=004109  Size=000015  Align=00001  Fill=0000
D:\Claude\oddballz-c64\vendor\cc65\lib/c64.lib(exehdr.o):
    EXEHDR            Offs=000000  Size=00000C  Align=00001  Fill=0000
D:\Claude\oddballz-c64\vendor\cc65\lib/c64.lib(gt.o):
    CODE              Offs=00411E  Size=00000A  Align=00001  Fill=0000
D:\Claude\oddballz-c64\vendor\cc65\lib/c64.lib(icmp.o):
    CODE              Offs=004128  Size=00002E  Align=00001  Fill=0000
D:\Claude\oddballz-c64\vendor\cc65\lib/c64.lib(incsp1.o):
    CODE              Offs=004156  Size=000007  Align=00001  Fill=0000
D:\Claude\oddballz-c64\vendor\cc65\lib/c64.lib(incsp2.o):
    CODE              Offs=00415D  Size=000016  Align=00001  Fill=0000
D:\Claude\oddballz-c64\vendor\cc65\lib/c64.lib(incsp3.o):
    CODE              Offs=004173  Size=000005  Align=00001  Fill=0000
D:\Claude\oddballz-c64\vendor\cc65\lib/c64.lib(incsp4.o):
    CODE              Offs=004178  Size=000005  Align=00001  Fill=0000
D:\Claude\oddballz-c64\vendor\cc65\lib/c64.lib(incsp5.o):
    CODE              Offs=00417D  Size=000005  Align=00001  Fill=0000
D:\Claude\oddballz-c64\vendor\cc65\lib/c64.lib(incsp6.o):
    CODE              Offs=004182  Size=000005  Align=00001  Fill=0000
D:\Claude\oddballz-c64\vendor\cc65\lib/c64.lib(incsp7.o):
    CODE              Offs=004187  Size=000005  Align=00001  Fill=0000
D:\Claude\oddballz-c64\vendor\cc65\lib/c64.lib(incsp8.o):
    CODE              Offs=00418C  Size=000005  Align=00001  Fill=0000
D:\Claude\oddballz-c64\vendor\cc65\lib/c64.lib(kernal.o):
D:\Claude\oddballz-c64\vendor\cc65\lib/c64.lib(lcmp.o):
    CODE              Offs=004191  Size=00003B  Align=00001  Fill=0000
D:\Claude\oddballz-c64\vendor\cc65\lib/c64.lib(ldai.o):
    CODE              Offs=0041CC  Size=00000C  Align=00001  Fill=0000
D:\Claude\oddballz-c64\vendor\cc65\lib/c64.lib(ldeaxysp.o):
    CODE              Offs=0041D8  Size=000013  Align=00001  Fill=0000
D:\Claude\oddballz-c64\vendor\cc65\lib/c64.lib(lle.o):
    CODE              Offs=0041EB  Size=000006  Align=00001  Fill=0000
D:\Claude\oddballz-c64\vendor\cc65\lib/c64.lib(lmul.o):
    CODE              Offs=0041F1  Size=00005C  Align=00001  Fill=0000
D:\Claude\oddballz-c64\vendor\cc65\lib/c64.lib(loadaddr.o):
    LOADADDR          Offs=000000  Size=000002  Align=00001  Fill=0000
D:\Claude\oddballz-c64\vendor\cc65\lib/c64.lib(lpush.o):
    CODE              Offs=00424D  Size=000021  Align=00001  Fill=0000
D:\Claude\oddballz-c64\vendor\cc65\lib/c64.lib(lsub.o):
    CODE              Offs=00426E  Size=000027  Align=00001  Fill=0000
D:\Claude\oddballz-c64\vendor\cc65\lib/c64.lib(lt.o):
    CODE              Offs=004295  Size=00000A  Align=00001  Fill=0000
D:\Claude\oddballz-c64\vendor\cc65\lib/c64.lib(ludiv.o):
    CODE              Offs=00429F  Size=00007A  Align=00001  Fill=0000
D:\Claude\oddballz-c64\vendor\cc65\lib/c64.lib(makebool.o):
    CODE              Offs=004319  Size=00002C  Align=00001  Fill=0000
D:\Claude\oddballz-c64\vendor\cc65\lib/c64.lib(memcpy.o):
    CODE              Offs=004345  Size=00003C  Align=00001  Fill=0000
D:\Claude\oddballz-c64\vendor\cc65\lib/c64.lib(memset.o):
    CODE              Offs=004381  Size=00005D  Align=00001  Fill=0000
D:\Claude\oddballz-c64\vendor\cc65\lib/c64.lib(mul.o):
    CODE              Offs=0043DE  Size=000045  Align=00001  Fill=0000
D:\Claude\oddballz-c64\vendor\cc65\lib/c64.lib(mul8.o):
    CODE              Offs=004423  Size=00003A  Align=00001  Fill=0000
D:\Claude\oddballz-c64\vendor\cc65\lib/c64.lib(mulax10.o):
    CODE              Offs=00445D  Size=000019  Align=00001  Fill=0000
D:\Claude\oddballz-c64\vendor\cc65\lib/c64.lib(mulax3.o):
    CODE              Offs=004476  Size=000011  Align=00001  Fill=0000
D:\Claude\oddballz-c64\vendor\cc65\lib/c64.lib(mulax5.o):
    CODE              Offs=004487  Size=000014  Align=00001  Fill=0000
D:\Claude\oddballz-c64\vendor\cc65\lib/c64.lib(negabs.o):
    CODE              Offs=00449B  Size=000012  Align=00001  Fill=0000
D:\Claude\oddballz-c64\vendor\cc65\lib/c64.lib(or.o):
    CODE              Offs=0044AD  Size=000012  Align=00001  Fill=0000
D:\Claude\oddballz-c64\vendor\cc65\lib/c64.lib(popptr1.o):
    CODE              Offs=0044BF  Size=00000E  Align=00001  Fill=0000
D:\Claude\oddballz-c64\vendor\cc65\lib/c64.lib(pusha.o):
    CODE              Offs=0044CD  Size=000016  Align=00001  Fill=0000
D:\Claude\oddballz-c64\vendor\cc65\lib/c64.lib(pushax.o):
    CODE              Offs=0044E3  Size=00001A  Align=00001  Fill=0000
D:\Claude\oddballz-c64\vendor\cc65\lib/c64.lib(pushwsp.o):
    CODE              Offs=0044FD  Size=00001C  Align=00001  Fill=0000
D:\Claude\oddballz-c64\vendor\cc65\lib/c64.lib(shelp.o):
    CODE              Offs=004519  Size=000020  Align=00001  Fill=0000
D:\Claude\oddballz-c64\vendor\cc65\lib/c64.lib(shl.o):
    CODE              Offs=004539  Size=000033  Align=00001  Fill=0000
D:\Claude\oddballz-c64\vendor\cc65\lib/c64.lib(shrax2.o):
    CODE              Offs=00456C  Size=00000B  Align=00001  Fill=0000
D:\Claude\oddballz-c64\vendor\cc65\lib/c64.lib(shrax3.o):
    CODE              Offs=004577  Size=00000E  Align=00001  Fill=0000
D:\Claude\oddballz-c64\vendor\cc65\lib/c64.lib(staspidx.o):
    CODE              Offs=004585  Size=000016  Align=00001  Fill=0000
D:\Claude\oddballz-c64\vendor\cc65\lib/c64.lib(staxsp.o):
    CODE              Offs=00459B  Size=00000B  Align=00001  Fill=0000
D:\Claude\oddballz-c64\vendor\cc65\lib/c64.lib(staxspi.o):
    CODE              Offs=0045A6  Size=00001B  Align=00001  Fill=0000
D:\Claude\oddballz-c64\vendor\cc65\lib/c64.lib(sub.o):
    CODE              Offs=0045C1  Size=000015  Align=00001  Fill=0000
D:\Claude\oddballz-c64\vendor\cc65\lib/c64.lib(subysp.o):
    CODE              Offs=0045D6  Size=00000D  Align=00001  Fill=0000
D:\Claude\oddballz-c64\vendor\cc65\lib/c64.lib(udiv.o):
    CODE              Offs=0045E3  Size=00004F  Align=00001  Fill=0000
D:\Claude\oddballz-c64\vendor\cc65\lib/c64.lib(umod.o):
    CODE              Offs=004632  Size=000011  Align=00001  Fill=0000
D:\Claude\oddballz-c64\vendor\cc65\lib/c64.lib(zerobss.o):
    CODE              Offs=004643  Size=000023  Align=00001  Fill=0000
D:\Claude\oddballz-c64\vendor\cc65\lib/c64.lib(zeropage.o):
    ZEROPAGE          Offs=000000  Size=00001A  Align=00001  Fill=0000


Segment list:
-------------
Name                   Start     End    Size  Align
----------------------------------------------------
ZEROPAGE              000002  00001B  00001A  00001
LOADADDR              0007FF  000800  000002  00001
EXEHDR                000801  00080C  00000C  00001
STARTUP               00080D  00083F  000033  00001
CODE                  000840  004EA5  004666  00001
RODATA                004EA6  0050F5  000250  00001
DATA                  0050F6  005138  000043  00001
INIT                  005139  005154  00001C  00001
BSS                   005155  005B9C  000A48  00001
ONCE                  005155  00517A  000026  00001


Exports list by name:
---------------------
BSOUT                     00FFD2 RLA    _BALL_MASK                0057EC RLA    
_EXPAND                   005802 RLA    _ROW_ADDR_HI              00590A RLA    
_ROW_ADDR_LO              005842 RLA    _ROW_CELL_HI              005A9A RLA    
_ROW_CELL_LO              0059D2 RLA    __BSS_RUN__               005155 RLA    
__BSS_SIZE__              000A48 REA    __CONSTRUCTOR_COUNT__     000000 REA    
__CONSTRUCTOR_TABLE__     00517B RLA    __DESTRUCTOR_COUNT__      000000 REA    
__DESTRUCTOR_TABLE__      0050F6 RLA    __EXEHDR__                000001 REA    
__HEADER_LAST__           00080D RLA    __HIMEM__                 00D000 REA    
__LOADADDR__              000001 REA    __MAIN_SIZE__             00C7F3 REA    
__MAIN_START__            00080D RLA    __ONCE_RUN__              005155 RLA    
__STACKSIZE__             000800 REA    __STARTUP__               000001 REA    
___bzero                  004BC1 RLA    _main                     00442C RLA    
_memcpy                   004B85 RLA    _memset                   004BC9 RLA    
_stamp_ball_asm           0046D9 RLA    _stamp_bc                 005B62 RLA    
_stamp_col                005B64 RLA    _stamp_slot               005B65 RLA    
_stamp_y0                 005B63 RLA    addeq0sp                  00484C RLA    
addeqysp                  00484E RLA    addysp                    00485E RLA    
addysp1                   00485D RLA    aslax2                    00486B RLA    
aslax3                    004876 RLA    aslax4                    004884 RLA    
asrax1                    004895 RLA    asrax2                    00489F RLA    
asrax3                    0048AE RLA    axlong                    0048C2 RLA    
booleq                    004B5F RLA    boolgt                    004B6E RLA    
boolle                    004B66 RLA    boollt                    004B68 RLA    
boolne                    004B59 RLA    boolult                   004B78 RLA    
c_sp                      000002 RLZ    callmain                  0048CF RLA    
decsp1                    0048F2 RLA    decsp2                    0048FB RLA    
decsp3                    004908 RLA    decsp4                    004915 RLA    
decsp5                    004922 RLA    decsp6                    00492F RLA    
decsp8                    00493C RLA    donelib                   0048E6 RLA    
incsp1                    004996 RLA    incsp2                    0049A5 RLA    
incsp3                    0049B3 RLA    incsp4                    0049B8 RLA    
incsp5                    0049BD RLA    incsp6                    0049C2 RLA    
incsp7                    0049C7 RLA    incsp8                    0049CC RLA    
initlib                   005155 RLA    ldaidx                    004A0C RLA    
ldeaxysp                  004A1A RLA    mul8x16                   004C65 RLA    
mul8x16a                  004C6F RLA    mulax10                   004C9D RLA    
mulax3                    004CB6 RLA    mulax5                    004CC7 RLA    
negax                     004CDF RLA    popax                     00499D RLA    
popptr1                   004CFF RLA    popsargsudiv16            004D59 RLA    
ptr1                      00000A RLZ    ptr2                      00000C RLZ    
ptr3                      00000E RLZ    ptr4                      000010 RLZ    
push0                     004D23 RLA    push0ax                   004A90 RLA    
pusha                     004D11 RLA    pusha0                    004D25 RLA    
pushax                    004D27 RLA    pusheax                   004A96 RLA    
pushw0sp                  004D3D RLA    pushwysp                  004D3F RLA    
regsave                   000006 RLZ    shlax2                    00486B RLA    
shlax3                    004876 RLA    shlax4                    004884 RLA    
shlaxy                    004D80 RLA    shrax2                    004DAC RLA    
shrax3                    004DB7 RLA    sreg                      000004 RLZ    
staspidx                  004DC5 RLA    stax0sp                   004DDB RLA    
staxspidx                 004DE6 RLA    staxysp                   004DDD RLA    
subysp                    004E16 RLA    tmp1                      000012 RLZ    
tmp2                      000013 RLZ    tmp3                      000014 RLZ    
tmp4                      000015 RLZ    tosadda0                  004830 RLA    
tosaddax                  004832 RLA    tosaslax                  004D79 RLA    
tosdiva0                  004949 RLA    tosgtax                   004962 RLA    
tosicmp                   00496A RLA    toslcmp                   0049D1 RLA    
tosleeax                  004A2B RLA    tosltax                   004AD9 RLA    
tosmula0                  004C63 RLA    tosmulax                  004C1E RLA    
tosmuleax                 004A37 RLA    tosora0                   004CED RLA    
tossuba0                  004E01 RLA    tossubax                  004E03 RLA    
tossubeax                 004AB4 RLA    tosudiv0ax                004ADF RLA    
tosudiva0                 004E23 RLA    tosudivax                 004E25 RLA    
tosumoda0                 004E72 RLA    tosumodax                 004E74 RLA    
tosumul0ax                004A31 RLA    tosumula0                 004C63 RLA    
tosumulax                 004C1E RLA    udiv16                    004E34 RLA    
zerobss                   004E83 RLA    


Exports list by value:
----------------------
__DESTRUCTOR_COUNT__      000000 REA    __CONSTRUCTOR_COUNT__     000000 REA    
__EXEHDR__                000001 REA    __LOADADDR__              000001 REA    
__STARTUP__               000001 REA    c_sp                      000002 RLZ    
sreg                      000004 RLZ    regsave                   000006 RLZ    
ptr1                      00000A RLZ    ptr2                      00000C RLZ    
ptr3                      00000E RLZ    ptr4                      000010 RLZ    
tmp1                      000012 RLZ    tmp2                      000013 RLZ    
tmp3                      000014 RLZ    tmp4                      000015 RLZ    
__STACKSIZE__             000800 REA    __HEADER_LAST__           00080D RLA    
__MAIN_START__            00080D RLA    __BSS_SIZE__              000A48 REA    
_main                     00442C RLA    _stamp_ball_asm           0046D9 RLA    
tosadda0                  004830 RLA    tosaddax                  004832 RLA    
addeq0sp                  00484C RLA    addeqysp                  00484E RLA    
addysp1                   00485D RLA    addysp                    00485E RLA    
aslax2                    00486B RLA    shlax2                    00486B RLA    
shlax3                    004876 RLA    aslax3                    004876 RLA    
shlax4                    004884 RLA    aslax4                    004884 RLA    
asrax1                    004895 RLA    asrax2                    00489F RLA    
asrax3                    0048AE RLA    axlong                    0048C2 RLA    
callmain                  0048CF RLA    donelib                   0048E6 RLA    
decsp1                    0048F2 RLA    decsp2                    0048FB RLA    
decsp3                    004908 RLA    decsp4                    004915 RLA    
decsp5                    004922 RLA    decsp6                    00492F RLA    
decsp8                    00493C RLA    tosdiva0                  004949 RLA    
tosgtax                   004962 RLA    tosicmp                   00496A RLA    
incsp1                    004996 RLA    popax                     00499D RLA    
incsp2                    0049A5 RLA    incsp3                    0049B3 RLA    
incsp4                    0049B8 RLA    incsp5                    0049BD RLA    
incsp6                    0049C2 RLA    incsp7                    0049C7 RLA    
incsp8                    0049CC RLA    toslcmp                   0049D1 RLA    
ldaidx                    004A0C RLA    ldeaxysp                  004A1A RLA    
tosleeax                  004A2B RLA    tosumul0ax                004A31 RLA    
tosmuleax                 004A37 RLA    push0ax                   004A90 RLA    
pusheax                   004A96 RLA    tossubeax                 004AB4 RLA    
tosltax                   004AD9 RLA    tosudiv0ax                004ADF RLA    
boolne                    004B59 RLA    booleq                    004B5F RLA    
boolle                    004B66 RLA    boollt                    004B68 RLA    
boolgt                    004B6E RLA    boolult                   004B78 RLA    
_memcpy                   004B85 RLA    ___bzero                  004BC1 RLA    
_memset                   004BC9 RLA    tosmulax                  004C1E RLA    
tosumulax                 004C1E RLA    tosumula0                 004C63 RLA    
tosmula0                  004C63 RLA    mul8x16                   004C65 RLA    
mul8x16a                  004C6F RLA    mulax10                   004C9D RLA    
mulax3                    004CB6 RLA    mulax5                    004CC7 RLA    
negax                     004CDF RLA    tosora0                   004CED RLA    
popptr1                   004CFF RLA    pusha                     004D11 RLA    
push0                     004D23 RLA    pusha0                    004D25 RLA    
pushax                    004D27 RLA    pushw0sp                  004D3D RLA    
pushwysp                  004D3F RLA    popsargsudiv16            004D59 RLA    
tosaslax                  004D79 RLA    shlaxy                    004D80 RLA    
shrax2                    004DAC RLA    shrax3                    004DB7 RLA    
staspidx                  004DC5 RLA    stax0sp                   004DDB RLA    
staxysp                   004DDD RLA    staxspidx                 004DE6 RLA    
tossuba0                  004E01 RLA    tossubax                  004E03 RLA    
subysp                    004E16 RLA    tosudiva0                 004E23 RLA    
tosudivax                 004E25 RLA    udiv16                    004E34 RLA    
tosumoda0                 004E72 RLA    tosumodax                 004E74 RLA    
zerobss                   004E83 RLA    __DESTRUCTOR_TABLE__      0050F6 RLA    
initlib                   005155 RLA    __ONCE_RUN__              005155 RLA    
__BSS_RUN__               005155 RLA    __CONSTRUCTOR_TABLE__     00517B RLA    
_BALL_MASK                0057EC RLA    _EXPAND                   005802 RLA    
_ROW_ADDR_LO              005842 RLA    _ROW_ADDR_HI              00590A RLA    
_ROW_CELL_LO              0059D2 RLA    _ROW_CELL_HI              005A9A RLA    
_stamp_bc                 005B62 RLA    _stamp_y0                 005B63 RLA    
_stamp_col                005B64 RLA    _stamp_slot               005B65 RLA    
__MAIN_SIZE__             00C7F3 REA    __HIMEM__                 00D000 REA    
BSOUT                     00FFD2 RLA    


Imports list:
-------------
BSOUT (kernal.o):
    crt0.o                    c64/crt0.s:10
_BALL_MASK (game.c.13164.0.o):
    stamp.s.13164.1.o         D:\Claude\oddballz-c64\spikes\common\stamp.s:25
_EXPAND (game.c.13164.0.o):
    stamp.s.13164.1.o         D:\Claude\oddballz-c64\spikes\common\stamp.s:25
_ROW_ADDR_HI (game.c.13164.0.o):
    stamp.s.13164.1.o         D:\Claude\oddballz-c64\spikes\common\stamp.s:26
_ROW_ADDR_LO (game.c.13164.0.o):
    stamp.s.13164.1.o         D:\Claude\oddballz-c64\spikes\common\stamp.s:26
_ROW_CELL_HI (game.c.13164.0.o):
    stamp.s.13164.1.o         D:\Claude\oddballz-c64\spikes\common\stamp.s:27
_ROW_CELL_LO (game.c.13164.0.o):
    stamp.s.13164.1.o         D:\Claude\oddballz-c64\spikes\common\stamp.s:27
__BSS_RUN__ ([linker generated]):
    zerobss.o                 common/zerobss.s:8
__BSS_SIZE__ ([linker generated]):
    zerobss.o                 common/zerobss.s:8
__CONSTRUCTOR_COUNT__ ([linker generated]):
    condes.o                  runtime/condes.s:18
__CONSTRUCTOR_TABLE__ ([linker generated]):
    condes.o                  runtime/condes.s:18
__DESTRUCTOR_COUNT__ ([linker generated]):
    condes.o                  runtime/condes.s:19
__DESTRUCTOR_TABLE__ ([linker generated]):
    condes.o                  runtime/condes.s:19
__EXEHDR__ (exehdr.o):
    [linker generated]        D:\Claude\oddballz-c64\vendor\cc65\cfg/c64.cfg:6
__HEADER_LAST__ ([linker generated]):
    [linker generated]        D:\Claude\oddballz-c64\vendor\cc65\cfg/c64.cfg:14
    [linker generated]        D:\Claude\oddballz-c64\vendor\cc65\cfg/c64.cfg:14
__HIMEM__ ([linker generated]):
    [linker generated]        D:\Claude\oddballz-c64\vendor\cc65\cfg/c64.cfg:15
    [linker generated]        D:\Claude\oddballz-c64\vendor\cc65\cfg/c64.cfg:14
__LOADADDR__ (loadaddr.o):
    [linker generated]        D:\Claude\oddballz-c64\vendor\cc65\cfg/c64.cfg:5
__MAIN_SIZE__ ([linker generated]):
    crt0.o                    c64/crt0.s:11
__MAIN_START__ ([linker generated]):
    crt0.o                    c64/crt0.s:11
__ONCE_RUN__ ([linker generated]):
    [linker generated]        D:\Claude\oddballz-c64\vendor\cc65\cfg/c64.cfg:15
    [linker generated]        D:\Claude\oddballz-c64\vendor\cc65\cfg/c64.cfg:15
__STACKSIZE__ ([linker generated]):
    [linker generated]        D:\Claude\oddballz-c64\vendor\cc65\cfg/c64.cfg:15
__STARTUP__ (crt0.o):
    game.c.13164.0.o          game.c.13164.0.s:13
___bzero (memset.o):
    game.c.13164.0.o          game.c.13164.0.s:9806
    game.c.13164.0.o          game.c.13164.0.s:9806
_main (game.c.13164.0.o):
    callmain.o                runtime/callmain.s:11
_memcpy (memcpy.o):
    game.c.13164.0.o          game.c.13164.0.s:14
_memset (memset.o):
    game.c.13164.0.o          game.c.13164.0.s:15
_stamp_ball_asm (stamp.s.13164.1.o):
    game.c.13164.0.o          game.c.13164.0.s:52
_stamp_bc (game.c.13164.0.o):
    stamp.s.13164.1.o         D:\Claude\oddballz-c64\spikes\common\stamp.s:28
_stamp_col (game.c.13164.0.o):
    stamp.s.13164.1.o         D:\Claude\oddballz-c64\spikes\common\stamp.s:28
_stamp_slot (game.c.13164.0.o):
    stamp.s.13164.1.o         D:\Claude\oddballz-c64\spikes\common\stamp.s:28
_stamp_y0 (game.c.13164.0.o):
    stamp.s.13164.1.o         D:\Claude\oddballz-c64\spikes\common\stamp.s:28
addeq0sp (addeqsp.o):
    game.c.13164.0.o          game.c.13164.0.s:9806
    game.c.13164.0.o          game.c.13164.0.s:9806
addeqysp (addeqsp.o):
    game.c.13164.0.o          game.c.13164.0.s:9806
    game.c.13164.0.o          game.c.13164.0.s:9806
addysp (addysp.o):
    incsp8.o                  runtime/incsp8.s:8
    incsp7.o                  runtime/incsp7.s:8
    incsp6.o                  runtime/incsp6.s:8
    incsp5.o                  runtime/incsp5.s:8
    incsp4.o                  runtime/incsp4.s:8
    incsp3.o                  runtime/incsp3.s:8
    game.c.13164.0.o          game.c.13164.0.s:9806
    game.c.13164.0.o          game.c.13164.0.s:9806
    game.c.13164.0.o          game.c.13164.0.s:9806
    game.c.13164.0.o          game.c.13164.0.s:9806
    game.c.13164.0.o          game.c.13164.0.s:9806
    game.c.13164.0.o          game.c.13164.0.s:9806
    game.c.13164.0.o          game.c.13164.0.s:9806
    game.c.13164.0.o          game.c.13164.0.s:9806
    game.c.13164.0.o          game.c.13164.0.s:9806
    game.c.13164.0.o          game.c.13164.0.s:9806
    game.c.13164.0.o          game.c.13164.0.s:9806
    game.c.13164.0.o          game.c.13164.0.s:9806
addysp1 (addysp.o):
    sub.o                     runtime/sub.s:8
    or.o                      runtime/or.s:9
    ludiv.o                   runtime/ludiv.s:9
    lsub.o                    runtime/lsub.s:11
    lmul.o                    runtime/lmul.s:9
aslax2 (aslax2.o):
    game.c.13164.0.o          game.c.13164.0.s:9806
    game.c.13164.0.o          game.c.13164.0.s:9806
    game.c.13164.0.o          game.c.13164.0.s:9806
aslax3 (aslax3.o):
    game.c.13164.0.o          game.c.13164.0.s:9806
    game.c.13164.0.o          game.c.13164.0.s:9806
    game.c.13164.0.o          game.c.13164.0.s:9806
aslax4 (aslax4.o):
    game.c.13164.0.o          game.c.13164.0.s:9806
asrax1 (asrax1.o):
    game.c.13164.0.o          game.c.13164.0.s:9806
    game.c.13164.0.o          game.c.13164.0.s:9806
    game.c.13164.0.o          game.c.13164.0.s:9806
    game.c.13164.0.o          game.c.13164.0.s:9806
    game.c.13164.0.o          game.c.13164.0.s:9806
    game.c.13164.0.o          game.c.13164.0.s:9806
asrax2 (asrax2.o):
    game.c.13164.0.o          game.c.13164.0.s:9806
    game.c.13164.0.o          game.c.13164.0.s:9806
    game.c.13164.0.o          game.c.13164.0.s:9806
asrax3 (asrax3.o):
    game.c.13164.0.o          game.c.13164.0.s:9806
axlong (axlong.o):
    game.c.13164.0.o          game.c.13164.0.s:9806
booleq (makebool.o):
    game.c.13164.0.o          game.c.13164.0.s:9806
boolgt (makebool.o):
    gt.o                      runtime/gt.s:8
boolle (makebool.o):
    lle.o                     runtime/lle.s:8
boollt (makebool.o):
    lt.o                      runtime/lt.s:8
boolne (makebool.o):
    game.c.13164.0.o          game.c.13164.0.s:9806
boolult (makebool.o):
    game.c.13164.0.o          game.c.13164.0.s:9806
    game.c.13164.0.o          game.c.13164.0.s:9806
    game.c.13164.0.o          game.c.13164.0.s:9806
    game.c.13164.0.o          game.c.13164.0.s:9806
    game.c.13164.0.o          game.c.13164.0.s:9806
    game.c.13164.0.o          game.c.13164.0.s:9806
c_sp (zeropage.o):
    lcmp.o                    runtime/lcmp.s:10
    subysp.o                  runtime/subysp.s:9
    sub.o                     runtime/sub.s:9
    staxspi.o                 runtime/staxspi.s:10
    staxsp.o                  runtime/staxsp.s:8
    staspidx.o                runtime/staspidx.s:9
    pushwsp.o                 runtime/pushwsp.s:8
    pushax.o                  runtime/pushax.s:8
    pusha.o                   runtime/pusha.s:8
    popptr1.o                 runtime/popptr1.s:9
    or.o                      runtime/or.s:10
    memset.o                  common/memset.s:20
    memcpy.o                  common/memcpy.s:15
    ludiv.o                   runtime/ludiv.s:10
    lsub.o                    runtime/lsub.s:12
    lpush.o                   runtime/lpush.s:13
    lmul.o                    runtime/lmul.s:10
    ldeaxysp.o                runtime/ldeaxysp.s:12
    incsp2.o                  runtime/incsp2.s:8
    incsp1.o                  runtime/incsp1.s:8
    icmp.o                    runtime/icmp.s:9
    decsp8.o                  runtime/decsp8.s:8
    decsp6.o                  runtime/decsp6.s:8
    decsp5.o                  runtime/decsp5.s:8
    decsp4.o                  runtime/decsp4.s:8
    decsp3.o                  runtime/decsp3.s:8
    decsp2.o                  runtime/decsp2.s:8
    decsp1.o                  runtime/decsp1.s:8
    crt0.o                    /home/runner/work/cc65/cc65/asminc/zeropage.inc:11
    addysp.o                  runtime/addysp.s:8
    addeqsp.o                 runtime/addeqsp.s:8
    add.o                     runtime/add.s:12
    game.c.13164.0.o          game.c.13164.0.s:10
callmain (callmain.o):
    crt0.o                    c64/crt0.s:9
decsp1 (decsp1.o):
    game.c.13164.0.o          game.c.13164.0.s:9806
    game.c.13164.0.o          game.c.13164.0.s:9806
    game.c.13164.0.o          game.c.13164.0.s:9806
    game.c.13164.0.o          game.c.13164.0.s:9806
    game.c.13164.0.o          game.c.13164.0.s:9806
    game.c.13164.0.o          game.c.13164.0.s:9806
    game.c.13164.0.o          game.c.13164.0.s:9806
    game.c.13164.0.o          game.c.13164.0.s:9806
    game.c.13164.0.o          game.c.13164.0.s:9806
    game.c.13164.0.o          game.c.13164.0.s:9806
    game.c.13164.0.o          game.c.13164.0.s:9806
    game.c.13164.0.o          game.c.13164.0.s:9806
    game.c.13164.0.o          game.c.13164.0.s:9806
    game.c.13164.0.o          game.c.13164.0.s:9806
    game.c.13164.0.o          game.c.13164.0.s:9806
    game.c.13164.0.o          game.c.13164.0.s:9806
decsp2 (decsp2.o):
    game.c.13164.0.o          game.c.13164.0.s:9806
    game.c.13164.0.o          game.c.13164.0.s:9806
    game.c.13164.0.o          game.c.13164.0.s:9806
    game.c.13164.0.o          game.c.13164.0.s:9806
    game.c.13164.0.o          game.c.13164.0.s:9806
    game.c.13164.0.o          game.c.13164.0.s:9806
    game.c.13164.0.o          game.c.13164.0.s:9806
    game.c.13164.0.o          game.c.13164.0.s:9806
    game.c.13164.0.o          game.c.13164.0.s:9806
    game.c.13164.0.o          game.c.13164.0.s:9806
    game.c.13164.0.o          game.c.13164.0.s:9806
decsp3 (decsp3.o):
    game.c.13164.0.o          game.c.13164.0.s:9806
    game.c.13164.0.o          game.c.13164.0.s:9806
    game.c.13164.0.o          game.c.13164.0.s:9806
    game.c.13164.0.o          game.c.13164.0.s:9806
    game.c.13164.0.o          game.c.13164.0.s:9806
    game.c.13164.0.o          game.c.13164.0.s:9806
    game.c.13164.0.o          game.c.13164.0.s:9806
    game.c.13164.0.o          game.c.13164.0.s:9806
    game.c.13164.0.o          game.c.13164.0.s:9806
    game.c.13164.0.o          game.c.13164.0.s:9806
decsp4 (decsp4.o):
    lpush.o                   runtime/lpush.s:12
    game.c.13164.0.o          game.c.13164.0.s:9806
    game.c.13164.0.o          game.c.13164.0.s:9806
    game.c.13164.0.o          game.c.13164.0.s:9806
    game.c.13164.0.o          game.c.13164.0.s:9806
    game.c.13164.0.o          game.c.13164.0.s:9806
    game.c.13164.0.o          game.c.13164.0.s:9806
decsp5 (decsp5.o):
    game.c.13164.0.o          game.c.13164.0.s:9806
    game.c.13164.0.o          game.c.13164.0.s:9806
    game.c.13164.0.o          game.c.13164.0.s:9806
    game.c.13164.0.o          game.c.13164.0.s:9806
    game.c.13164.0.o          game.c.13164.0.s:9806
decsp6 (decsp6.o):
    game.c.13164.0.o          game.c.13164.0.s:9806
    game.c.13164.0.o          game.c.13164.0.s:9806
    game.c.13164.0.o          game.c.13164.0.s:9806
    game.c.13164.0.o          game.c.13164.0.s:9806
    game.c.13164.0.o          game.c.13164.0.s:9806
    game.c.13164.0.o          game.c.13164.0.s:9806
    game.c.13164.0.o          game.c.13164.0.s:9806
    game.c.13164.0.o          game.c.13164.0.s:9806
    game.c.13164.0.o          game.c.13164.0.s:9806
    game.c.13164.0.o          game.c.13164.0.s:9806
decsp8 (decsp8.o):
    game.c.13164.0.o          game.c.13164.0.s:9806
donelib (condes.o):
    crt0.o                    c64/crt0.s:8
incsp1 (incsp1.o):
    game.c.13164.0.o          game.c.13164.0.s:9806
    game.c.13164.0.o          game.c.13164.0.s:9806
    game.c.13164.0.o          game.c.13164.0.s:9806
    game.c.13164.0.o          game.c.13164.0.s:9806
    game.c.13164.0.o          game.c.13164.0.s:9806
    game.c.13164.0.o          game.c.13164.0.s:9806
    game.c.13164.0.o          game.c.13164.0.s:9806
    game.c.13164.0.o          game.c.13164.0.s:9806
    game.c.13164.0.o          game.c.13164.0.s:9806
    game.c.13164.0.o          game.c.13164.0.s:9806
    game.c.13164.0.o          game.c.13164.0.s:9806
    game.c.13164.0.o          game.c.13164.0.s:9806
    game.c.13164.0.o          game.c.13164.0.s:9806
    game.c.13164.0.o          game.c.13164.0.s:9806
    game.c.13164.0.o          game.c.13164.0.s:9806
    game.c.13164.0.o          game.c.13164.0.s:9806
    game.c.13164.0.o          game.c.13164.0.s:9806
    game.c.13164.0.o          game.c.13164.0.s:9806
    game.c.13164.0.o          game.c.13164.0.s:9806
incsp2 (incsp2.o):
    staxspi.o                 runtime/staxspi.s:9
    staspidx.o                runtime/staspidx.s:8
    popptr1.o                 runtime/popptr1.s:8
    game.c.13164.0.o          game.c.13164.0.s:9806
    game.c.13164.0.o          game.c.13164.0.s:9806
    game.c.13164.0.o          game.c.13164.0.s:9806
    game.c.13164.0.o          game.c.13164.0.s:9806
    game.c.13164.0.o          game.c.13164.0.s:9806
    game.c.13164.0.o          game.c.13164.0.s:9806
    game.c.13164.0.o          game.c.13164.0.s:9806
    game.c.13164.0.o          game.c.13164.0.s:9806
    game.c.13164.0.o          game.c.13164.0.s:9806
    game.c.13164.0.o          game.c.13164.0.s:9806
    game.c.13164.0.o          game.c.13164.0.s:9806
    game.c.13164.0.o          game.c.13164.0.s:9806
    game.c.13164.0.o          game.c.13164.0.s:9806
    game.c.13164.0.o          game.c.13164.0.s:9806
    game.c.13164.0.o          game.c.13164.0.s:9806
    game.c.13164.0.o          game.c.13164.0.s:9806
    game.c.13164.0.o          game.c.13164.0.s:9806
    game.c.13164.0.o          game.c.13164.0.s:9806
    game.c.13164.0.o          game.c.13164.0.s:9806
    game.c.13164.0.o          game.c.13164.0.s:9806
incsp3 (incsp3.o):
    game.c.13164.0.o          game.c.13164.0.s:9806
    game.c.13164.0.o          game.c.13164.0.s:9806
    game.c.13164.0.o          game.c.13164.0.s:9806
    game.c.13164.0.o          game.c.13164.0.s:9806
    game.c.13164.0.o          game.c.13164.0.s:9806
    game.c.13164.0.o          game.c.13164.0.s:9806
    game.c.13164.0.o          game.c.13164.0.s:9806
    game.c.13164.0.o          game.c.13164.0.s:9806
    game.c.13164.0.o          game.c.13164.0.s:9806
    game.c.13164.0.o          game.c.13164.0.s:9806
incsp4 (incsp4.o):
    lcmp.o                    runtime/lcmp.s:9
    game.c.13164.0.o          game.c.13164.0.s:9806
    game.c.13164.0.o          game.c.13164.0.s:9806
    game.c.13164.0.o          game.c.13164.0.s:9806
    game.c.13164.0.o          game.c.13164.0.s:9806
    game.c.13164.0.o          game.c.13164.0.s:9806
    game.c.13164.0.o          game.c.13164.0.s:9806
    game.c.13164.0.o          game.c.13164.0.s:9806
incsp5 (incsp5.o):
    game.c.13164.0.o          game.c.13164.0.s:9806
    game.c.13164.0.o          game.c.13164.0.s:9806
incsp6 (incsp6.o):
    game.c.13164.0.o          game.c.13164.0.s:9806
    game.c.13164.0.o          game.c.13164.0.s:9806
    game.c.13164.0.o          game.c.13164.0.s:9806
    game.c.13164.0.o          game.c.13164.0.s:9806
incsp7 (incsp7.o):
    game.c.13164.0.o          game.c.13164.0.s:9806
    game.c.13164.0.o          game.c.13164.0.s:9806
    game.c.13164.0.o          game.c.13164.0.s:9806
    game.c.13164.0.o          game.c.13164.0.s:9806
    game.c.13164.0.o          game.c.13164.0.s:9806
incsp8 (incsp8.o):
    game.c.13164.0.o          game.c.13164.0.s:9806
    game.c.13164.0.o          game.c.13164.0.s:9806
initlib (condes.o):
    crt0.o                    c64/crt0.s:8
ldaidx (ldai.o):
    game.c.13164.0.o          game.c.13164.0.s:9806
    game.c.13164.0.o          game.c.13164.0.s:9806
    game.c.13164.0.o          game.c.13164.0.s:9806
    game.c.13164.0.o          game.c.13164.0.s:9806
    game.c.13164.0.o          game.c.13164.0.s:9806
    game.c.13164.0.o          game.c.13164.0.s:9806
    game.c.13164.0.o          game.c.13164.0.s:9806
    game.c.13164.0.o          game.c.13164.0.s:9806
    game.c.13164.0.o          game.c.13164.0.s:9806
    game.c.13164.0.o          game.c.13164.0.s:9806
    game.c.13164.0.o          game.c.13164.0.s:9806
    game.c.13164.0.o          game.c.13164.0.s:9806
    game.c.13164.0.o          game.c.13164.0.s:9806
    game.c.13164.0.o          game.c.13164.0.s:9806
ldeaxysp (ldeaxysp.o):
    game.c.13164.0.o          game.c.13164.0.s:9806
mul8x16 (mul8.o):
    mul.o                     runtime/mul.s:8
mul8x16a (mul8.o):
    mul.o                     runtime/mul.s:8
mulax10 (mulax10.o):
    game.c.13164.0.o          game.c.13164.0.s:9806
    game.c.13164.0.o          game.c.13164.0.s:9806
    game.c.13164.0.o          game.c.13164.0.s:9806
    game.c.13164.0.o          game.c.13164.0.s:9806
mulax3 (mulax3.o):
    game.c.13164.0.o          game.c.13164.0.s:9806
    game.c.13164.0.o          game.c.13164.0.s:9806
mulax5 (mulax5.o):
    game.c.13164.0.o          game.c.13164.0.s:9806
    game.c.13164.0.o          game.c.13164.0.s:9806
    game.c.13164.0.o          game.c.13164.0.s:9806
    game.c.13164.0.o          game.c.13164.0.s:9806
negax (negabs.o):
    shelp.o                   runtime/shelp.s:11
    div.o                     runtime/div.s:11
    game.c.13164.0.o          game.c.13164.0.s:9806
    game.c.13164.0.o          game.c.13164.0.s:9806
popax (incsp2.o):
    shl.o                     runtime/shl.s:15
    shelp.o                   runtime/shelp.s:11
    memset.o                  common/memset.s:19
    memcpy.o                  common/memcpy.s:14
popptr1 (popptr1.o):
    umod.o                    runtime/umod.s:8
    udiv.o                    runtime/udiv.s:9
    mul8.o                    runtime/mul8.s:9
    mul.o                     runtime/mul.s:9
    memcpy.o                  common/memcpy.s:14
popsargsudiv16 (shelp.o):
    div.o                     runtime/div.s:11
ptr1 (zeropage.o):
    lcmp.o                    runtime/lcmp.s:10
    zerobss.o                 common/zerobss.s:9
    udiv.o                    runtime/udiv.s:10
    staxspi.o                 runtime/staxspi.s:10
    staspidx.o                runtime/staspidx.s:9
    shelp.o                   runtime/shelp.s:12
    popptr1.o                 runtime/popptr1.s:9
    mulax5.o                  runtime/mulax5.s:9
    mulax3.o                  runtime/mulax3.s:9
    mulax10.o                 runtime/mulax10.s:9
    mul8.o                    runtime/mul8.s:10
    mul.o                     runtime/mul.s:10
    memset.o                  common/memset.s:20
    memcpy.o                  common/memcpy.s:15
    ludiv.o                   runtime/ludiv.s:10
    lmul.o                    runtime/lmul.s:10
    ldai.o                    runtime/ldai.s:8
    div.o                     runtime/div.s:12
    stamp.s.13164.1.o         D:\Claude\oddballz-c64\vendor\cc65\asminc/zeropage.inc:12
    game.c.13164.0.o          game.c.13164.0.s:11
ptr2 (zeropage.o):
    memset.o                  common/memset.s:20
    memcpy.o                  common/memcpy.s:15
    ludiv.o                   runtime/ludiv.s:10
    stamp.s.13164.1.o         D:\Claude\oddballz-c64\vendor\cc65\asminc/zeropage.inc:12
    game.c.13164.0.o          game.c.13164.0.s:11
ptr3 (zeropage.o):
    memset.o                  common/memset.s:20
    memcpy.o                  common/memcpy.s:15
    ludiv.o                   runtime/ludiv.s:10
    lmul.o                    runtime/lmul.s:10
    stamp.s.13164.1.o         D:\Claude\oddballz-c64\vendor\cc65\asminc/zeropage.inc:12
ptr4 (zeropage.o):
    umod.o                    runtime/umod.s:9
    udiv.o                    runtime/udiv.s:10
    shelp.o                   runtime/shelp.s:12
    mul8.o                    runtime/mul8.s:10
    mul.o                     runtime/mul.s:10
    ludiv.o                   runtime/ludiv.s:10
    lmul.o                    runtime/lmul.s:10
    stamp.s.13164.1.o         D:\Claude\oddballz-c64\vendor\cc65\asminc/zeropage.inc:12
push0 (pushax.o):
    game.c.13164.0.o          game.c.13164.0.s:9806
push0ax (lpush.o):
    game.c.13164.0.o          game.c.13164.0.s:9806
pusha (pusha.o):
    game.c.13164.0.o          game.c.13164.0.s:9806
    game.c.13164.0.o          game.c.13164.0.s:9806
    game.c.13164.0.o          game.c.13164.0.s:9806
    game.c.13164.0.o          game.c.13164.0.s:9806
    game.c.13164.0.o          game.c.13164.0.s:9806
    game.c.13164.0.o          game.c.13164.0.s:9806
    game.c.13164.0.o          game.c.13164.0.s:9806
    game.c.13164.0.o          game.c.13164.0.s:9806
    game.c.13164.0.o          game.c.13164.0.s:9806
    game.c.13164.0.o          game.c.13164.0.s:9806
    game.c.13164.0.o          game.c.13164.0.s:9806
    game.c.13164.0.o          game.c.13164.0.s:9806
    game.c.13164.0.o          game.c.13164.0.s:9806
    game.c.13164.0.o          game.c.13164.0.s:9806
    game.c.13164.0.o          game.c.13164.0.s:9806
    game.c.13164.0.o          game.c.13164.0.s:9806
    game.c.13164.0.o          game.c.13164.0.s:9806
    game.c.13164.0.o          game.c.13164.0.s:9806
    game.c.13164.0.o          game.c.13164.0.s:9806
    game.c.13164.0.o          game.c.13164.0.s:9806
    game.c.13164.0.o          game.c.13164.0.s:9806
    game.c.13164.0.o          game.c.13164.0.s:9806
    game.c.13164.0.o          game.c.13164.0.s:9806
    game.c.13164.0.o          game.c.13164.0.s:9806
    game.c.13164.0.o          game.c.13164.0.s:9806
    game.c.13164.0.o          game.c.13164.0.s:9806
    game.c.13164.0.o          game.c.13164.0.s:9806
    game.c.13164.0.o          game.c.13164.0.s:9806
    game.c.13164.0.o          game.c.13164.0.s:9806
    game.c.13164.0.o          game.c.13164.0.s:9806
    game.c.13164.0.o          game.c.13164.0.s:9806
    game.c.13164.0.o          game.c.13164.0.s:9806
    game.c.13164.0.o          game.c.13164.0.s:9806
    game.c.13164.0.o          game.c.13164.0.s:9806
    game.c.13164.0.o          game.c.13164.0.s:9806
    game.c.13164.0.o          game.c.13164.0.s:9806
    game.c.13164.0.o          game.c.13164.0.s:9806
    game.c.13164.0.o          game.c.13164.0.s:9806
    game.c.13164.0.o          game.c.13164.0.s:9806
    game.c.13164.0.o          game.c.13164.0.s:9806
    game.c.13164.0.o          game.c.13164.0.s:9806
    game.c.13164.0.o          game.c.13164.0.s:9806
    game.c.13164.0.o          game.c.13164.0.s:9806
pusha0 (pushax.o):
    game.c.13164.0.o          game.c.13164.0.s:9806
    game.c.13164.0.o          game.c.13164.0.s:9806
    game.c.13164.0.o          game.c.13164.0.s:9806
    game.c.13164.0.o          game.c.13164.0.s:9806
    game.c.13164.0.o          game.c.13164.0.s:9806
    game.c.13164.0.o          game.c.13164.0.s:9806
    game.c.13164.0.o          game.c.13164.0.s:9806
    game.c.13164.0.o          game.c.13164.0.s:9806
    game.c.13164.0.o          game.c.13164.0.s:9806
    game.c.13164.0.o          game.c.13164.0.s:9806
    game.c.13164.0.o          game.c.13164.0.s:9806
    game.c.13164.0.o          game.c.13164.0.s:9806
    game.c.13164.0.o          game.c.13164.0.s:9806
pushax (pushax.o):
    callmain.o                runtime/callmain.s:11
    game.c.13164.0.o          game.c.13164.0.s:9806
    game.c.13164.0.o          game.c.13164.0.s:9806
    game.c.13164.0.o          game.c.13164.0.s:9806
    game.c.13164.0.o          game.c.13164.0.s:9806
    game.c.13164.0.o          game.c.13164.0.s:9806
    game.c.13164.0.o          game.c.13164.0.s:9806
    game.c.13164.0.o          game.c.13164.0.s:9806
    game.c.13164.0.o          game.c.13164.0.s:9806
    game.c.13164.0.o          game.c.13164.0.s:9806
    game.c.13164.0.o          game.c.13164.0.s:9806
    game.c.13164.0.o          game.c.13164.0.s:9806
    game.c.13164.0.o          game.c.13164.0.s:9806
    game.c.13164.0.o          game.c.13164.0.s:9806
    game.c.13164.0.o          game.c.13164.0.s:9806
    game.c.13164.0.o          game.c.13164.0.s:9806
    game.c.13164.0.o          game.c.13164.0.s:9806
    game.c.13164.0.o          game.c.13164.0.s:9806
    game.c.13164.0.o          game.c.13164.0.s:9806
    game.c.13164.0.o          game.c.13164.0.s:9806
    game.c.13164.0.o          game.c.13164.0.s:9806
    game.c.13164.0.o          game.c.13164.0.s:9806
    game.c.13164.0.o          game.c.13164.0.s:9806
    game.c.13164.0.o          game.c.13164.0.s:9806
    game.c.13164.0.o          game.c.13164.0.s:9806
    game.c.13164.0.o          game.c.13164.0.s:9806
    game.c.13164.0.o          game.c.13164.0.s:9806
    game.c.13164.0.o          game.c.13164.0.s:9806
    game.c.13164.0.o          game.c.13164.0.s:9806
    game.c.13164.0.o          game.c.13164.0.s:9806
    game.c.13164.0.o          game.c.13164.0.s:9806
    game.c.13164.0.o          game.c.13164.0.s:9806
pusheax (lpush.o):
    game.c.13164.0.o          game.c.13164.0.s:9806
    game.c.13164.0.o          game.c.13164.0.s:9806
pushw0sp (pushwsp.o):
    game.c.13164.0.o          game.c.13164.0.s:9806
pushwysp (pushwsp.o):
    game.c.13164.0.o          game.c.13164.0.s:9806
    game.c.13164.0.o          game.c.13164.0.s:9806
    game.c.13164.0.o          game.c.13164.0.s:9806
    game.c.13164.0.o          game.c.13164.0.s:9806
    game.c.13164.0.o          game.c.13164.0.s:9806
    game.c.13164.0.o          game.c.13164.0.s:9806
    game.c.13164.0.o          game.c.13164.0.s:9806
    game.c.13164.0.o          game.c.13164.0.s:9806
    game.c.13164.0.o          game.c.13164.0.s:9806
    game.c.13164.0.o          game.c.13164.0.s:9806
regsave (zeropage.o):
    game.c.13164.0.o          game.c.13164.0.s:10
shlax2 (aslax2.o):
    game.c.13164.0.o          game.c.13164.0.s:9806
    game.c.13164.0.o          game.c.13164.0.s:9806
    game.c.13164.0.o          game.c.13164.0.s:9806
shlax3 (aslax3.o):
    game.c.13164.0.o          game.c.13164.0.s:9806
    game.c.13164.0.o          game.c.13164.0.s:9806
    game.c.13164.0.o          game.c.13164.0.s:9806
shlax4 (aslax4.o):
    game.c.13164.0.o          game.c.13164.0.s:9806
    game.c.13164.0.o          game.c.13164.0.s:9806
    game.c.13164.0.o          game.c.13164.0.s:9806
    game.c.13164.0.o          game.c.13164.0.s:9806
    game.c.13164.0.o          game.c.13164.0.s:9806
    game.c.13164.0.o          game.c.13164.0.s:9806
    game.c.13164.0.o          game.c.13164.0.s:9806
    game.c.13164.0.o          game.c.13164.0.s:9806
    game.c.13164.0.o          game.c.13164.0.s:9806
    game.c.13164.0.o          game.c.13164.0.s:9806
    game.c.13164.0.o          game.c.13164.0.s:9806
    game.c.13164.0.o          game.c.13164.0.s:9806
shlaxy (shl.o):
    game.c.13164.0.o          game.c.13164.0.s:9806
shrax2 (shrax2.o):
    game.c.13164.0.o          game.c.13164.0.s:9806
    game.c.13164.0.o          game.c.13164.0.s:9806
shrax3 (shrax3.o):
    game.c.13164.0.o          game.c.13164.0.s:9806
    game.c.13164.0.o          game.c.13164.0.s:9806
sreg (zeropage.o):
    lcmp.o                    runtime/lcmp.s:10
    umod.o                    runtime/umod.s:9
    udiv.o                    runtime/udiv.s:10
    ludiv.o                   runtime/ludiv.s:10
    lsub.o                    runtime/lsub.s:12
    lpush.o                   runtime/lpush.s:13
    lmul.o                    runtime/lmul.s:10
    ldeaxysp.o                runtime/ldeaxysp.s:12
    icmp.o                    runtime/icmp.s:9
    axlong.o                  runtime/axlong.s:9
    stamp.s.13164.1.o         D:\Claude\oddballz-c64\vendor\cc65\asminc/zeropage.inc:11
    game.c.13164.0.o          game.c.13164.0.s:10
staspidx (staspidx.o):
    game.c.13164.0.o          game.c.13164.0.s:9806
    game.c.13164.0.o          game.c.13164.0.s:9806
    game.c.13164.0.o          game.c.13164.0.s:9806
    game.c.13164.0.o          game.c.13164.0.s:9806
    game.c.13164.0.o          game.c.13164.0.s:9806
    game.c.13164.0.o          game.c.13164.0.s:9806
    game.c.13164.0.o          game.c.13164.0.s:9806
    game.c.13164.0.o          game.c.13164.0.s:9806
stax0sp (staxsp.o):
    game.c.13164.0.o          game.c.13164.0.s:9806
    game.c.13164.0.o          game.c.13164.0.s:9806
staxspidx (staxspi.o):
    game.c.13164.0.o          game.c.13164.0.s:9806
    game.c.13164.0.o          game.c.13164.0.s:9806
staxysp (staxsp.o):
    game.c.13164.0.o          game.c.13164.0.s:9806
    game.c.13164.0.o          game.c.13164.0.s:9806
    game.c.13164.0.o          game.c.13164.0.s:9806
    game.c.13164.0.o          game.c.13164.0.s:9806
subysp (subysp.o):
    game.c.13164.0.o          game.c.13164.0.s:9806
tmp1 (zeropage.o):
    staxspi.o                 runtime/staxspi.s:10
    staspidx.o                runtime/staspidx.s:9
    shrax3.o                  runtime/shrax3.s:8
    shrax2.o                  runtime/shrax2.s:8
    shl.o                     runtime/shl.s:16
    shelp.o                   runtime/shelp.s:12
    or.o                      runtime/or.s:10
    mul.o                     runtime/mul.s:10
    div.o                     runtime/div.s:12
    asrax3.o                  runtime/asrax3.s:9
    asrax2.o                  runtime/asrax2.s:8
    asrax1.o                  runtime/asrax1.s:8
    aslax4.o                  runtime/aslax4.s:8
    aslax3.o                  runtime/aslax3.s:8
    aslax2.o                  runtime/aslax2.s:8
    add.o                     runtime/add.s:12
    stamp.s.13164.1.o         D:\Claude\oddballz-c64\vendor\cc65\asminc/zeropage.inc:13
    game.c.13164.0.o          game.c.13164.0.s:11
tmp2 (zeropage.o):
    shelp.o                   runtime/shelp.s:12
    lmul.o                    runtime/lmul.s:10
    div.o                     runtime/div.s:12
    stamp.s.13164.1.o         D:\Claude\oddballz-c64\vendor\cc65\asminc/zeropage.inc:13
tmp3 (zeropage.o):
    ludiv.o                   runtime/ludiv.s:10
    lmul.o                    runtime/lmul.s:10
    stamp.s.13164.1.o         D:\Claude\oddballz-c64\vendor\cc65\asminc/zeropage.inc:13
tmp4 (zeropage.o):
    ludiv.o                   runtime/ludiv.s:10
    lmul.o                    runtime/lmul.s:10
    stamp.s.13164.1.o         D:\Claude\oddballz-c64\vendor\cc65\asminc/zeropage.inc:13
tosadda0 (add.o):
    game.c.13164.0.o          game.c.13164.0.s:9806
tosaddax (add.o):
    game.c.13164.0.o          game.c.13164.0.s:9806
    game.c.13164.0.o          game.c.13164.0.s:9806
    game.c.13164.0.o          game.c.13164.0.s:9806
    game.c.13164.0.o          game.c.13164.0.s:9806
    game.c.13164.0.o          game.c.13164.0.s:9806
    game.c.13164.0.o          game.c.13164.0.s:9806
    game.c.13164.0.o          game.c.13164.0.s:9806
    game.c.13164.0.o          game.c.13164.0.s:9806
tosaslax (shl.o):
    game.c.13164.0.o          game.c.13164.0.s:9806
    game.c.13164.0.o          game.c.13164.0.s:9806
tosdiva0 (div.o):
    game.c.13164.0.o          game.c.13164.0.s:9806
tosgtax (gt.o):
    game.c.13164.0.o          game.c.13164.0.s:9806
tosicmp (icmp.o):
    lt.o                      runtime/lt.s:8
    gt.o                      runtime/gt.s:8
    game.c.13164.0.o          game.c.13164.0.s:9806
    game.c.13164.0.o          game.c.13164.0.s:9806
    game.c.13164.0.o          game.c.13164.0.s:9806
    game.c.13164.0.o          game.c.13164.0.s:9806
    game.c.13164.0.o          game.c.13164.0.s:9806
    game.c.13164.0.o          game.c.13164.0.s:9806
    game.c.13164.0.o          game.c.13164.0.s:9806
toslcmp (lcmp.o):
    lle.o                     runtime/lle.s:8
tosleeax (lle.o):
    game.c.13164.0.o          game.c.13164.0.s:9806
tosltax (lt.o):
    game.c.13164.0.o          game.c.13164.0.s:9806
tosmula0 (mul8.o):
    game.c.13164.0.o          game.c.13164.0.s:9806
    game.c.13164.0.o          game.c.13164.0.s:9806
    game.c.13164.0.o          game.c.13164.0.s:9806
    game.c.13164.0.o          game.c.13164.0.s:9806
    game.c.13164.0.o          game.c.13164.0.s:9806
    game.c.13164.0.o          game.c.13164.0.s:9806
    game.c.13164.0.o          game.c.13164.0.s:9806
tosmulax (mul.o):
    game.c.13164.0.o          game.c.13164.0.s:9806
    game.c.13164.0.o          game.c.13164.0.s:9806
tosmuleax (lmul.o):
    game.c.13164.0.o          game.c.13164.0.s:9806
tosora0 (or.o):
    game.c.13164.0.o          game.c.13164.0.s:9806
    game.c.13164.0.o          game.c.13164.0.s:9806
tossuba0 (sub.o):
    game.c.13164.0.o          game.c.13164.0.s:9806
    game.c.13164.0.o          game.c.13164.0.s:9806
    game.c.13164.0.o          game.c.13164.0.s:9806
    game.c.13164.0.o          game.c.13164.0.s:9806
tossubax (sub.o):
    game.c.13164.0.o          game.c.13164.0.s:9806
    game.c.13164.0.o          game.c.13164.0.s:9806
    game.c.13164.0.o          game.c.13164.0.s:9806
    game.c.13164.0.o          game.c.13164.0.s:9806
    game.c.13164.0.o          game.c.13164.0.s:9806
    game.c.13164.0.o          game.c.13164.0.s:9806
    game.c.13164.0.o          game.c.13164.0.s:9806
    game.c.13164.0.o          game.c.13164.0.s:9806
    game.c.13164.0.o          game.c.13164.0.s:9806
    game.c.13164.0.o          game.c.13164.0.s:9806
tossubeax (lsub.o):
    game.c.13164.0.o          game.c.13164.0.s:9806
tosudiv0ax (ludiv.o):
    game.c.13164.0.o          game.c.13164.0.s:9806
tosudiva0 (udiv.o):
    game.c.13164.0.o          game.c.13164.0.s:9806
    game.c.13164.0.o          game.c.13164.0.s:9806
tosudivax (udiv.o):
    game.c.13164.0.o          game.c.13164.0.s:9806
tosumoda0 (umod.o):
    game.c.13164.0.o          game.c.13164.0.s:9806
    game.c.13164.0.o          game.c.13164.0.s:9806
    game.c.13164.0.o          game.c.13164.0.s:9806
    game.c.13164.0.o          game.c.13164.0.s:9806
tosumodax (umod.o):
    game.c.13164.0.o          game.c.13164.0.s:9806
tosumul0ax (lmul.o):
    game.c.13164.0.o          game.c.13164.0.s:9806
tosumula0 (mul8.o):
    game.c.13164.0.o          game.c.13164.0.s:9806
    game.c.13164.0.o          game.c.13164.0.s:9806
    game.c.13164.0.o          game.c.13164.0.s:9806
    game.c.13164.0.o          game.c.13164.0.s:9806
tosumulax (mul.o):
    game.c.13164.0.o          game.c.13164.0.s:9806
    game.c.13164.0.o          game.c.13164.0.s:9806
    game.c.13164.0.o          game.c.13164.0.s:9806
udiv16 (udiv.o):
    umod.o                    runtime/umod.s:8
    shelp.o                   runtime/shelp.s:11
zerobss (zerobss.o):
    crt0.o                    c64/crt0.s:9

