Modules list:
-------------
game.c.19380.0.o:
    CODE              Offs=000000  Size=0046BC  Align=00001  Fill=0000
    RODATA            Offs=000000  Size=0002AB  Align=00001  Fill=0000
    BSS               Offs=000000  Size=001141  Align=00001  Fill=0000
    DATA              Offs=000000  Size=00001B  Align=00001  Fill=0000
stamp.s.19380.1.o:
    CODE              Offs=0046BC  Size=000157  Align=00001  Fill=0000
    BSS               Offs=001141  Size=000004  Align=00001  Fill=0000
blit.s.19380.2.o:
    CODE              Offs=004813  Size=00020D  Align=00001  Fill=0000
    BSS               Offs=001145  Size=00000B  Align=00001  Fill=0000
D:\Claude\oddballz-c64\vendor\cc65\lib/c64.lib(add.o):
    CODE              Offs=004A20  Size=00001C  Align=00001  Fill=0000
D:\Claude\oddballz-c64\vendor\cc65\lib/c64.lib(addeqsp.o):
    CODE              Offs=004A3C  Size=000011  Align=00001  Fill=0000
D:\Claude\oddballz-c64\vendor\cc65\lib/c64.lib(addysp.o):
    CODE              Offs=004A4D  Size=00000E  Align=00001  Fill=0000
D:\Claude\oddballz-c64\vendor\cc65\lib/c64.lib(aslax2.o):
    CODE              Offs=004A5B  Size=00000B  Align=00001  Fill=0000
D:\Claude\oddballz-c64\vendor\cc65\lib/c64.lib(aslax3.o):
    CODE              Offs=004A66  Size=00000E  Align=00001  Fill=0000
D:\Claude\oddballz-c64\vendor\cc65\lib/c64.lib(aslax4.o):
    CODE              Offs=004A74  Size=000011  Align=00001  Fill=0000
D:\Claude\oddballz-c64\vendor\cc65\lib/c64.lib(asrax1.o):
    CODE              Offs=004A85  Size=00000A  Align=00001  Fill=0000
D:\Claude\oddballz-c64\vendor\cc65\lib/c64.lib(asrax2.o):
    CODE              Offs=004A8F  Size=00000F  Align=00001  Fill=0000
D:\Claude\oddballz-c64\vendor\cc65\lib/c64.lib(asrax3.o):
    CODE              Offs=004A9E  Size=000014  Align=00001  Fill=0000
D:\Claude\oddballz-c64\vendor\cc65\lib/c64.lib(axlong.o):
    CODE              Offs=004AB2  Size=00000D  Align=00001  Fill=0000
D:\Claude\oddballz-c64\vendor\cc65\lib/c64.lib(callmain.o):
    CODE              Offs=004ABF  Size=000017  Align=00001  Fill=0000
    DATA              Offs=00001B  Size=000004  Align=00001  Fill=0000
D:\Claude\oddballz-c64\vendor\cc65\lib/c64.lib(condes.o):
    CODE              Offs=004AD6  Size=00000C  Align=00001  Fill=0000
    DATA              Offs=00001F  Size=000025  Align=00001  Fill=0000
    ONCE              Offs=000000  Size=00000C  Align=00001  Fill=0000
D:\Claude\oddballz-c64\vendor\cc65\lib/c64.lib(crt0.o):
    STARTUP           Offs=000000  Size=000033  Align=00001  Fill=0000
    ONCE              Offs=00000C  Size=00001A  Align=00001  Fill=0000
    INIT              Offs=000000  Size=00001C  Align=00001  Fill=0000
D:\Claude\oddballz-c64\vendor\cc65\lib/c64.lib(decsp1.o):
    CODE              Offs=004AE2  Size=000009  Align=00001  Fill=0000
D:\Claude\oddballz-c64\vendor\cc65\lib/c64.lib(decsp2.o):
    CODE              Offs=004AEB  Size=00000D  Align=00001  Fill=0000
D:\Claude\oddballz-c64\vendor\cc65\lib/c64.lib(decsp3.o):
    CODE              Offs=004AF8  Size=00000D  Align=00001  Fill=0000
D:\Claude\oddballz-c64\vendor\cc65\lib/c64.lib(decsp4.o):
    CODE              Offs=004B05  Size=00000D  Align=00001  Fill=0000
D:\Claude\oddballz-c64\vendor\cc65\lib/c64.lib(decsp5.o):
    CODE              Offs=004B12  Size=00000D  Align=00001  Fill=0000
D:\Claude\oddballz-c64\vendor\cc65\lib/c64.lib(decsp6.o):
    CODE              Offs=004B1F  Size=00000D  Align=00001  Fill=0000
D:\Claude\oddballz-c64\vendor\cc65\lib/c64.lib(decsp7.o):
    CODE              Offs=004B2C  Size=00000D  Align=00001  Fill=0000
D:\Claude\oddballz-c64\vendor\cc65\lib/c64.lib(decsp8.o):
    CODE              Offs=004B39  Size=00000D  Align=00001  Fill=0000
D:\Claude\oddballz-c64\vendor\cc65\lib/c64.lib(div.o):
    CODE              Offs=004B46  Size=000015  Align=00001  Fill=0000
D:\Claude\oddballz-c64\vendor\cc65\lib/c64.lib(exehdr.o):
    EXEHDR            Offs=000000  Size=00000C  Align=00001  Fill=0000
D:\Claude\oddballz-c64\vendor\cc65\lib/c64.lib(gt.o):
    CODE              Offs=004B5B  Size=00000A  Align=00001  Fill=0000
D:\Claude\oddballz-c64\vendor\cc65\lib/c64.lib(icmp.o):
    CODE              Offs=004B65  Size=00002E  Align=00001  Fill=0000
D:\Claude\oddballz-c64\vendor\cc65\lib/c64.lib(incsp1.o):
    CODE              Offs=004B93  Size=000007  Align=00001  Fill=0000
D:\Claude\oddballz-c64\vendor\cc65\lib/c64.lib(incsp2.o):
    CODE              Offs=004B9A  Size=000016  Align=00001  Fill=0000
D:\Claude\oddballz-c64\vendor\cc65\lib/c64.lib(incsp3.o):
    CODE              Offs=004BB0  Size=000005  Align=00001  Fill=0000
D:\Claude\oddballz-c64\vendor\cc65\lib/c64.lib(incsp4.o):
    CODE              Offs=004BB5  Size=000005  Align=00001  Fill=0000
D:\Claude\oddballz-c64\vendor\cc65\lib/c64.lib(incsp5.o):
    CODE              Offs=004BBA  Size=000005  Align=00001  Fill=0000
D:\Claude\oddballz-c64\vendor\cc65\lib/c64.lib(incsp6.o):
    CODE              Offs=004BBF  Size=000005  Align=00001  Fill=0000
D:\Claude\oddballz-c64\vendor\cc65\lib/c64.lib(incsp7.o):
    CODE              Offs=004BC4  Size=000005  Align=00001  Fill=0000
D:\Claude\oddballz-c64\vendor\cc65\lib/c64.lib(incsp8.o):
    CODE              Offs=004BC9  Size=000005  Align=00001  Fill=0000
D:\Claude\oddballz-c64\vendor\cc65\lib/c64.lib(kernal.o):
D:\Claude\oddballz-c64\vendor\cc65\lib/c64.lib(lcmp.o):
    CODE              Offs=004BCE  Size=00003B  Align=00001  Fill=0000
D:\Claude\oddballz-c64\vendor\cc65\lib/c64.lib(ldai.o):
    CODE              Offs=004C09  Size=00000C  Align=00001  Fill=0000
D:\Claude\oddballz-c64\vendor\cc65\lib/c64.lib(ldeaxysp.o):
    CODE              Offs=004C15  Size=000013  Align=00001  Fill=0000
D:\Claude\oddballz-c64\vendor\cc65\lib/c64.lib(lle.o):
    CODE              Offs=004C28  Size=000006  Align=00001  Fill=0000
D:\Claude\oddballz-c64\vendor\cc65\lib/c64.lib(lmul.o):
    CODE              Offs=004C2E  Size=00005C  Align=00001  Fill=0000
D:\Claude\oddballz-c64\vendor\cc65\lib/c64.lib(loadaddr.o):
    LOADADDR          Offs=000000  Size=000002  Align=00001  Fill=0000
D:\Claude\oddballz-c64\vendor\cc65\lib/c64.lib(lpush.o):
    CODE              Offs=004C8A  Size=000021  Align=00001  Fill=0000
D:\Claude\oddballz-c64\vendor\cc65\lib/c64.lib(lsub.o):
    CODE              Offs=004CAB  Size=000027  Align=00001  Fill=0000
D:\Claude\oddballz-c64\vendor\cc65\lib/c64.lib(lt.o):
    CODE              Offs=004CD2  Size=00000A  Align=00001  Fill=0000
D:\Claude\oddballz-c64\vendor\cc65\lib/c64.lib(ludiv.o):
    CODE              Offs=004CDC  Size=00007A  Align=00001  Fill=0000
D:\Claude\oddballz-c64\vendor\cc65\lib/c64.lib(makebool.o):
    CODE              Offs=004D56  Size=00002C  Align=00001  Fill=0000
D:\Claude\oddballz-c64\vendor\cc65\lib/c64.lib(memcpy.o):
    CODE              Offs=004D82  Size=00003C  Align=00001  Fill=0000
D:\Claude\oddballz-c64\vendor\cc65\lib/c64.lib(memset.o):
    CODE              Offs=004DBE  Size=00005D  Align=00001  Fill=0000
D:\Claude\oddballz-c64\vendor\cc65\lib/c64.lib(mul.o):
    CODE              Offs=004E1B  Size=000045  Align=00001  Fill=0000
D:\Claude\oddballz-c64\vendor\cc65\lib/c64.lib(mul8.o):
    CODE              Offs=004E60  Size=00003A  Align=00001  Fill=0000
D:\Claude\oddballz-c64\vendor\cc65\lib/c64.lib(mulax10.o):
    CODE              Offs=004E9A  Size=000019  Align=00001  Fill=0000
D:\Claude\oddballz-c64\vendor\cc65\lib/c64.lib(mulax3.o):
    CODE              Offs=004EB3  Size=000011  Align=00001  Fill=0000
D:\Claude\oddballz-c64\vendor\cc65\lib/c64.lib(mulax5.o):
    CODE              Offs=004EC4  Size=000014  Align=00001  Fill=0000
D:\Claude\oddballz-c64\vendor\cc65\lib/c64.lib(negabs.o):
    CODE              Offs=004ED8  Size=000012  Align=00001  Fill=0000
D:\Claude\oddballz-c64\vendor\cc65\lib/c64.lib(or.o):
    CODE              Offs=004EEA  Size=000012  Align=00001  Fill=0000
D:\Claude\oddballz-c64\vendor\cc65\lib/c64.lib(popptr1.o):
    CODE              Offs=004EFC  Size=00000E  Align=00001  Fill=0000
D:\Claude\oddballz-c64\vendor\cc65\lib/c64.lib(pusha.o):
    CODE              Offs=004F0A  Size=000016  Align=00001  Fill=0000
D:\Claude\oddballz-c64\vendor\cc65\lib/c64.lib(pushax.o):
    CODE              Offs=004F20  Size=00001A  Align=00001  Fill=0000
D:\Claude\oddballz-c64\vendor\cc65\lib/c64.lib(pushwsp.o):
    CODE              Offs=004F3A  Size=00001C  Align=00001  Fill=0000
D:\Claude\oddballz-c64\vendor\cc65\lib/c64.lib(shelp.o):
    CODE              Offs=004F56  Size=000020  Align=00001  Fill=0000
D:\Claude\oddballz-c64\vendor\cc65\lib/c64.lib(shl.o):
    CODE              Offs=004F76  Size=000033  Align=00001  Fill=0000
D:\Claude\oddballz-c64\vendor\cc65\lib/c64.lib(shrax2.o):
    CODE              Offs=004FA9  Size=00000B  Align=00001  Fill=0000
D:\Claude\oddballz-c64\vendor\cc65\lib/c64.lib(shrax3.o):
    CODE              Offs=004FB4  Size=00000E  Align=00001  Fill=0000
D:\Claude\oddballz-c64\vendor\cc65\lib/c64.lib(staspidx.o):
    CODE              Offs=004FC2  Size=000016  Align=00001  Fill=0000
D:\Claude\oddballz-c64\vendor\cc65\lib/c64.lib(staxsp.o):
    CODE              Offs=004FD8  Size=00000B  Align=00001  Fill=0000
D:\Claude\oddballz-c64\vendor\cc65\lib/c64.lib(staxspi.o):
    CODE              Offs=004FE3  Size=00001B  Align=00001  Fill=0000
D:\Claude\oddballz-c64\vendor\cc65\lib/c64.lib(sub.o):
    CODE              Offs=004FFE  Size=000015  Align=00001  Fill=0000
D:\Claude\oddballz-c64\vendor\cc65\lib/c64.lib(subysp.o):
    CODE              Offs=005013  Size=00000D  Align=00001  Fill=0000
D:\Claude\oddballz-c64\vendor\cc65\lib/c64.lib(udiv.o):
    CODE              Offs=005020  Size=00004F  Align=00001  Fill=0000
D:\Claude\oddballz-c64\vendor\cc65\lib/c64.lib(umod.o):
    CODE              Offs=00506F  Size=000011  Align=00001  Fill=0000
D:\Claude\oddballz-c64\vendor\cc65\lib/c64.lib(zerobss.o):
    CODE              Offs=005080  Size=000023  Align=00001  Fill=0000
D:\Claude\oddballz-c64\vendor\cc65\lib/c64.lib(zeropage.o):
    ZEROPAGE          Offs=000000  Size=00001A  Align=00001  Fill=0000


Segment list:
-------------
Name                   Start     End    Size  Align
----------------------------------------------------
ZEROPAGE              000002  00001B  00001A  00001
LOADADDR              0007FF  000800  000002  00001
EXEHDR                000801  00080C  00000C  00001
STARTUP               00080D  00083F  000033  00001
CODE                  000840  0058E2  0050A3  00001
RODATA                0058E3  005B8D  0002AB  00001
DATA                  005B8E  005BD1  000044  00001
INIT                  005BD2  005BED  00001C  00001
BSS                   005BEE  006D3D  001150  00001
ONCE                  005BEE  005C13  000026  00001


Exports list by name:
---------------------
BSOUT                     00FFD2 RLA    _BALL_MASK                006289 RLA    
_EXPAND                   00629F RLA    _ROW_ADDR_HI              0063A7 RLA    
_ROW_ADDR_LO              0062DF RLA    _ROW_CELL_HI              006537 RLA    
_ROW_CELL_LO              00646F RLA    _SM0                      00663C RLA    
_SM1                      00690C RLA    _SMANY0                   006BDC RLA    
_SMANY1                   006C6C RLA    __BSS_RUN__               005BEE RLA    
__BSS_SIZE__              001150 REA    __CONSTRUCTOR_COUNT__     000000 REA    
__CONSTRUCTOR_TABLE__     005C14 RLA    __DESTRUCTOR_COUNT__      000000 REA    
__DESTRUCTOR_TABLE__      005B8E RLA    __EXEHDR__                000001 REA    
__HEADER_LAST__           00080D RLA    __HIMEM__                 00D000 REA    
__LOADADDR__              000001 REA    __MAIN_SIZE__             00C7F3 REA    
__MAIN_START__            00080D RLA    __ONCE_RUN__              005BEE RLA    
__STACKSIZE__             000800 REA    __STARTUP__               000001 REA    
___bzero                  0055FE RLA    _bl_bc                    006603 RLA    
_bl_col                   006607 RLA    _bl_n                     006605 RLA    
_bl_ov                    006608 RLA    _bl_rep                   006606 RLA    
_bl_src                   006609 RLA    _bl_y                     006604 RLA    
_blit_col                 00513D RLA    _blit_text1               005053 RLA    
_bt_col                   00660E RLA    _bt_lcol                  006610 RLA    
_bt_lead                  00660F RLA    _bt_lx                    00660C RLA    
_bt_n                     00660B RLA    _bt_ov                    006611 RLA    
_bt_src                   006612 RLA    _bt_y                     00660D RLA    
_main                     004C28 RLA    _memcpy                   0055C2 RLA    
_memset                   005606 RLA    _stamp_ball_asm           004EFC RLA    
_stamp_bc                 0065FF RLA    _stamp_col                006601 RLA    
_stamp_slot               006602 RLA    _stamp_y0                 006600 RLA    
addeq0sp                  00527C RLA    addeqysp                  00527E RLA    
addysp                    00528E RLA    addysp1                   00528D RLA    
aslax2                    00529B RLA    aslax3                    0052A6 RLA    
aslax4                    0052B4 RLA    asrax1                    0052C5 RLA    
asrax2                    0052CF RLA    asrax3                    0052DE RLA    
axlong                    0052F2 RLA    booleq                    00559C RLA    
boolgt                    0055AB RLA    boolle                    0055A3 RLA    
boollt                    0055A5 RLA    boolne                    005596 RLA    
boolult                   0055B5 RLA    c_sp                      000002 RLZ    
callmain                  0052FF RLA    decsp1                    005322 RLA    
decsp2                    00532B RLA    decsp3                    005338 RLA    
decsp4                    005345 RLA    decsp5                    005352 RLA    
decsp6                    00535F RLA    decsp7                    00536C RLA    
decsp8                    005379 RLA    donelib                   005316 RLA    
incsp1                    0053D3 RLA    incsp2                    0053E2 RLA    
incsp3                    0053F0 RLA    incsp4                    0053F5 RLA    
incsp5                    0053FA RLA    incsp6                    0053FF RLA    
incsp7                    005404 RLA    incsp8                    005409 RLA    
initlib                   005BEE RLA    ldaidx                    005449 RLA    
ldeaxysp                  005457 RLA    mul8x16                   0056A2 RLA    
mul8x16a                  0056AC RLA    mulax10                   0056DA RLA    
mulax3                    0056F3 RLA    mulax5                    005704 RLA    
negax                     00571C RLA    popax                     0053DA RLA    
popptr1                   00573C RLA    popsargsudiv16            005796 RLA    
ptr1                      00000A RLZ    ptr2                      00000C RLZ    
ptr3                      00000E RLZ    ptr4                      000010 RLZ    
push0                     005760 RLA    push0ax                   0054CD RLA    
pusha                     00574E RLA    pusha0                    005762 RLA    
pushax                    005764 RLA    pusheax                   0054D3 RLA    
pushw0sp                  00577A RLA    pushwysp                  00577C RLA    
regsave                   000006 RLZ    shlax2                    00529B RLA    
shlax3                    0052A6 RLA    shlax4                    0052B4 RLA    
shlaxy                    0057BD RLA    shrax2                    0057E9 RLA    
shrax3                    0057F4 RLA    sreg                      000004 RLZ    
staspidx                  005802 RLA    stax0sp                   005818 RLA    
staxspidx                 005823 RLA    staxysp                   00581A RLA    
subysp                    005853 RLA    tmp1                      000012 RLZ    
tmp2                      000013 RLZ    tmp3                      000014 RLZ    
tmp4                      000015 RLZ    tosadda0                  005260 RLA    
tosaddax                  005262 RLA    tosaslax                  0057B6 RLA    
tosdiva0                  005386 RLA    tosgtax                   00539F RLA    
tosicmp                   0053A7 RLA    toslcmp                   00540E RLA    
tosleeax                  005468 RLA    tosltax                   005516 RLA    
tosmula0                  0056A0 RLA    tosmulax                  00565B RLA    
tosmuleax                 005474 RLA    tosora0                   00572A RLA    
tossuba0                  00583E RLA    tossubax                  005840 RLA    
tossubeax                 0054F1 RLA    tosudiv0ax                00551C RLA    
tosudiva0                 005860 RLA    tosudivax                 005862 RLA    
tosumoda0                 0058AF RLA    tosumodax                 0058B1 RLA    
tosumul0ax                00546E RLA    tosumula0                 0056A0 RLA    
tosumulax                 00565B RLA    udiv16                    005871 RLA    
zerobss                   0058C0 RLA    


Exports list by value:
----------------------
__CONSTRUCTOR_COUNT__     000000 REA    __DESTRUCTOR_COUNT__      000000 REA    
__EXEHDR__                000001 REA    __STARTUP__               000001 REA    
__LOADADDR__              000001 REA    c_sp                      000002 RLZ    
sreg                      000004 RLZ    regsave                   000006 RLZ    
ptr1                      00000A RLZ    ptr2                      00000C RLZ    
ptr3                      00000E RLZ    ptr4                      000010 RLZ    
tmp1                      000012 RLZ    tmp2                      000013 RLZ    
tmp3                      000014 RLZ    tmp4                      000015 RLZ    
__STACKSIZE__             000800 REA    __MAIN_START__            00080D RLA    
__HEADER_LAST__           00080D RLA    __BSS_SIZE__              001150 REA    
_main                     004C28 RLA    _stamp_ball_asm           004EFC RLA    
_blit_text1               005053 RLA    _blit_col                 00513D RLA    
tosadda0                  005260 RLA    tosaddax                  005262 RLA    
addeq0sp                  00527C RLA    addeqysp                  00527E RLA    
addysp1                   00528D RLA    addysp                    00528E RLA    
shlax2                    00529B RLA    aslax2                    00529B RLA    
shlax3                    0052A6 RLA    aslax3                    0052A6 RLA    
aslax4                    0052B4 RLA    shlax4                    0052B4 RLA    
asrax1                    0052C5 RLA    asrax2                    0052CF RLA    
asrax3                    0052DE RLA    axlong                    0052F2 RLA    
callmain                  0052FF RLA    donelib                   005316 RLA    
decsp1                    005322 RLA    decsp2                    00532B RLA    
decsp3                    005338 RLA    decsp4                    005345 RLA    
decsp5                    005352 RLA    decsp6                    00535F RLA    
decsp7                    00536C RLA    decsp8                    005379 RLA    
tosdiva0                  005386 RLA    tosgtax                   00539F RLA    
tosicmp                   0053A7 RLA    incsp1                    0053D3 RLA    
popax                     0053DA RLA    incsp2                    0053E2 RLA    
incsp3                    0053F0 RLA    incsp4                    0053F5 RLA    
incsp5                    0053FA RLA    incsp6                    0053FF RLA    
incsp7                    005404 RLA    incsp8                    005409 RLA    
toslcmp                   00540E RLA    ldaidx                    005449 RLA    
ldeaxysp                  005457 RLA    tosleeax                  005468 RLA    
tosumul0ax                00546E RLA    tosmuleax                 005474 RLA    
push0ax                   0054CD RLA    pusheax                   0054D3 RLA    
tossubeax                 0054F1 RLA    tosltax                   005516 RLA    
tosudiv0ax                00551C RLA    boolne                    005596 RLA    
booleq                    00559C RLA    boolle                    0055A3 RLA    
boollt                    0055A5 RLA    boolgt                    0055AB RLA    
boolult                   0055B5 RLA    _memcpy                   0055C2 RLA    
___bzero                  0055FE RLA    _memset                   005606 RLA    
tosmulax                  00565B RLA    tosumulax                 00565B RLA    
tosumula0                 0056A0 RLA    tosmula0                  0056A0 RLA    
mul8x16                   0056A2 RLA    mul8x16a                  0056AC RLA    
mulax10                   0056DA RLA    mulax3                    0056F3 RLA    
mulax5                    005704 RLA    negax                     00571C RLA    
tosora0                   00572A RLA    popptr1                   00573C RLA    
pusha                     00574E RLA    push0                     005760 RLA    
pusha0                    005762 RLA    pushax                    005764 RLA    
pushw0sp                  00577A RLA    pushwysp                  00577C RLA    
popsargsudiv16            005796 RLA    tosaslax                  0057B6 RLA    
shlaxy                    0057BD RLA    shrax2                    0057E9 RLA    
shrax3                    0057F4 RLA    staspidx                  005802 RLA    
stax0sp                   005818 RLA    staxysp                   00581A RLA    
staxspidx                 005823 RLA    tossuba0                  00583E RLA    
tossubax                  005840 RLA    subysp                    005853 RLA    
tosudiva0                 005860 RLA    tosudivax                 005862 RLA    
udiv16                    005871 RLA    tosumoda0                 0058AF RLA    
tosumodax                 0058B1 RLA    zerobss                   0058C0 RLA    
__DESTRUCTOR_TABLE__      005B8E RLA    __ONCE_RUN__              005BEE RLA    
__BSS_RUN__               005BEE RLA    initlib                   005BEE RLA    
__CONSTRUCTOR_TABLE__     005C14 RLA    _BALL_MASK                006289 RLA    
_EXPAND                   00629F RLA    _ROW_ADDR_LO              0062DF RLA    
_ROW_ADDR_HI              0063A7 RLA    _ROW_CELL_LO              00646F RLA    
_ROW_CELL_HI              006537 RLA    _stamp_bc                 0065FF RLA    
_stamp_y0                 006600 RLA    _stamp_col                006601 RLA    
_stamp_slot               006602 RLA    _bl_bc                    006603 RLA    
_bl_y                     006604 RLA    _bl_n                     006605 RLA    
_bl_rep                   006606 RLA    _bl_col                   006607 RLA    
_bl_ov                    006608 RLA    _bl_src                   006609 RLA    
_bt_n                     00660B RLA    _bt_lx                    00660C RLA    
_bt_y                     00660D RLA    _bt_col                   00660E RLA    
_bt_lead                  00660F RLA    _bt_lcol                  006610 RLA    
_bt_ov                    006611 RLA    _bt_src                   006612 RLA    
_SM0                      00663C RLA    _SM1                      00690C RLA    
_SMANY0                   006BDC RLA    _SMANY1                   006C6C RLA    
__MAIN_SIZE__             00C7F3 REA    __HIMEM__                 00D000 REA    
BSOUT                     00FFD2 RLA    


Imports list:
-------------
BSOUT (kernal.o):
    crt0.o                    c64/crt0.s:10
_BALL_MASK (game.c.19380.0.o):
    stamp.s.19380.1.o         D:\Claude\oddballz-c64\spikes\common\stamp.s:25
_EXPAND (game.c.19380.0.o):
    blit.s.19380.2.o          D:\Claude\oddballz-c64\spikes\common\blit.s:39
    stamp.s.19380.1.o         D:\Claude\oddballz-c64\spikes\common\stamp.s:25
_ROW_ADDR_HI (game.c.19380.0.o):
    blit.s.19380.2.o          D:\Claude\oddballz-c64\spikes\common\blit.s:40
    stamp.s.19380.1.o         D:\Claude\oddballz-c64\spikes\common\stamp.s:26
_ROW_ADDR_LO (game.c.19380.0.o):
    blit.s.19380.2.o          D:\Claude\oddballz-c64\spikes\common\blit.s:40
    stamp.s.19380.1.o         D:\Claude\oddballz-c64\spikes\common\stamp.s:26
_ROW_CELL_HI (game.c.19380.0.o):
    blit.s.19380.2.o          D:\Claude\oddballz-c64\spikes\common\blit.s:41
    stamp.s.19380.1.o         D:\Claude\oddballz-c64\spikes\common\stamp.s:27
_ROW_CELL_LO (game.c.19380.0.o):
    blit.s.19380.2.o          D:\Claude\oddballz-c64\spikes\common\blit.s:41
    stamp.s.19380.1.o         D:\Claude\oddballz-c64\spikes\common\stamp.s:27
_SM0 (game.c.19380.0.o):
    blit.s.19380.2.o          D:\Claude\oddballz-c64\spikes\common\blit.s:39
_SM1 (game.c.19380.0.o):
    blit.s.19380.2.o          D:\Claude\oddballz-c64\spikes\common\blit.s:39
_SMANY0 (game.c.19380.0.o):
    blit.s.19380.2.o          D:\Claude\oddballz-c64\spikes\common\blit.s:39
_SMANY1 (game.c.19380.0.o):
    blit.s.19380.2.o          D:\Claude\oddballz-c64\spikes\common\blit.s:39
__BSS_RUN__ ([linker generated]):
    zerobss.o                 common/zerobss.s:8
__BSS_SIZE__ ([linker generated]):
    zerobss.o                 common/zerobss.s:8
__CONSTRUCTOR_COUNT__ ([linker generated]):
    condes.o                  runtime/condes.s:18
__CONSTRUCTOR_TABLE__ ([linker generated]):
    condes.o                  runtime/condes.s:18
__DESTRUCTOR_COUNT__ ([linker generated]):
    condes.o                  runtime/condes.s:19
__DESTRUCTOR_TABLE__ ([linker generated]):
    condes.o                  runtime/condes.s:19
__EXEHDR__ (exehdr.o):
    [linker generated]        D:\Claude\oddballz-c64\vendor\cc65\cfg/c64.cfg:6
__HEADER_LAST__ ([linker generated]):
    [linker generated]        D:\Claude\oddballz-c64\vendor\cc65\cfg/c64.cfg:14
    [linker generated]        D:\Claude\oddballz-c64\vendor\cc65\cfg/c64.cfg:14
__HIMEM__ ([linker generated]):
    [linker generated]        D:\Claude\oddballz-c64\vendor\cc65\cfg/c64.cfg:15
    [linker generated]        D:\Claude\oddballz-c64\vendor\cc65\cfg/c64.cfg:14
__LOADADDR__ (loadaddr.o):
    [linker generated]        D:\Claude\oddballz-c64\vendor\cc65\cfg/c64.cfg:5
__MAIN_SIZE__ ([linker generated]):
    crt0.o                    c64/crt0.s:11
__MAIN_START__ ([linker generated]):
    crt0.o                    c64/crt0.s:11
__ONCE_RUN__ ([linker generated]):
    [linker generated]        D:\Claude\oddballz-c64\vendor\cc65\cfg/c64.cfg:15
    [linker generated]        D:\Claude\oddballz-c64\vendor\cc65\cfg/c64.cfg:15
__STACKSIZE__ ([linker generated]):
    [linker generated]        D:\Claude\oddballz-c64\vendor\cc65\cfg/c64.cfg:15
__STARTUP__ (crt0.o):
    game.c.19380.0.o          game.c.19380.0.s:13
___bzero (memset.o):
    game.c.19380.0.o          game.c.19380.0.s:11142
    game.c.19380.0.o          game.c.19380.0.s:11142
_bl_bc (game.c.19380.0.o):
    blit.s.19380.2.o          D:\Claude\oddballz-c64\spikes\common\blit.s:42
_bl_col (game.c.19380.0.o):
    blit.s.19380.2.o          D:\Claude\oddballz-c64\spikes\common\blit.s:42
_bl_n (game.c.19380.0.o):
    blit.s.19380.2.o          D:\Claude\oddballz-c64\spikes\common\blit.s:42
_bl_ov (game.c.19380.0.o):
    blit.s.19380.2.o          D:\Claude\oddballz-c64\spikes\common\blit.s:42
_bl_rep (game.c.19380.0.o):
    blit.s.19380.2.o          D:\Claude\oddballz-c64\spikes\common\blit.s:42
_bl_src (game.c.19380.0.o):
    blit.s.19380.2.o          D:\Claude\oddballz-c64\spikes\common\blit.s:42
_bl_y (game.c.19380.0.o):
    blit.s.19380.2.o          D:\Claude\oddballz-c64\spikes\common\blit.s:42
_blit_col (blit.s.19380.2.o):
    game.c.19380.0.o          game.c.19380.0.s:64
_blit_text1 (blit.s.19380.2.o):
    game.c.19380.0.o          game.c.19380.0.s:73
_bt_col (game.c.19380.0.o):
    blit.s.19380.2.o          D:\Claude\oddballz-c64\spikes\common\blit.s:43
_bt_lcol (game.c.19380.0.o):
    blit.s.19380.2.o          D:\Claude\oddballz-c64\spikes\common\blit.s:43
_bt_lead (game.c.19380.0.o):
    blit.s.19380.2.o          D:\Claude\oddballz-c64\spikes\common\blit.s:43
_bt_lx (game.c.19380.0.o):
    blit.s.19380.2.o          D:\Claude\oddballz-c64\spikes\common\blit.s:43
_bt_n (game.c.19380.0.o):
    blit.s.19380.2.o          D:\Claude\oddballz-c64\spikes\common\blit.s:43
_bt_ov (game.c.19380.0.o):
    blit.s.19380.2.o          D:\Claude\oddballz-c64\spikes\common\blit.s:43
_bt_src (game.c.19380.0.o):
    blit.s.19380.2.o          D:\Claude\oddballz-c64\spikes\common\blit.s:43
_bt_y (game.c.19380.0.o):
    blit.s.19380.2.o          D:\Claude\oddballz-c64\spikes\common\blit.s:43
_main (game.c.19380.0.o):
    callmain.o                runtime/callmain.s:11
_memcpy (memcpy.o):
    game.c.19380.0.o          game.c.19380.0.s:14
_memset (memset.o):
    game.c.19380.0.o          game.c.19380.0.s:15
_stamp_ball_asm (stamp.s.19380.1.o):
    game.c.19380.0.o          game.c.19380.0.s:56
_stamp_bc (game.c.19380.0.o):
    stamp.s.19380.1.o         D:\Claude\oddballz-c64\spikes\common\stamp.s:28
_stamp_col (game.c.19380.0.o):
    stamp.s.19380.1.o         D:\Claude\oddballz-c64\spikes\common\stamp.s:28
_stamp_slot (game.c.19380.0.o):
    stamp.s.19380.1.o         D:\Claude\oddballz-c64\spikes\common\stamp.s:28
_stamp_y0 (game.c.19380.0.o):
    stamp.s.19380.1.o         D:\Claude\oddballz-c64\spikes\common\stamp.s:28
addeq0sp (addeqsp.o):
    game.c.19380.0.o          game.c.19380.0.s:11142
    game.c.19380.0.o          game.c.19380.0.s:11142
addeqysp (addeqsp.o):
    game.c.19380.0.o          game.c.19380.0.s:11142
    game.c.19380.0.o          game.c.19380.0.s:11142
    game.c.19380.0.o          game.c.19380.0.s:11142
addysp (addysp.o):
    incsp8.o                  runtime/incsp8.s:8
    incsp7.o                  runtime/incsp7.s:8
    incsp6.o                  runtime/incsp6.s:8
    incsp5.o                  runtime/incsp5.s:8
    incsp4.o                  runtime/incsp4.s:8
    incsp3.o                  runtime/incsp3.s:8
    game.c.19380.0.o          game.c.19380.0.s:11142
    game.c.19380.0.o          game.c.19380.0.s:11142
    game.c.19380.0.o          game.c.19380.0.s:11142
    game.c.19380.0.o          game.c.19380.0.s:11142
    game.c.19380.0.o          game.c.19380.0.s:11142
    game.c.19380.0.o          game.c.19380.0.s:11142
    game.c.19380.0.o          game.c.19380.0.s:11142
    game.c.19380.0.o          game.c.19380.0.s:11142
    game.c.19380.0.o          game.c.19380.0.s:11142
    game.c.19380.0.o          game.c.19380.0.s:11142
    game.c.19380.0.o          game.c.19380.0.s:11142
    game.c.19380.0.o          game.c.19380.0.s:11142
    game.c.19380.0.o          game.c.19380.0.s:11142
addysp1 (addysp.o):
    sub.o                     runtime/sub.s:8
    or.o                      runtime/or.s:9
    ludiv.o                   runtime/ludiv.s:9
    lsub.o                    runtime/lsub.s:11
    lmul.o                    runtime/lmul.s:9
aslax2 (aslax2.o):
    game.c.19380.0.o          game.c.19380.0.s:11142
    game.c.19380.0.o          game.c.19380.0.s:11142
    game.c.19380.0.o          game.c.19380.0.s:11142
    game.c.19380.0.o          game.c.19380.0.s:11142
aslax3 (aslax3.o):
    game.c.19380.0.o          game.c.19380.0.s:11142
    game.c.19380.0.o          game.c.19380.0.s:11142
    game.c.19380.0.o          game.c.19380.0.s:11142
aslax4 (aslax4.o):
    game.c.19380.0.o          game.c.19380.0.s:11142
asrax1 (asrax1.o):
    game.c.19380.0.o          game.c.19380.0.s:11142
    game.c.19380.0.o          game.c.19380.0.s:11142
    game.c.19380.0.o          game.c.19380.0.s:11142
    game.c.19380.0.o          game.c.19380.0.s:11142
    game.c.19380.0.o          game.c.19380.0.s:11142
    game.c.19380.0.o          game.c.19380.0.s:11142
    game.c.19380.0.o          game.c.19380.0.s:11142
asrax2 (asrax2.o):
    game.c.19380.0.o          game.c.19380.0.s:11142
    game.c.19380.0.o          game.c.19380.0.s:11142
    game.c.19380.0.o          game.c.19380.0.s:11142
    game.c.19380.0.o          game.c.19380.0.s:11142
asrax3 (asrax3.o):
    game.c.19380.0.o          game.c.19380.0.s:11142
axlong (axlong.o):
    game.c.19380.0.o          game.c.19380.0.s:11142
booleq (makebool.o):
    game.c.19380.0.o          game.c.19380.0.s:11142
boolgt (makebool.o):
    gt.o                      runtime/gt.s:8
boolle (makebool.o):
    lle.o                     runtime/lle.s:8
boollt (makebool.o):
    lt.o                      runtime/lt.s:8
boolne (makebool.o):
    game.c.19380.0.o          game.c.19380.0.s:11142
boolult (makebool.o):
    game.c.19380.0.o          game.c.19380.0.s:11142
    game.c.19380.0.o          game.c.19380.0.s:11142
    game.c.19380.0.o          game.c.19380.0.s:11142
    game.c.19380.0.o          game.c.19380.0.s:11142
    game.c.19380.0.o          game.c.19380.0.s:11142
    game.c.19380.0.o          game.c.19380.0.s:11142
    game.c.19380.0.o          game.c.19380.0.s:11142
c_sp (zeropage.o):
    lcmp.o                    runtime/lcmp.s:10
    subysp.o                  runtime/subysp.s:9
    sub.o                     runtime/sub.s:9
    staxspi.o                 runtime/staxspi.s:10
    staxsp.o                  runtime/staxsp.s:8
    staspidx.o                runtime/staspidx.s:9
    pushwsp.o                 runtime/pushwsp.s:8
    pushax.o                  runtime/pushax.s:8
    pusha.o                   runtime/pusha.s:8
    popptr1.o                 runtime/popptr1.s:9
    or.o                      runtime/or.s:10
    memset.o                  common/memset.s:20
    memcpy.o                  common/memcpy.s:15
    ludiv.o                   runtime/ludiv.s:10
    lsub.o                    runtime/lsub.s:12
    lpush.o                   runtime/lpush.s:13
    lmul.o                    runtime/lmul.s:10
    ldeaxysp.o                runtime/ldeaxysp.s:12
    incsp2.o                  runtime/incsp2.s:8
    incsp1.o                  runtime/incsp1.s:8
    icmp.o                    runtime/icmp.s:9
    decsp8.o                  runtime/decsp8.s:8
    decsp7.o                  runtime/decsp7.s:8
    decsp6.o                  runtime/decsp6.s:8
    decsp5.o                  runtime/decsp5.s:8
    decsp4.o                  runtime/decsp4.s:8
    decsp3.o                  runtime/decsp3.s:8
    decsp2.o                  runtime/decsp2.s:8
    decsp1.o                  runtime/decsp1.s:8
    crt0.o                    /home/runner/work/cc65/cc65/asminc/zeropage.inc:11
    addysp.o                  runtime/addysp.s:8
    addeqsp.o                 runtime/addeqsp.s:8
    add.o                     runtime/add.s:12
    game.c.19380.0.o          game.c.19380.0.s:10
callmain (callmain.o):
    crt0.o                    c64/crt0.s:9
decsp1 (decsp1.o):
    game.c.19380.0.o          game.c.19380.0.s:11142
    game.c.19380.0.o          game.c.19380.0.s:11142
    game.c.19380.0.o          game.c.19380.0.s:11142
    game.c.19380.0.o          game.c.19380.0.s:11142
    game.c.19380.0.o          game.c.19380.0.s:11142
    game.c.19380.0.o          game.c.19380.0.s:11142
    game.c.19380.0.o          game.c.19380.0.s:11142
    game.c.19380.0.o          game.c.19380.0.s:11142
    game.c.19380.0.o          game.c.19380.0.s:11142
    game.c.19380.0.o          game.c.19380.0.s:11142
    game.c.19380.0.o          game.c.19380.0.s:11142
    game.c.19380.0.o          game.c.19380.0.s:11142
    game.c.19380.0.o          game.c.19380.0.s:11142
    game.c.19380.0.o          game.c.19380.0.s:11142
    game.c.19380.0.o          game.c.19380.0.s:11142
    game.c.19380.0.o          game.c.19380.0.s:11142
    game.c.19380.0.o          game.c.19380.0.s:11142
    game.c.19380.0.o          game.c.19380.0.s:11142
decsp2 (decsp2.o):
    game.c.19380.0.o          game.c.19380.0.s:11142
    game.c.19380.0.o          game.c.19380.0.s:11142
    game.c.19380.0.o          game.c.19380.0.s:11142
    game.c.19380.0.o          game.c.19380.0.s:11142
    game.c.19380.0.o          game.c.19380.0.s:11142
    game.c.19380.0.o          game.c.19380.0.s:11142
    game.c.19380.0.o          game.c.19380.0.s:11142
    game.c.19380.0.o          game.c.19380.0.s:11142
    game.c.19380.0.o          game.c.19380.0.s:11142
    game.c.19380.0.o          game.c.19380.0.s:11142
    game.c.19380.0.o          game.c.19380.0.s:11142
    game.c.19380.0.o          game.c.19380.0.s:11142
decsp3 (decsp3.o):
    game.c.19380.0.o          game.c.19380.0.s:11142
    game.c.19380.0.o          game.c.19380.0.s:11142
    game.c.19380.0.o          game.c.19380.0.s:11142
    game.c.19380.0.o          game.c.19380.0.s:11142
    game.c.19380.0.o          game.c.19380.0.s:11142
    game.c.19380.0.o          game.c.19380.0.s:11142
    game.c.19380.0.o          game.c.19380.0.s:11142
    game.c.19380.0.o          game.c.19380.0.s:11142
    game.c.19380.0.o          game.c.19380.0.s:11142
    game.c.19380.0.o          game.c.19380.0.s:11142
decsp4 (decsp4.o):
    lpush.o                   runtime/lpush.s:12
    game.c.19380.0.o          game.c.19380.0.s:11142
    game.c.19380.0.o          game.c.19380.0.s:11142
    game.c.19380.0.o          game.c.19380.0.s:11142
    game.c.19380.0.o          game.c.19380.0.s:11142
    game.c.19380.0.o          game.c.19380.0.s:11142
decsp5 (decsp5.o):
    game.c.19380.0.o          game.c.19380.0.s:11142
    game.c.19380.0.o          game.c.19380.0.s:11142
    game.c.19380.0.o          game.c.19380.0.s:11142
    game.c.19380.0.o          game.c.19380.0.s:11142
    game.c.19380.0.o          game.c.19380.0.s:11142
    game.c.19380.0.o          game.c.19380.0.s:11142
decsp6 (decsp6.o):
    game.c.19380.0.o          game.c.19380.0.s:11142
    game.c.19380.0.o          game.c.19380.0.s:11142
    game.c.19380.0.o          game.c.19380.0.s:11142
    game.c.19380.0.o          game.c.19380.0.s:11142
    game.c.19380.0.o          game.c.19380.0.s:11142
    game.c.19380.0.o          game.c.19380.0.s:11142
    game.c.19380.0.o          game.c.19380.0.s:11142
    game.c.19380.0.o          game.c.19380.0.s:11142
    game.c.19380.0.o          game.c.19380.0.s:11142
    game.c.19380.0.o          game.c.19380.0.s:11142
    game.c.19380.0.o          game.c.19380.0.s:11142
    game.c.19380.0.o          game.c.19380.0.s:11142
decsp7 (decsp7.o):
    game.c.19380.0.o          game.c.19380.0.s:11142
    game.c.19380.0.o          game.c.19380.0.s:11142
decsp8 (decsp8.o):
    game.c.19380.0.o          game.c.19380.0.s:11142
    game.c.19380.0.o          game.c.19380.0.s:11142
donelib (condes.o):
    crt0.o                    c64/crt0.s:8
incsp1 (incsp1.o):
    game.c.19380.0.o          game.c.19380.0.s:11142
    game.c.19380.0.o          game.c.19380.0.s:11142
    game.c.19380.0.o          game.c.19380.0.s:11142
    game.c.19380.0.o          game.c.19380.0.s:11142
    game.c.19380.0.o          game.c.19380.0.s:11142
    game.c.19380.0.o          game.c.19380.0.s:11142
    game.c.19380.0.o          game.c.19380.0.s:11142
    game.c.19380.0.o          game.c.19380.0.s:11142
    game.c.19380.0.o          game.c.19380.0.s:11142
    game.c.19380.0.o          game.c.19380.0.s:11142
    game.c.19380.0.o          game.c.19380.0.s:11142
    game.c.19380.0.o          game.c.19380.0.s:11142
    game.c.19380.0.o          game.c.19380.0.s:11142
    game.c.19380.0.o          game.c.19380.0.s:11142
    game.c.19380.0.o          game.c.19380.0.s:11142
    game.c.19380.0.o          game.c.19380.0.s:11142
    game.c.19380.0.o          game.c.19380.0.s:11142
    game.c.19380.0.o          game.c.19380.0.s:11142
    game.c.19380.0.o          game.c.19380.0.s:11142
    game.c.19380.0.o          game.c.19380.0.s:11142
incsp2 (incsp2.o):
    staxspi.o                 runtime/staxspi.s:9
    staspidx.o                runtime/staspidx.s:8
    popptr1.o                 runtime/popptr1.s:8
    game.c.19380.0.o          game.c.19380.0.s:11142
    game.c.19380.0.o          game.c.19380.0.s:11142
    game.c.19380.0.o          game.c.19380.0.s:11142
    game.c.19380.0.o          game.c.19380.0.s:11142
    game.c.19380.0.o          game.c.19380.0.s:11142
    game.c.19380.0.o          game.c.19380.0.s:11142
    game.c.19380.0.o          game.c.19380.0.s:11142
    game.c.19380.0.o          game.c.19380.0.s:11142
    game.c.19380.0.o          game.c.19380.0.s:11142
    game.c.19380.0.o          game.c.19380.0.s:11142
    game.c.19380.0.o          game.c.19380.0.s:11142
    game.c.19380.0.o          game.c.19380.0.s:11142
    game.c.19380.0.o          game.c.19380.0.s:11142
    game.c.19380.0.o          game.c.19380.0.s:11142
    game.c.19380.0.o          game.c.19380.0.s:11142
    game.c.19380.0.o          game.c.19380.0.s:11142
    game.c.19380.0.o          game.c.19380.0.s:11142
    game.c.19380.0.o          game.c.19380.0.s:11142
    game.c.19380.0.o          game.c.19380.0.s:11142
    game.c.19380.0.o          game.c.19380.0.s:11142
    game.c.19380.0.o          game.c.19380.0.s:11142
    game.c.19380.0.o          game.c.19380.0.s:11142
    game.c.19380.0.o          game.c.19380.0.s:11142
    game.c.19380.0.o          game.c.19380.0.s:11142
incsp3 (incsp3.o):
    game.c.19380.0.o          game.c.19380.0.s:11142
    game.c.19380.0.o          game.c.19380.0.s:11142
    game.c.19380.0.o          game.c.19380.0.s:11142
    game.c.19380.0.o          game.c.19380.0.s:11142
    game.c.19380.0.o          game.c.19380.0.s:11142
    game.c.19380.0.o          game.c.19380.0.s:11142
    game.c.19380.0.o          game.c.19380.0.s:11142
    game.c.19380.0.o          game.c.19380.0.s:11142
    game.c.19380.0.o          game.c.19380.0.s:11142
    game.c.19380.0.o          game.c.19380.0.s:11142
incsp4 (incsp4.o):
    lcmp.o                    runtime/lcmp.s:9
    game.c.19380.0.o          game.c.19380.0.s:11142
    game.c.19380.0.o          game.c.19380.0.s:11142
    game.c.19380.0.o          game.c.19380.0.s:11142
    game.c.19380.0.o          game.c.19380.0.s:11142
    game.c.19380.0.o          game.c.19380.0.s:11142
    game.c.19380.0.o          game.c.19380.0.s:11142
    game.c.19380.0.o          game.c.19380.0.s:11142
incsp5 (incsp5.o):
    game.c.19380.0.o          game.c.19380.0.s:11142
    game.c.19380.0.o          game.c.19380.0.s:11142
incsp6 (incsp6.o):
    game.c.19380.0.o          game.c.19380.0.s:11142
    game.c.19380.0.o          game.c.19380.0.s:11142
    game.c.19380.0.o          game.c.19380.0.s:11142
    game.c.19380.0.o          game.c.19380.0.s:11142
incsp7 (incsp7.o):
    game.c.19380.0.o          game.c.19380.0.s:11142
    game.c.19380.0.o          game.c.19380.0.s:11142
    game.c.19380.0.o          game.c.19380.0.s:11142
    game.c.19380.0.o          game.c.19380.0.s:11142
    game.c.19380.0.o          game.c.19380.0.s:11142
    game.c.19380.0.o          game.c.19380.0.s:11142
    game.c.19380.0.o          game.c.19380.0.s:11142
incsp8 (incsp8.o):
    game.c.19380.0.o          game.c.19380.0.s:11142
    game.c.19380.0.o          game.c.19380.0.s:11142
initlib (condes.o):
    crt0.o                    c64/crt0.s:8
ldaidx (ldai.o):
    game.c.19380.0.o          game.c.19380.0.s:11142
    game.c.19380.0.o          game.c.19380.0.s:11142
    game.c.19380.0.o          game.c.19380.0.s:11142
    game.c.19380.0.o          game.c.19380.0.s:11142
    game.c.19380.0.o          game.c.19380.0.s:11142
    game.c.19380.0.o          game.c.19380.0.s:11142
    game.c.19380.0.o          game.c.19380.0.s:11142
    game.c.19380.0.o          game.c.19380.0.s:11142
    game.c.19380.0.o          game.c.19380.0.s:11142
    game.c.19380.0.o          game.c.19380.0.s:11142
    game.c.19380.0.o          game.c.19380.0.s:11142
    game.c.19380.0.o          game.c.19380.0.s:11142
    game.c.19380.0.o          game.c.19380.0.s:11142
    game.c.19380.0.o          game.c.19380.0.s:11142
ldeaxysp (ldeaxysp.o):
    game.c.19380.0.o          game.c.19380.0.s:11142
mul8x16 (mul8.o):
    mul.o                     runtime/mul.s:8
mul8x16a (mul8.o):
    mul.o                     runtime/mul.s:8
mulax10 (mulax10.o):
    game.c.19380.0.o          game.c.19380.0.s:11142
    game.c.19380.0.o          game.c.19380.0.s:11142
    game.c.19380.0.o          game.c.19380.0.s:11142
    game.c.19380.0.o          game.c.19380.0.s:11142
mulax3 (mulax3.o):
    game.c.19380.0.o          game.c.19380.0.s:11142
    game.c.19380.0.o          game.c.19380.0.s:11142
    game.c.19380.0.o          game.c.19380.0.s:11142
mulax5 (mulax5.o):
    game.c.19380.0.o          game.c.19380.0.s:11142
    game.c.19380.0.o          game.c.19380.0.s:11142
    game.c.19380.0.o          game.c.19380.0.s:11142
    game.c.19380.0.o          game.c.19380.0.s:11142
negax (negabs.o):
    shelp.o                   runtime/shelp.s:11
    div.o                     runtime/div.s:11
    game.c.19380.0.o          game.c.19380.0.s:11142
    game.c.19380.0.o          game.c.19380.0.s:11142
popax (incsp2.o):
    shl.o                     runtime/shl.s:15
    shelp.o                   runtime/shelp.s:11
    memset.o                  common/memset.s:19
    memcpy.o                  common/memcpy.s:14
popptr1 (popptr1.o):
    umod.o                    runtime/umod.s:8
    udiv.o                    runtime/udiv.s:9
    mul8.o                    runtime/mul8.s:9
    mul.o                     runtime/mul.s:9
    memcpy.o                  common/memcpy.s:14
popsargsudiv16 (shelp.o):
    div.o                     runtime/div.s:11
ptr1 (zeropage.o):
    lcmp.o                    runtime/lcmp.s:10
    zerobss.o                 common/zerobss.s:9
    udiv.o                    runtime/udiv.s:10
    staxspi.o                 runtime/staxspi.s:10
    staspidx.o                runtime/staspidx.s:9
    shelp.o                   runtime/shelp.s:12
    popptr1.o                 runtime/popptr1.s:9
    mulax5.o                  runtime/mulax5.s:9
    mulax3.o                  runtime/mulax3.s:9
    mulax10.o                 runtime/mulax10.s:9
    mul8.o                    runtime/mul8.s:10
    mul.o                     runtime/mul.s:10
    memset.o                  common/memset.s:20
    memcpy.o                  common/memcpy.s:15
    ludiv.o                   runtime/ludiv.s:10
    lmul.o                    runtime/lmul.s:10
    ldai.o                    runtime/ldai.s:8
    div.o                     runtime/div.s:12
    blit.s.19380.2.o          D:\Claude\oddballz-c64\vendor\cc65\asminc/zeropage.inc:12
    stamp.s.19380.1.o         D:\Claude\oddballz-c64\vendor\cc65\asminc/zeropage.inc:12
    game.c.19380.0.o          game.c.19380.0.s:11
ptr2 (zeropage.o):
    memset.o                  common/memset.s:20
    memcpy.o                  common/memcpy.s:15
    ludiv.o                   runtime/ludiv.s:10
    blit.s.19380.2.o          D:\Claude\oddballz-c64\vendor\cc65\asminc/zeropage.inc:12
    stamp.s.19380.1.o         D:\Claude\oddballz-c64\vendor\cc65\asminc/zeropage.inc:12
    game.c.19380.0.o          game.c.19380.0.s:11
ptr3 (zeropage.o):
    memset.o                  common/memset.s:20
    memcpy.o                  common/memcpy.s:15
    ludiv.o                   runtime/ludiv.s:10
    lmul.o                    runtime/lmul.s:10
    blit.s.19380.2.o          D:\Claude\oddballz-c64\vendor\cc65\asminc/zeropage.inc:12
    stamp.s.19380.1.o         D:\Claude\oddballz-c64\vendor\cc65\asminc/zeropage.inc:12
ptr4 (zeropage.o):
    umod.o                    runtime/umod.s:9
    udiv.o                    runtime/udiv.s:10
    shelp.o                   runtime/shelp.s:12
    mul8.o                    runtime/mul8.s:10
    mul.o                     runtime/mul.s:10
    ludiv.o                   runtime/ludiv.s:10
    lmul.o                    runtime/lmul.s:10
    blit.s.19380.2.o          D:\Claude\oddballz-c64\vendor\cc65\asminc/zeropage.inc:12
    stamp.s.19380.1.o         D:\Claude\oddballz-c64\vendor\cc65\asminc/zeropage.inc:12
push0 (pushax.o):
    game.c.19380.0.o          game.c.19380.0.s:11142
    game.c.19380.0.o          game.c.19380.0.s:11142
push0ax (lpush.o):
    game.c.19380.0.o          game.c.19380.0.s:11142
pusha (pusha.o):
    game.c.19380.0.o          game.c.19380.0.s:11142
    game.c.19380.0.o          game.c.19380.0.s:11142
    game.c.19380.0.o          game.c.19380.0.s:11142
    game.c.19380.0.o          game.c.19380.0.s:11142
    game.c.19380.0.o          game.c.19380.0.s:11142
    game.c.19380.0.o          game.c.19380.0.s:11142
    game.c.19380.0.o          game.c.19380.0.s:11142
    game.c.19380.0.o          game.c.19380.0.s:11142
    game.c.19380.0.o          game.c.19380.0.s:11142
    game.c.19380.0.o          game.c.19380.0.s:11142
    game.c.19380.0.o          game.c.19380.0.s:11142
    game.c.19380.0.o          game.c.19380.0.s:11142
    game.c.19380.0.o          game.c.19380.0.s:11142
    game.c.19380.0.o          game.c.19380.0.s:11142
    game.c.19380.0.o          game.c.19380.0.s:11142
    game.c.19380.0.o          game.c.19380.0.s:11142
    game.c.19380.0.o          game.c.19380.0.s:11142
    game.c.19380.0.o          game.c.19380.0.s:11142
    game.c.19380.0.o          game.c.19380.0.s:11142
    game.c.19380.0.o          game.c.19380.0.s:11142
    game.c.19380.0.o          game.c.19380.0.s:11142
    game.c.19380.0.o          game.c.19380.0.s:11142
    game.c.19380.0.o          game.c.19380.0.s:11142
    game.c.19380.0.o          game.c.19380.0.s:11142
    game.c.19380.0.o          game.c.19380.0.s:11142
    game.c.19380.0.o          game.c.19380.0.s:11142
    game.c.19380.0.o          game.c.19380.0.s:11142
    game.c.19380.0.o          game.c.19380.0.s:11142
    game.c.19380.0.o          game.c.19380.0.s:11142
    game.c.19380.0.o          game.c.19380.0.s:11142
    game.c.19380.0.o          game.c.19380.0.s:11142
    game.c.19380.0.o          game.c.19380.0.s:11142
    game.c.19380.0.o          game.c.19380.0.s:11142
    game.c.19380.0.o          game.c.19380.0.s:11142
    game.c.19380.0.o          game.c.19380.0.s:11142
    game.c.19380.0.o          game.c.19380.0.s:11142
    game.c.19380.0.o          game.c.19380.0.s:11142
    game.c.19380.0.o          game.c.19380.0.s:11142
    game.c.19380.0.o          game.c.19380.0.s:11142
    game.c.19380.0.o          game.c.19380.0.s:11142
    game.c.19380.0.o          game.c.19380.0.s:11142
    game.c.19380.0.o          game.c.19380.0.s:11142
    game.c.19380.0.o          game.c.19380.0.s:11142
    game.c.19380.0.o          game.c.19380.0.s:11142
    game.c.19380.0.o          game.c.19380.0.s:11142
    game.c.19380.0.o          game.c.19380.0.s:11142
    game.c.19380.0.o          game.c.19380.0.s:11142
pusha0 (pushax.o):
    game.c.19380.0.o          game.c.19380.0.s:11142
    game.c.19380.0.o          game.c.19380.0.s:11142
    game.c.19380.0.o          game.c.19380.0.s:11142
    game.c.19380.0.o          game.c.19380.0.s:11142
    game.c.19380.0.o          game.c.19380.0.s:11142
    game.c.19380.0.o          game.c.19380.0.s:11142
    game.c.19380.0.o          game.c.19380.0.s:11142
    game.c.19380.0.o          game.c.19380.0.s:11142
    game.c.19380.0.o          game.c.19380.0.s:11142
    game.c.19380.0.o          game.c.19380.0.s:11142
    game.c.19380.0.o          game.c.19380.0.s:11142
    game.c.19380.0.o          game.c.19380.0.s:11142
pushax (pushax.o):
    callmain.o                runtime/callmain.s:11
    game.c.19380.0.o          game.c.19380.0.s:11142
    game.c.19380.0.o          game.c.19380.0.s:11142
    game.c.19380.0.o          game.c.19380.0.s:11142
    game.c.19380.0.o          game.c.19380.0.s:11142
    game.c.19380.0.o          game.c.19380.0.s:11142
    game.c.19380.0.o          game.c.19380.0.s:11142
    game.c.19380.0.o          game.c.19380.0.s:11142
    game.c.19380.0.o          game.c.19380.0.s:11142
    game.c.19380.0.o          game.c.19380.0.s:11142
    game.c.19380.0.o          game.c.19380.0.s:11142
    game.c.19380.0.o          game.c.19380.0.s:11142
    game.c.19380.0.o          game.c.19380.0.s:11142
    game.c.19380.0.o          game.c.19380.0.s:11142
    game.c.19380.0.o          game.c.19380.0.s:11142
    game.c.19380.0.o          game.c.19380.0.s:11142
    game.c.19380.0.o          game.c.19380.0.s:11142
    game.c.19380.0.o          game.c.19380.0.s:11142
    game.c.19380.0.o          game.c.19380.0.s:11142
    game.c.19380.0.o          game.c.19380.0.s:11142
    game.c.19380.0.o          game.c.19380.0.s:11142
    game.c.19380.0.o          game.c.19380.0.s:11142
    game.c.19380.0.o          game.c.19380.0.s:11142
    game.c.19380.0.o          game.c.19380.0.s:11142
    game.c.19380.0.o          game.c.19380.0.s:11142
    game.c.19380.0.o          game.c.19380.0.s:11142
    game.c.19380.0.o          game.c.19380.0.s:11142
    game.c.19380.0.o          game.c.19380.0.s:11142
    game.c.19380.0.o          game.c.19380.0.s:11142
    game.c.19380.0.o          game.c.19380.0.s:11142
    game.c.19380.0.o          game.c.19380.0.s:11142
    game.c.19380.0.o          game.c.19380.0.s:11142
pusheax (lpush.o):
    game.c.19380.0.o          game.c.19380.0.s:11142
    game.c.19380.0.o          game.c.19380.0.s:11142
pushw0sp (pushwsp.o):
    game.c.19380.0.o          game.c.19380.0.s:11142
pushwysp (pushwsp.o):
    game.c.19380.0.o          game.c.19380.0.s:11142
    game.c.19380.0.o          game.c.19380.0.s:11142
    game.c.19380.0.o          game.c.19380.0.s:11142
    game.c.19380.0.o          game.c.19380.0.s:11142
    game.c.19380.0.o          game.c.19380.0.s:11142
    game.c.19380.0.o          game.c.19380.0.s:11142
    game.c.19380.0.o          game.c.19380.0.s:11142
    game.c.19380.0.o          game.c.19380.0.s:11142
    game.c.19380.0.o          game.c.19380.0.s:11142
regsave (zeropage.o):
    game.c.19380.0.o          game.c.19380.0.s:10
shlax2 (aslax2.o):
    game.c.19380.0.o          game.c.19380.0.s:11142
    game.c.19380.0.o          game.c.19380.0.s:11142
    game.c.19380.0.o          game.c.19380.0.s:11142
shlax3 (aslax3.o):
    game.c.19380.0.o          game.c.19380.0.s:11142
    game.c.19380.0.o          game.c.19380.0.s:11142
shlax4 (aslax4.o):
    game.c.19380.0.o          game.c.19380.0.s:11142
    game.c.19380.0.o          game.c.19380.0.s:11142
    game.c.19380.0.o          game.c.19380.0.s:11142
    game.c.19380.0.o          game.c.19380.0.s:11142
    game.c.19380.0.o          game.c.19380.0.s:11142
    game.c.19380.0.o          game.c.19380.0.s:11142
    game.c.19380.0.o          game.c.19380.0.s:11142
    game.c.19380.0.o          game.c.19380.0.s:11142
    game.c.19380.0.o          game.c.19380.0.s:11142
    game.c.19380.0.o          game.c.19380.0.s:11142
    game.c.19380.0.o          game.c.19380.0.s:11142
    game.c.19380.0.o          game.c.19380.0.s:11142
    game.c.19380.0.o          game.c.19380.0.s:11142
shlaxy (shl.o):
    game.c.19380.0.o          game.c.19380.0.s:11142
shrax2 (shrax2.o):
    game.c.19380.0.o          game.c.19380.0.s:11142
shrax3 (shrax3.o):
    game.c.19380.0.o          game.c.19380.0.s:11142
sreg (zeropage.o):
    lcmp.o                    runtime/lcmp.s:10
    umod.o                    runtime/umod.s:9
    udiv.o                    runtime/udiv.s:10
    ludiv.o                   runtime/ludiv.s:10
    lsub.o                    runtime/lsub.s:12
    lpush.o                   runtime/lpush.s:13
    lmul.o                    runtime/lmul.s:10
    ldeaxysp.o                runtime/ldeaxysp.s:12
    icmp.o                    runtime/icmp.s:9
    axlong.o                  runtime/axlong.s:9
    blit.s.19380.2.o          D:\Claude\oddballz-c64\vendor\cc65\asminc/zeropage.inc:11
    stamp.s.19380.1.o         D:\Claude\oddballz-c64\vendor\cc65\asminc/zeropage.inc:11
    game.c.19380.0.o          game.c.19380.0.s:10
staspidx (staspidx.o):
    game.c.19380.0.o          game.c.19380.0.s:11142
    game.c.19380.0.o          game.c.19380.0.s:11142
    game.c.19380.0.o          game.c.19380.0.s:11142
    game.c.19380.0.o          game.c.19380.0.s:11142
    game.c.19380.0.o          game.c.19380.0.s:11142
    game.c.19380.0.o          game.c.19380.0.s:11142
    game.c.19380.0.o          game.c.19380.0.s:11142
    game.c.19380.0.o          game.c.19380.0.s:11142
stax0sp (staxsp.o):
    game.c.19380.0.o          game.c.19380.0.s:11142
    game.c.19380.0.o          game.c.19380.0.s:11142
staxspidx (staxspi.o):
    game.c.19380.0.o          game.c.19380.0.s:11142
    game.c.19380.0.o          game.c.19380.0.s:11142
staxysp (staxsp.o):
    game.c.19380.0.o          game.c.19380.0.s:11142
    game.c.19380.0.o          game.c.19380.0.s:11142
    game.c.19380.0.o          game.c.19380.0.s:11142
    game.c.19380.0.o          game.c.19380.0.s:11142
subysp (subysp.o):
    game.c.19380.0.o          game.c.19380.0.s:11142
    game.c.19380.0.o          game.c.19380.0.s:11142
    game.c.19380.0.o          game.c.19380.0.s:11142
    game.c.19380.0.o          game.c.19380.0.s:11142
    game.c.19380.0.o          game.c.19380.0.s:11142
    game.c.19380.0.o          game.c.19380.0.s:11142
tmp1 (zeropage.o):
    staxspi.o                 runtime/staxspi.s:10
    staspidx.o                runtime/staspidx.s:9
    shrax3.o                  runtime/shrax3.s:8
    shrax2.o                  runtime/shrax2.s:8
    shl.o                     runtime/shl.s:16
    shelp.o                   runtime/shelp.s:12
    or.o                      runtime/or.s:10
    mul.o                     runtime/mul.s:10
    div.o                     runtime/div.s:12
    asrax3.o                  runtime/asrax3.s:9
    asrax2.o                  runtime/asrax2.s:8
    asrax1.o                  runtime/asrax1.s:8
    aslax4.o                  runtime/aslax4.s:8
    aslax3.o                  runtime/aslax3.s:8
    aslax2.o                  runtime/aslax2.s:8
    add.o                     runtime/add.s:12
    blit.s.19380.2.o          D:\Claude\oddballz-c64\vendor\cc65\asminc/zeropage.inc:13
    stamp.s.19380.1.o         D:\Claude\oddballz-c64\vendor\cc65\asminc/zeropage.inc:13
    game.c.19380.0.o          game.c.19380.0.s:11
tmp2 (zeropage.o):
    shelp.o                   runtime/shelp.s:12
    lmul.o                    runtime/lmul.s:10
    div.o                     runtime/div.s:12
    blit.s.19380.2.o          D:\Claude\oddballz-c64\vendor\cc65\asminc/zeropage.inc:13
    stamp.s.19380.1.o         D:\Claude\oddballz-c64\vendor\cc65\asminc/zeropage.inc:13
tmp3 (zeropage.o):
    ludiv.o                   runtime/ludiv.s:10
    lmul.o                    runtime/lmul.s:10
    blit.s.19380.2.o          D:\Claude\oddballz-c64\vendor\cc65\asminc/zeropage.inc:13
    stamp.s.19380.1.o         D:\Claude\oddballz-c64\vendor\cc65\asminc/zeropage.inc:13
tmp4 (zeropage.o):
    ludiv.o                   runtime/ludiv.s:10
    lmul.o                    runtime/lmul.s:10
    blit.s.19380.2.o          D:\Claude\oddballz-c64\vendor\cc65\asminc/zeropage.inc:13
    stamp.s.19380.1.o         D:\Claude\oddballz-c64\vendor\cc65\asminc/zeropage.inc:13
tosadda0 (add.o):
    game.c.19380.0.o          game.c.19380.0.s:11142
tosaddax (add.o):
    game.c.19380.0.o          game.c.19380.0.s:11142
    game.c.19380.0.o          game.c.19380.0.s:11142
    game.c.19380.0.o          game.c.19380.0.s:11142
    game.c.19380.0.o          game.c.19380.0.s:11142
    game.c.19380.0.o          game.c.19380.0.s:11142
    game.c.19380.0.o          game.c.19380.0.s:11142
    game.c.19380.0.o          game.c.19380.0.s:11142
tosaslax (shl.o):
    game.c.19380.0.o          game.c.19380.0.s:11142
    game.c.19380.0.o          game.c.19380.0.s:11142
tosdiva0 (div.o):
    game.c.19380.0.o          game.c.19380.0.s:11142
tosgtax (gt.o):
    game.c.19380.0.o          game.c.19380.0.s:11142
tosicmp (icmp.o):
    lt.o                      runtime/lt.s:8
    gt.o                      runtime/gt.s:8
    game.c.19380.0.o          game.c.19380.0.s:11142
    game.c.19380.0.o          game.c.19380.0.s:11142
    game.c.19380.0.o          game.c.19380.0.s:11142
    game.c.19380.0.o          game.c.19380.0.s:11142
    game.c.19380.0.o          game.c.19380.0.s:11142
    game.c.19380.0.o          game.c.19380.0.s:11142
    game.c.19380.0.o          game.c.19380.0.s:11142
toslcmp (lcmp.o):
    lle.o                     runtime/lle.s:8
tosleeax (lle.o):
    game.c.19380.0.o          game.c.19380.0.s:11142
tosltax (lt.o):
    game.c.19380.0.o          game.c.19380.0.s:11142
tosmula0 (mul8.o):
    game.c.19380.0.o          game.c.19380.0.s:11142
    game.c.19380.0.o          game.c.19380.0.s:11142
    game.c.19380.0.o          game.c.19380.0.s:11142
    game.c.19380.0.o          game.c.19380.0.s:11142
    game.c.19380.0.o          game.c.19380.0.s:11142
    game.c.19380.0.o          game.c.19380.0.s:11142
tosmulax (mul.o):
    game.c.19380.0.o          game.c.19380.0.s:11142
    game.c.19380.0.o          game.c.19380.0.s:11142
tosmuleax (lmul.o):
    game.c.19380.0.o          game.c.19380.0.s:11142
tosora0 (or.o):
    game.c.19380.0.o          game.c.19380.0.s:11142
    game.c.19380.0.o          game.c.19380.0.s:11142
tossuba0 (sub.o):
    game.c.19380.0.o          game.c.19380.0.s:11142
    game.c.19380.0.o          game.c.19380.0.s:11142
    game.c.19380.0.o          game.c.19380.0.s:11142
tossubax (sub.o):
    game.c.19380.0.o          game.c.19380.0.s:11142
    game.c.19380.0.o          game.c.19380.0.s:11142
    game.c.19380.0.o          game.c.19380.0.s:11142
    game.c.19380.0.o          game.c.19380.0.s:11142
    game.c.19380.0.o          game.c.19380.0.s:11142
    game.c.19380.0.o          game.c.19380.0.s:11142
    game.c.19380.0.o          game.c.19380.0.s:11142
    game.c.19380.0.o          game.c.19380.0.s:11142
    game.c.19380.0.o          game.c.19380.0.s:11142
    game.c.19380.0.o          game.c.19380.0.s:11142
    game.c.19380.0.o          game.c.19380.0.s:11142
tossubeax (lsub.o):
    game.c.19380.0.o          game.c.19380.0.s:11142
tosudiv0ax (ludiv.o):
    game.c.19380.0.o          game.c.19380.0.s:11142
tosudiva0 (udiv.o):
    game.c.19380.0.o          game.c.19380.0.s:11142
    game.c.19380.0.o          game.c.19380.0.s:11142
tosudivax (udiv.o):
    game.c.19380.0.o          game.c.19380.0.s:11142
tosumoda0 (umod.o):
    game.c.19380.0.o          game.c.19380.0.s:11142
    game.c.19380.0.o          game.c.19380.0.s:11142
    game.c.19380.0.o          game.c.19380.0.s:11142
    game.c.19380.0.o          game.c.19380.0.s:11142
tosumodax (umod.o):
    game.c.19380.0.o          game.c.19380.0.s:11142
tosumul0ax (lmul.o):
    game.c.19380.0.o          game.c.19380.0.s:11142
tosumula0 (mul8.o):
    game.c.19380.0.o          game.c.19380.0.s:11142
    game.c.19380.0.o          game.c.19380.0.s:11142
    game.c.19380.0.o          game.c.19380.0.s:11142
tosumulax (mul.o):
    game.c.19380.0.o          game.c.19380.0.s:11142
    game.c.19380.0.o          game.c.19380.0.s:11142
udiv16 (udiv.o):
    umod.o                    runtime/umod.s:8
    shelp.o                   runtime/shelp.s:11
zerobss (zerobss.o):
    crt0.o                    c64/crt0.s:9

